    1C
    1UHash: q4KbbXcS, Date: 03/09/2026, Unit system: M_KG_S_C           
    1UUSER                                                              
    1UDATE              09.march.2026                                   
    1UTIME              19:23:14                                        
    1UHOST                                                              
    1UPGM               CalculiX                                        
    1UVERSION           Version 2.23                             
    1UCOMPILETIME       Sun Jan 11 00:39:44 CET 2026                    
    1UDIR                                                               
    1UDBN                                                               
    1UMAT    1S235                                                      
    2C                           203                                     1
 -1         1-1.00000E+00 7.50000E-02-5.00000E-02
 -1         2-1.00000E+00-7.50000E-02-5.00000E-02
 -1         3 1.00000E+00-7.50000E-02-5.00000E-02
 -1         4 1.00000E+00 7.50000E-02-5.00000E-02
 -1         5 1.00000E+00-7.50000E-02 5.00000E-02
 -1         6 1.00000E+00 7.50000E-02 5.00000E-02
 -1         7-1.00000E+00-7.50000E-02 5.00000E-02
 -1         8-1.00000E+00 7.50000E-02 5.00000E-02
 -1         9-1.00000E+00 1.11022E-16-5.00000E-02
 -1        10-1.00000E+00 3.75000E-02-5.00000E-02
 -1        11-1.00000E+00-3.75000E-02-5.00000E-02
 -1        12-8.00000E-01-7.50000E-02-5.00000E-02
 -1        13-6.00000E-01-7.50000E-02-5.00000E-02
 -1        14-4.00000E-01-7.50000E-02-5.00000E-02
 -1        15-2.00000E-01-7.50000E-02-5.00000E-02
 -1        16 0.00000E+00-7.50000E-02-5.00000E-02
 -1        17 2.00000E-01-7.50000E-02-5.00000E-02
 -1        18 4.00000E-01-7.50000E-02-5.00000E-02
 -1        19 6.00000E-01-7.50000E-02-5.00000E-02
 -1        20 8.00000E-01-7.50000E-02-5.00000E-02
 -1        21-9.00000E-01-7.50000E-02-5.00000E-02
 -1        22-7.00000E-01-7.50000E-02-5.00000E-02
 -1        23-5.00000E-01-7.50000E-02-5.00000E-02
 -1        24-3.00000E-01-7.50000E-02-5.00000E-02
 -1        25-1.00000E-01-7.50000E-02-5.00000E-02
 -1        26 1.00000E-01-7.50000E-02-5.00000E-02
 -1        27 3.00000E-01-7.50000E-02-5.00000E-02
 -1        28 5.00000E-01-7.50000E-02-5.00000E-02
 -1        29 7.00000E-01-7.50000E-02-5.00000E-02
 -1        30 9.00000E-01-7.50000E-02-5.00000E-02
 -1        31 1.00000E+00 1.11022E-16-5.00000E-02
 -1        32 1.00000E+00 3.75000E-02-5.00000E-02
 -1        33 1.00000E+00-3.75000E-02-5.00000E-02
 -1        34-8.00000E-01 7.50000E-02-5.00000E-02
 -1        35-6.00000E-01 7.50000E-02-5.00000E-02
 -1        36-4.00000E-01 7.50000E-02-5.00000E-02
 -1        37-2.00000E-01 7.50000E-02-5.00000E-02
 -1        38 0.00000E+00 7.50000E-02-5.00000E-02
 -1        39 2.00000E-01 7.50000E-02-5.00000E-02
 -1        40 4.00000E-01 7.50000E-02-5.00000E-02
 -1        41 6.00000E-01 7.50000E-02-5.00000E-02
 -1        42 8.00000E-01 7.50000E-02-5.00000E-02
 -1        43-9.00000E-01 7.50000E-02-5.00000E-02
 -1        44-7.00000E-01 7.50000E-02-5.00000E-02
 -1        45-5.00000E-01 7.50000E-02-5.00000E-02
 -1        46-3.00000E-01 7.50000E-02-5.00000E-02
 -1        47-1.00000E-01 7.50000E-02-5.00000E-02
 -1        48 1.00000E-01 7.50000E-02-5.00000E-02
 -1        49 3.00000E-01 7.50000E-02-5.00000E-02
 -1        50 5.00000E-01 7.50000E-02-5.00000E-02
 -1        51 7.00000E-01 7.50000E-02-5.00000E-02
 -1        52 9.00000E-01 7.50000E-02-5.00000E-02
 -1        53 1.00000E+00-7.50000E-02 0.00000E+00
 -1        54 1.00000E+00 1.11022E-16 5.00000E-02
 -1        55 1.00000E+00 3.75000E-02 5.00000E-02
 -1        56 1.00000E+00-3.75000E-02 5.00000E-02
 -1        57 1.00000E+00 7.50000E-02 0.00000E+00
 -1        58 8.00000E-01-7.50000E-02 5.00000E-02
 -1        59 6.00000E-01-7.50000E-02 5.00000E-02
 -1        60 4.00000E-01-7.50000E-02 5.00000E-02
 -1        61 2.00000E-01-7.50000E-02 5.00000E-02
 -1        62 0.00000E+00-7.50000E-02 5.00000E-02
 -1        63-2.00000E-01-7.50000E-02 5.00000E-02
 -1        64-4.00000E-01-7.50000E-02 5.00000E-02
 -1        65-6.00000E-01-7.50000E-02 5.00000E-02
 -1        66-8.00000E-01-7.50000E-02 5.00000E-02
 -1        67 9.00000E-01-7.50000E-02 5.00000E-02
 -1        68 7.00000E-01-7.50000E-02 5.00000E-02
 -1        69 5.00000E-01-7.50000E-02 5.00000E-02
 -1        70 3.00000E-01-7.50000E-02 5.00000E-02
 -1        71 1.00000E-01-7.50000E-02 5.00000E-02
 -1        72-1.00000E-01-7.50000E-02 5.00000E-02
 -1        73-3.00000E-01-7.50000E-02 5.00000E-02
 -1        74-5.00000E-01-7.50000E-02 5.00000E-02
 -1        75-7.00000E-01-7.50000E-02 5.00000E-02
 -1        76-9.00000E-01-7.50000E-02 5.00000E-02
 -1        77-1.00000E+00 1.11022E-16 5.00000E-02
 -1        78-1.00000E+00 3.75000E-02 5.00000E-02
 -1        79-1.00000E+00-3.75000E-02 5.00000E-02
 -1        80 8.00000E-01 7.50000E-02 5.00000E-02
 -1        81 6.00000E-01 7.50000E-02 5.00000E-02
 -1        82 4.00000E-01 7.50000E-02 5.00000E-02
 -1        83 2.00000E-01 7.50000E-02 5.00000E-02
 -1        84 0.00000E+00 7.50000E-02 5.00000E-02
 -1        85-2.00000E-01 7.50000E-02 5.00000E-02
 -1        86-4.00000E-01 7.50000E-02 5.00000E-02
 -1        87-6.00000E-01 7.50000E-02 5.00000E-02
 -1        88-8.00000E-01 7.50000E-02 5.00000E-02
 -1        89 9.00000E-01 7.50000E-02 5.00000E-02
 -1        90 7.00000E-01 7.50000E-02 5.00000E-02
 -1        91 5.00000E-01 7.50000E-02 5.00000E-02
 -1        92 3.00000E-01 7.50000E-02 5.00000E-02
 -1        93 1.00000E-01 7.50000E-02 5.00000E-02
 -1        94-1.00000E-01 7.50000E-02 5.00000E-02
 -1        95-3.00000E-01 7.50000E-02 5.00000E-02
 -1        96-5.00000E-01 7.50000E-02 5.00000E-02
 -1        97-7.00000E-01 7.50000E-02 5.00000E-02
 -1        98-9.00000E-01 7.50000E-02 5.00000E-02
 -1        99-1.00000E+00-7.50000E-02 0.00000E+00
 -1       100-1.00000E+00 7.50000E-02 0.00000E+00
 -1       101-8.00000E-01 1.11022E-16-5.00000E-02
 -1       102-6.00000E-01 1.24900E-16-5.00000E-02
 -1       103-4.00000E-01 1.11022E-16-5.00000E-02
 -1       104-2.00000E-01 1.11022E-16-5.00000E-02
 -1       105 0.00000E+00 1.11022E-16-5.00000E-02
 -1       106 2.00000E-01 1.11022E-16-5.00000E-02
 -1       107 4.00000E-01 1.11022E-16-5.00000E-02
 -1       108 6.00000E-01 1.11022E-16-5.00000E-02
 -1       109 8.00000E-01 1.11022E-16-5.00000E-02
 -1       110-8.00000E-01 3.75000E-02-5.00000E-02
 -1       111-9.00000E-01 1.11022E-16-5.00000E-02
 -1       112-6.00000E-01 3.75000E-02-5.00000E-02
 -1       113-7.00000E-01 1.17961E-16-5.00000E-02
 -1       114-4.00000E-01 3.75000E-02-5.00000E-02
 -1       115-5.00000E-01 1.17961E-16-5.00000E-02
 -1       116-2.00000E-01 3.75000E-02-5.00000E-02
 -1       117-3.00000E-01 1.11022E-16-5.00000E-02
 -1       118 0.00000E+00 3.75000E-02-5.00000E-02
 -1       119-1.00000E-01 1.11022E-16-5.00000E-02
 -1       120 2.00000E-01 3.75000E-02-5.00000E-02
 -1       121 1.00000E-01 1.11022E-16-5.00000E-02
 -1       122 4.00000E-01 3.75000E-02-5.00000E-02
 -1       123 3.00000E-01 1.11022E-16-5.00000E-02
 -1       124 6.00000E-01 3.75000E-02-5.00000E-02
 -1       125 5.00000E-01 1.11022E-16-5.00000E-02
 -1       126 8.00000E-01 3.75000E-02-5.00000E-02
 -1       127 7.00000E-01 1.11022E-16-5.00000E-02
 -1       128 9.00000E-01 1.11022E-16-5.00000E-02
 -1       129-8.00000E-01-3.75000E-02-5.00000E-02
 -1       130-6.00000E-01-3.75000E-02-5.00000E-02
 -1       131-4.00000E-01-3.75000E-02-5.00000E-02
 -1       132-2.00000E-01-3.75000E-02-5.00000E-02
 -1       133 0.00000E+00-3.75000E-02-5.00000E-02
 -1       134 2.00000E-01-3.75000E-02-5.00000E-02
 -1       135 4.00000E-01-3.75000E-02-5.00000E-02
 -1       136 6.00000E-01-3.75000E-02-5.00000E-02
 -1       137 8.00000E-01-3.75000E-02-5.00000E-02
 -1       138 1.00000E+00 1.11022E-16 1.38778E-17
 -1       139 8.00000E-01 1.11022E-16 5.00000E-02
 -1       140 6.00000E-01 1.24900E-16 5.00000E-02
 -1       141 4.00000E-01 1.11022E-16 5.00000E-02
 -1       142 2.00000E-01 1.11022E-16 5.00000E-02
 -1       143 0.00000E+00 1.11022E-16 5.00000E-02
 -1       144-2.00000E-01 1.11022E-16 5.00000E-02
 -1       145-4.00000E-01 1.11022E-16 5.00000E-02
 -1       146-6.00000E-01 1.11022E-16 5.00000E-02
 -1       147-8.00000E-01 1.11022E-16 5.00000E-02
 -1       148 8.00000E-01 3.75000E-02 5.00000E-02
 -1       149 9.00000E-01 1.11022E-16 5.00000E-02
 -1       150 6.00000E-01 3.75000E-02 5.00000E-02
 -1       151 7.00000E-01 1.17961E-16 5.00000E-02
 -1       152 4.00000E-01 3.75000E-02 5.00000E-02
 -1       153 5.00000E-01 1.17961E-16 5.00000E-02
 -1       154 2.00000E-01 3.75000E-02 5.00000E-02
 -1       155 3.00000E-01 1.11022E-16 5.00000E-02
 -1       156 0.00000E+00 3.75000E-02 5.00000E-02
 -1       157 1.00000E-01 1.11022E-16 5.00000E-02
 -1       158-2.00000E-01 3.75000E-02 5.00000E-02
 -1       159-1.00000E-01 1.11022E-16 5.00000E-02
 -1       160-4.00000E-01 3.75000E-02 5.00000E-02
 -1       161-3.00000E-01 1.11022E-16 5.00000E-02
 -1       162-6.00000E-01 3.75000E-02 5.00000E-02
 -1       163-5.00000E-01 1.11022E-16 5.00000E-02
 -1       164-8.00000E-01 3.75000E-02 5.00000E-02
 -1       165-7.00000E-01 1.11022E-16 5.00000E-02
 -1       166-9.00000E-01 1.11022E-16 5.00000E-02
 -1       167 8.00000E-01-3.75000E-02 5.00000E-02
 -1       168 6.00000E-01-3.75000E-02 5.00000E-02
 -1       169 4.00000E-01-3.75000E-02 5.00000E-02
 -1       170 2.00000E-01-3.75000E-02 5.00000E-02
 -1       171 0.00000E+00-3.75000E-02 5.00000E-02
 -1       172-2.00000E-01-3.75000E-02 5.00000E-02
 -1       173-4.00000E-01-3.75000E-02 5.00000E-02
 -1       174-6.00000E-01-3.75000E-02 5.00000E-02
 -1       175-8.00000E-01-3.75000E-02 5.00000E-02
 -1       176-1.00000E+00 1.11022E-16 1.38778E-17
 -1       177-8.00000E-01 7.50000E-02 0.00000E+00
 -1       178-6.00000E-01 7.50000E-02 0.00000E+00
 -1       179-4.00000E-01 7.50000E-02 0.00000E+00
 -1       180-2.00000E-01 7.50000E-02 0.00000E+00
 -1       181 0.00000E+00 7.50000E-02 0.00000E+00
 -1       182 2.00000E-01 7.50000E-02 0.00000E+00
 -1       183 4.00000E-01 7.50000E-02 0.00000E+00
 -1       184 6.00000E-01 7.50000E-02 0.00000E+00
 -1       185 8.00000E-01 7.50000E-02 0.00000E+00
 -1       186-8.00000E-01-7.50000E-02 0.00000E+00
 -1       187-6.00000E-01-7.50000E-02 0.00000E+00
 -1       188-4.00000E-01-7.50000E-02 0.00000E+00
 -1       189-2.00000E-01-7.50000E-02 0.00000E+00
 -1       190 0.00000E+00-7.50000E-02 0.00000E+00
 -1       191 2.00000E-01-7.50000E-02 0.00000E+00
 -1       192 4.00000E-01-7.50000E-02 0.00000E+00
 -1       193 6.00000E-01-7.50000E-02 0.00000E+00
 -1       194 8.00000E-01-7.50000E-02 0.00000E+00
 -1       195-8.00000E-01 1.11022E-16 1.38778E-17
 -1       196-6.00000E-01 1.17961E-16 1.38778E-17
 -1       197-4.00000E-01 1.11022E-16 1.38778E-17
 -1       198-2.00000E-01 1.11022E-16 1.38778E-17
 -1       199 0.00000E+00 1.11022E-16 1.38778E-17
 -1       200 2.00000E-01 1.11022E-16 1.38778E-17
 -1       201 4.00000E-01 1.11022E-16 1.38778E-17
 -1       202 6.00000E-01 1.17961E-16 1.38778E-17
 -1       203 8.00000E-01 1.11022E-16 1.38778E-17
 -3
    3C                            20                                     1
 -1         1    4    0    1
 -2         1         9       101        34         8        77       147        88        10       111
 -2       110        43       100       176       195       177        78       166       164        98
 -1         2    4    0    1
 -2        34       101       102        35        88       147       146        87       110       113
 -2       112        44       177       195       196       178       164       165       162        97
 -1         3    4    0    1
 -2        35       102       103        36        87       146       145        86       112       115
 -2       114        45       178       196       197       179       162       163       160        96
 -1         4    4    0    1
 -2        36       103       104        37        86       145       144        85       114       117
 -2       116        46       179       197       198       180       160       161       158        95
 -1         5    4    0    1
 -2        37       104       105        38        85       144       143        84       116       119
 -2       118        47       180       198       199       181       158       159       156        94
 -1         6    4    0    1
 -2        38       105       106        39        84       143       142        83       118       121
 -2       120        48       181       199       200       182       156       157       154        93
 -1         7    4    0    1
 -2        39       106       107        40        83       142       141        82       120       123
 -2       122        49       182       200       201       183       154       155       152        92
 -1         8    4    0    1
 -2        40       107       108        41        82       141       140        81       122       125
 -2       124        50       183       201       202       184       152       153       150        91
 -1         9    4    0    1
 -2        41       108       109        42        81       140       139        80       124       127
 -2       126        51       184       202       203       185       150       151       148        90
 -1        10    4    0    1
 -2        42       109        31         4        80       139        54         6       126       128
 -2        32        52       185       203       138        57       148       149        55        89
 -1        11    4    0    1
 -2         9         2        12       101        77         7        66       147        11        21
 -2       129       111       176        99       186       195        79        76       175       166
 -1        12    4    0    1
 -2       101        12        13       102       147        66        65       146       129        22
 -2       130       113       195       186       187       196       175        75       174       165
 -1        13    4    0    1
 -2       102        13        14       103       146        65        64       145       130        23
 -2       131       115       196       187       188       197       174        74       173       163
 -1        14    4    0    1
 -2       103        14        15       104       145        64        63       144       131        24
 -2       132       117       197       188       189       198       173        73       172       161
 -1        15    4    0    1
 -2       104        15        16       105       144        63        62       143       132        25
 -2       133       119       198       189       190       199       172        72       171       159
 -1        16    4    0    1
 -2       105        16        17       106       143        62        61       142       133        26
 -2       134       121       199       190       191       200       171        71       170       157
 -1        17    4    0    1
 -2       106        17        18       107       142        61        60       141       134        27
 -2       135       123       200       191       192       201       170        70       169       155
 -1        18    4    0    1
 -2       107        18        19       108       141        60        59       140       135        28
 -2       136       125       201       192       193       202       169        69       168       153
 -1        19    4    0    1
 -2       108        19        20       109       140        59        58       139       136        29
 -2       137       127       202       193       194       203       168        68       167       151
 -1        20    4    0    1
 -2       109        20         3        31       139        58         5        54       137        30
 -2        33       128       203       194        53       138       167        67        56       149
 -3
    1PSTEP                         1           1           1          
  100CL  101 1.000000000         203                     0    1           1
 -4  DISP        4    1
 -5  D1          1    2    1    0
 -5  D2          1    2    2    0
 -5  D3          1    2    3    0
 -5  ALL         1    2    0    0    1ALL
 -1         1 0.00000E+00 0.00000E+00 0.00000E+00
 -1         2 0.00000E+00 0.00000E+00 0.00000E+00
 -1         3-2.52192E-05-4.48283E-04-1.23586E-09
 -1         4 2.52192E-05-4.48283E-04 1.25595E-09
 -1         5-2.52192E-05-4.48283E-04 1.27184E-09
 -1         6 2.52192E-05-4.48283E-04-1.25776E-09
 -1         7 0.00000E+00 0.00000E+00 0.00000E+00
 -1         8 0.00000E+00 0.00000E+00 0.00000E+00
 -1         9 0.00000E+00 0.00000E+00 0.00000E+00
 -1        10 0.00000E+00 0.00000E+00 0.00000E+00
 -1        11 0.00000E+00 0.00000E+00 0.00000E+00
 -1        12-4.64984E-06-6.31867E-06-2.90374E-07
 -1        13-8.96688E-06-2.47463E-05-2.80069E-07
 -1        14-1.27699E-05-5.39849E-05-2.48722E-07
 -1        15-1.60728E-05-9.27040E-05-2.13270E-07
 -1        16-1.88660E-05-1.39550E-04-1.77763E-07
 -1        17-2.11518E-05-1.93168E-04-1.42228E-07
 -1        18-2.29296E-05-2.52205E-04-1.06638E-07
 -1        19-2.41996E-05-3.15304E-04-7.11029E-08
 -1        20-2.49613E-05-3.81114E-04-3.53959E-08
 -1        21-2.26380E-06-1.69496E-06-3.52851E-07
 -1        22-6.86194E-06-1.41029E-05-3.07211E-07
 -1        23-1.09228E-05-3.80994E-05-2.66330E-07
 -1        24-1.44790E-05-7.22436E-05-2.31266E-07
 -1        25-1.75266E-05-1.15196E-04-1.95527E-07
 -1        26-2.00662E-05-1.65597E-04-1.59996E-07
 -1        27-2.20980E-05-2.22094E-04-1.24435E-07
 -1        28-2.36218E-05-2.83331E-04-8.88842E-08
 -1        29-2.46376E-05-3.47955E-04-5.32689E-08
 -1        30-2.51457E-05-4.14609E-04-1.81179E-08
 -1        31 2.87631E-11-4.48273E-04 1.97509E-11
 -1        32 1.25981E-05-4.48278E-04 8.23899E-12
 -1        33-1.25981E-05-4.48278E-04 3.22518E-11
 -1        34 4.64986E-06-6.31868E-06 2.90366E-07
 -1        35 8.96686E-06-2.47463E-05 2.80072E-07
 -1        36 1.27699E-05-5.39850E-05 2.48725E-07
 -1        37 1.60728E-05-9.27040E-05 2.13290E-07
 -1        38 1.88660E-05-1.39550E-04 1.77773E-07
 -1        39 2.11518E-05-1.93168E-04 1.42224E-07
 -1        40 2.29296E-05-2.52205E-04 1.06662E-07
 -1        41 2.41995E-05-3.15304E-04 7.11216E-08
 -1        42 2.49613E-05-3.81114E-04 3.54346E-08
 -1        43 2.26381E-06-1.69496E-06 3.52842E-07
 -1        44 6.86194E-06-1.41029E-05 3.07211E-07
 -1        45 1.09228E-05-3.80994E-05 2.66339E-07
 -1        46 1.44790E-05-7.22436E-05 2.31268E-07
 -1        47 1.75265E-05-1.15196E-04 1.95549E-07
 -1        48 2.00662E-05-1.65597E-04 1.60004E-07
 -1        49 2.20980E-05-2.22094E-04 1.24444E-07
 -1        50 2.36218E-05-2.83331E-04 8.89203E-08
 -1        51 2.46376E-05-3.47955E-04 5.33008E-08
 -1        52 2.51457E-05-4.14609E-04 1.81286E-08
 -1        53-2.52228E-05-4.48284E-04 1.86734E-11
 -1        54 4.58779E-12-4.48273E-04 1.03319E-11
 -1        55 1.25981E-05-4.48278E-04 1.08583E-11
 -1        56-1.25981E-05-4.48278E-04 6.52675E-12
 -1        57 2.52228E-05-4.48284E-04-3.65040E-12
 -1        58-2.49613E-05-3.81114E-04 3.54381E-08
 -1        59-2.41996E-05-3.15304E-04 7.11430E-08
 -1        60-2.29296E-05-2.52205E-04 1.06675E-07
 -1        61-2.11518E-05-1.93168E-04 1.42234E-07
 -1        62-1.88660E-05-1.39550E-04 1.77775E-07
 -1        63-1.60728E-05-9.27040E-05 2.13284E-07
 -1        64-1.27699E-05-5.39849E-05 2.48721E-07
 -1        65-8.96688E-06-2.47463E-05 2.80068E-07
 -1        66-4.64985E-06-6.31868E-06 2.90369E-07
 -1        67-2.51457E-05-4.14609E-04 1.81324E-08
 -1        68-2.46376E-05-3.47955E-04 5.33005E-08
 -1        69-2.36218E-05-2.83331E-04 8.89209E-08
 -1        70-2.20980E-05-2.22094E-04 1.24454E-07
 -1        71-2.00662E-05-1.65597E-04 1.60016E-07
 -1        72-1.75266E-05-1.15196E-04 1.95534E-07
 -1        73-1.44790E-05-7.22436E-05 2.31260E-07
 -1        74-1.09228E-05-3.80994E-05 2.66332E-07
 -1        75-6.86195E-06-1.41029E-05 3.07200E-07
 -1        76-2.26379E-06-1.69496E-06 3.52845E-07
 -1        77 0.00000E+00 0.00000E+00 0.00000E+00
 -1        78 0.00000E+00 0.00000E+00 0.00000E+00
 -1        79 0.00000E+00 0.00000E+00 0.00000E+00
 -1        80 2.49613E-05-3.81114E-04-3.53965E-08
 -1        81 2.41995E-05-3.15304E-04-7.11252E-08
 -1        82 2.29296E-05-2.52205E-04-1.06662E-07
 -1        83 2.11518E-05-1.93168E-04-1.42209E-07
 -1        84 1.88660E-05-1.39550E-04-1.77775E-07
 -1        85 1.60728E-05-9.27040E-05-2.13269E-07
 -1        86 1.27699E-05-5.39850E-05-2.48714E-07
 -1        87 8.96687E-06-2.47463E-05-2.80075E-07
 -1        88 4.64985E-06-6.31867E-06-2.90366E-07
 -1        89 2.51457E-05-4.14609E-04-1.81096E-08
 -1        90 2.46375E-05-3.47955E-04-5.32630E-08
 -1        91 2.36218E-05-2.83331E-04-8.88951E-08
 -1        92 2.20980E-05-2.22094E-04-1.24438E-07
 -1        93 2.00662E-05-1.65597E-04-1.60003E-07
 -1        94 1.75265E-05-1.15196E-04-1.95528E-07
 -1        95 1.44790E-05-7.22436E-05-2.31259E-07
 -1        96 1.09228E-05-3.80994E-05-2.66320E-07
 -1        97 6.86195E-06-1.41029E-05-3.07207E-07
 -1        98 2.26381E-06-1.69496E-06-3.52849E-07
 -1        99 0.00000E+00 0.00000E+00 0.00000E+00
 -1       100 0.00000E+00 0.00000E+00 0.00000E+00
 -1       101 6.97510E-12-6.10899E-06-2.66953E-12
 -1       102-1.68185E-11-2.45374E-05-2.55020E-12
 -1       103 8.59101E-12-5.37985E-05 6.07167E-12
 -1       104 8.28725E-12-9.25441E-05 4.69665E-12
 -1       105-1.34371E-11-1.39417E-04 6.92181E-12
 -1       106 9.56105E-12-1.93062E-04 3.14086E-12
 -1       107 5.98826E-13-2.52124E-04 1.15790E-11
 -1       108-7.63514E-12-3.15251E-04 8.38824E-12
 -1       109 6.12102E-12-3.81086E-04 1.38958E-11
 -1       110 2.31252E-06-6.13601E-06 1.45477E-07
 -1       111 8.08066E-12-1.41971E-06-4.58938E-12
 -1       112 4.47273E-06-2.45933E-05 1.39908E-07
 -1       113-3.68744E-12-1.38722E-05 5.45486E-12
 -1       114 6.37505E-06-5.38438E-05 1.24441E-07
 -1       115-5.03305E-12-3.78991E-05-2.83607E-13
 -1       116 8.02613E-06-9.25844E-05 1.06608E-07
 -1       117 1.22574E-11-7.20702E-05 2.51480E-12
 -1       118 9.42285E-06-1.39450E-04 8.89044E-08
 -1       119-4.09966E-12-1.15049E-04 5.12832E-12
 -1       120 1.05657E-05-1.93088E-04 7.11121E-08
 -1       121-2.15655E-12-1.65477E-04 1.11427E-12
 -1       122 1.14546E-05-2.52144E-04 5.33389E-08
 -1       123 9.53962E-12-2.22000E-04 1.19302E-11
 -1       124 1.20895E-05-3.15264E-04 3.55414E-08
 -1       125-1.08093E-11-2.83264E-04 1.16935E-11
 -1       126 1.24707E-05-3.81093E-04 1.78381E-08
 -1       127-4.97790E-12-3.47915E-04 1.46739E-11
 -1       128 8.83145E-12-4.14597E-04 7.35996E-12
 -1       129-2.31251E-06-6.13601E-06-1.45478E-07
 -1       130-4.47276E-06-2.45933E-05-1.39908E-07
 -1       131-6.37504E-06-5.38438E-05-1.24440E-07
 -1       132-8.02611E-06-9.25844E-05-1.06595E-07
 -1       133-9.42288E-06-1.39450E-04-8.88929E-08
 -1       134-1.05657E-05-1.93088E-04-7.11041E-08
 -1       135-1.14546E-05-2.52144E-04-5.33197E-08
 -1       136-1.20895E-05-3.15264E-04-3.55231E-08
 -1       137-1.24707E-05-3.81093E-04-1.78037E-08
 -1       138 8.56294E-12-4.48273E-04 1.25834E-11
 -1       139 7.32213E-12-3.81086E-04 2.05197E-11
 -1       140-1.08461E-11-3.15251E-04 8.55302E-12
 -1       141 2.01202E-13-2.52124E-04 1.04871E-11
 -1       142 1.61067E-11-1.93062E-04 9.03046E-12
 -1       143-2.19378E-11-1.39417E-04 4.12335E-12
 -1       144 7.23911E-12-9.25441E-05 3.35511E-12
 -1       145 9.77254E-12-5.37985E-05 2.35507E-12
 -1       146-1.16947E-11-2.45374E-05 3.77993E-12
 -1       147 8.97643E-12-6.10899E-06-1.21871E-12
 -1       148 1.24707E-05-3.81093E-04-1.78092E-08
 -1       149 1.35555E-11-4.14597E-04 8.62959E-12
 -1       150 1.20895E-05-3.15264E-04-3.55321E-08
 -1       151-5.77629E-12-3.47915E-04 1.67547E-11
 -1       152 1.14546E-05-2.52144E-04-5.33308E-08
 -1       153 2.85360E-12-2.83264E-04 1.22424E-11
 -1       154 1.05657E-05-1.93088E-04-7.10960E-08
 -1       155 7.64631E-12-2.22000E-04 5.33570E-12
 -1       156 9.42285E-06-1.39450E-04-8.88985E-08
 -1       157-9.09920E-12-1.65477E-04 1.10683E-11
 -1       158 8.02612E-06-9.25844E-05-1.06598E-07
 -1       159 1.09567E-12-1.15049E-04 4.29214E-12
 -1       160 6.37505E-06-5.38438E-05-1.24437E-07
 -1       161 3.78733E-12-7.20702E-05 3.31654E-12
 -1       162 4.47274E-06-2.45933E-05-1.39908E-07
 -1       163-1.15394E-12-3.78991E-05-8.34186E-13
 -1       164 2.31252E-06-6.13601E-06-1.45476E-07
 -1       165-1.06773E-11-1.38722E-05 1.55737E-12
 -1       166 9.83849E-12-1.41971E-06 1.50084E-12
 -1       167-1.24707E-05-3.81093E-04 1.78449E-08
 -1       168-1.20895E-05-3.15264E-04 3.55521E-08
 -1       169-1.14546E-05-2.52144E-04 5.33499E-08
 -1       170-1.05657E-05-1.93088E-04 7.11119E-08
 -1       171-9.42288E-06-1.39450E-04 8.89064E-08
 -1       172-8.02611E-06-9.25844E-05 1.06604E-07
 -1       173-6.37503E-06-5.38438E-05 1.24449E-07
 -1       174-4.47276E-06-2.45933E-05 1.39907E-07
 -1       175-2.31251E-06-6.13601E-06 1.45474E-07
 -1       176 0.00000E+00 0.00000E+00 0.00000E+00
 -1       177 4.64817E-06-6.45389E-06-1.68578E-12
 -1       178 8.97102E-06-2.48340E-05 1.52922E-13
 -1       179 1.27735E-05-5.40697E-05 2.71543E-12
 -1       180 1.60766E-05-9.27747E-05 9.42352E-12
 -1       181 1.88697E-05-1.39609E-04 2.75869E-12
 -1       182 2.11556E-05-1.93216E-04 8.90878E-12
 -1       183 2.29333E-05-2.52240E-04-2.37114E-12
 -1       184 2.42033E-05-3.15328E-04-1.62337E-12
 -1       185 2.49650E-05-3.81125E-04 1.89768E-11
 -1       186-4.64817E-06-6.45390E-06-3.19666E-12
 -1       187-8.97102E-06-2.48339E-05 1.63374E-12
 -1       188-1.27735E-05-5.40697E-05 1.24802E-12
 -1       189-1.60766E-05-9.27747E-05 4.02367E-12
 -1       190-1.88697E-05-1.39609E-04 6.96807E-12
 -1       191-2.11556E-05-1.93216E-04 1.15954E-12
 -1       192-2.29333E-05-2.52240E-04 1.96193E-11
 -1       193-2.42033E-05-3.15328E-04 1.79234E-11
 -1       194-2.49650E-05-3.81125E-04 2.02421E-11
 -1       195 2.99933E-12-6.24448E-06-1.35441E-13
 -1       196-8.17573E-12-2.46247E-05-1.49739E-12
 -1       197 5.33336E-12-5.38834E-05 5.47555E-12
 -1       198 4.12071E-12-9.26147E-05 4.09364E-12
 -1       199-7.26297E-12-1.39476E-04 4.13064E-12
 -1       200 2.96506E-12-1.93109E-04 7.11421E-12
 -1       201 3.09910E-12-2.52160E-04 1.20374E-11
 -1       202-3.28980E-12-3.15275E-04 6.92554E-12
 -1       203 3.97952E-12-3.81097E-04 1.89473E-11
 -3
    1PSTEP                         2           1           1          
  100CL  101 1.000000000         203                     0    1           1
 -4  STRESS      6    1
 -5  SXX         1    4    1    1
 -5  SYY         1    4    2    2
 -5  SZZ         1    4    3    3
 -5  SXY         1    4    1    2
 -5  SYZ         1    4    2    3
 -5  SZX         1    4    3    1
 -1         1 5.91336E+06 2.29968E+06 2.29967E+06-1.89156E+05 9.35025E-01 4.59788E+05
 -1         2-5.91335E+06-2.29967E+06-2.29967E+06-1.89143E+05 9.35090E-01-4.59799E+05
 -1         3-3.00226E+04 2.42749E+04 3.66076E+03-6.26767E+04 7.46828E+02 1.78750E+03
 -1         4 3.00664E+04-2.43143E+04-3.68947E+03-6.27315E+04 7.36646E+02-1.81142E+03
 -1         5-3.00946E+04 2.42651E+04 3.62639E+03-6.26837E+04-7.46580E+02-1.79755E+03
 -1         6 3.00451E+04-2.42707E+04-3.63710E+03-6.26866E+04-7.73912E+02 1.78073E+03
 -1         7-5.91332E+06-2.29966E+06-2.29966E+06-1.89152E+05-9.34959E-01 4.59793E+05
 -1         8 5.91338E+06 2.29968E+06 2.29968E+06-1.89151E+05-9.34993E-01-4.59799E+05
 -1         9 3.40246E+01 1.32317E+01 1.32316E+01 1.76430E+05 9.40712E-01-6.43451E+00
 -1        10 2.94021E+06 1.14338E+06 1.14338E+06 2.55491E+04 9.37832E-01 2.30012E+05
 -1        11-2.94017E+06-1.14336E+06-1.14336E+06 2.55570E+04 9.37756E-01-2.30022E+05
 -1        12-4.99459E+06 1.09600E+04-1.75880E+05 3.66409E+04-1.27378E+05 1.00357E+05
 -1        13-4.30603E+06-9.24423E+04-5.52859E+04-5.50261E+04 1.93895E+04 1.14110E+04
 -1        14-3.73199E+06 1.49865E+04 3.86725E+03-6.19123E+04-6.28158E+03 3.23961E+03
 -1        15-3.20150E+06-5.17703E+03-2.14392E+03-6.21081E+04 1.49840E+03 2.54039E+03
 -1        16-2.66631E+06 1.23178E+03 4.02736E+02-6.26952E+04-3.92988E+02 2.40064E+03
 -1        17-2.13337E+06-3.23366E+02-9.38563E+01-6.24626E+04 9.36647E+01 2.37132E+03
 -1        18-1.59998E+06 6.38283E+01-2.02155E+01-6.26039E+04-3.30141E+01 2.37882E+03
 -1        19-1.06597E+06 9.64337E+02 4.92768E+02-6.20110E+04-4.21208E+01 2.41715E+03
 -1        20-5.30361E+05 3.89648E+03 1.33154E+03-6.13025E+04 2.59901E+01 2.31728E+03
 -1        21-4.90517E+06-1.48156E+05 6.70621E+04-8.84545E+04 1.63437E+05-1.16352E+05
 -1        22-4.48063E+06 1.18245E+05 6.88380E+04-2.43765E+03-2.99430E+04 1.71878E+02
 -1        23-4.00151E+06-2.15980E+04-7.83261E+03-5.68965E+02 8.66891E+03 1.50413E+02
 -1        24-3.46556E+06 6.55413E+03 2.80482E+03-3.10033E+02-2.10970E+03 2.50864E+03
 -1        25-2.93352E+06-1.56459E+03-5.81223E+02 2.07950E+02 5.61546E+02 2.36174E+03
 -1        26-2.40002E+06 4.38713E+02 1.52964E+02 3.62314E+01-1.44015E+02 2.37763E+03
 -1        27-1.86671E+06-1.15099E+02-3.65573E+01 7.13840E+01 4.58010E+01 2.38056E+03
 -1        28-1.33352E+06-4.18320E+00 9.06053E+00 1.66503E+02-5.27043E+00 2.38116E+03
 -1        29-8.00176E+05-6.58857E+02-4.44505E+02-5.90005E+02 2.24851E+01 2.45471E+03
 -1        30-2.72325E+05-4.20544E+03-1.30148E+03 1.86259E+02 1.56874E+02 1.97280E+03
 -1        31 4.65076E+01-1.60651E+01-3.19033E+01-1.59441E+05-2.30730E+03-2.85229E+01
 -1        32 8.54016E+03-2.64186E+04-5.02404E+03-1.13636E+05-7.78499E+02-1.22380E+03
 -1        33-8.48165E+03 2.63722E+04 4.94959E+03-1.13607E+05-7.86890E+02 1.18622E+03
 -1        34 4.99460E+06-1.09317E+04 1.75892E+05 3.66440E+04-1.27373E+05-1.00397E+05
 -1        35 4.30599E+06 9.23817E+04 5.52673E+04-5.50224E+04 1.93842E+04-1.13455E+04
 -1        36 3.73205E+06-1.49602E+04-3.83993E+03-6.19066E+04-6.25375E+03-3.28716E+03
 -1        37 3.20142E+06 5.15522E+03 2.07328E+03-6.21531E+04 1.48862E+03-2.55222E+03
 -1        38 2.66636E+06-1.18847E+03-3.56795E+02-6.26490E+04-4.28429E+02-2.35676E+03
 -1        39 2.13337E+06 2.91904E+02 1.37254E+02-6.24803E+04 1.12503E+02-2.40227E+03
 -1        40 1.59995E+06-7.10652E+01-2.65855E+01-6.25999E+04-2.10281E+01-2.35471E+03
 -1        41 1.06598E+06-9.68068E+02-5.07096E+02-6.20275E+04-4.12608E+01-2.39091E+03
 -1        42 5.30370E+05-3.85106E+03-1.31773E+03-6.13226E+04 1.96966E+01-2.33858E+03
 -1        43 4.90519E+06 1.48154E+05-6.70552E+04-8.84700E+04 1.63445E+05 1.16336E+05
 -1        44 4.48057E+06-1.18278E+05-6.88708E+04-2.43629E+03-2.99501E+04-1.64193E+02
 -1        45 4.00156E+06 2.16309E+04 7.87392E+03-5.71972E+02 8.67988E+03-1.39664E+02
 -1        46 3.46554E+06-6.56431E+03-2.83318E+03-3.12989E+02-2.08820E+03-2.53674E+03
 -1        47 2.93349E+06 1.56751E+03 5.42037E+02 1.99188E+02 5.51291E+02-2.35264E+03
 -1        48 2.40006E+06-4.24061E+02-1.15935E+02 4.31996E+01-1.42002E+02-2.37391E+03
 -1        49 1.86670E+06 1.14473E+02 3.85187E+01 6.86173E+01 4.85143E+01-2.38800E+03
 -1        50 1.33348E+06 5.52290E-01-5.67978E+01 1.77626E+02-2.27463E+00-2.36456E+03
 -1        51 8.00216E+05 6.79824E+02 4.61030E+02-5.84696E+02 5.95105E+00-2.44956E+03
 -1        52 2.72377E+05 4.23869E+03 1.33849E+03 1.58292E+02 1.36889E+02-1.99330E+03
 -1        53-2.88692E+04 2.70792E+04 4.76658E+03-5.43877E+04-3.31140E+00-4.40233E+00
 -1        54-3.56616E+01 4.70192E+00-7.80132E+00-1.59432E+05 2.28028E+03 1.37597E+01
 -1        55 8.49886E+03-2.63770E+04-4.98024E+03-1.13608E+05 7.51837E+02 1.20837E+03
 -1        56-8.56367E+03 2.63704E+04 4.94104E+03-1.13607E+05 7.68371E+02-1.20167E+03
 -1        57 2.88793E+04-2.70606E+04-4.77113E+03-5.43981E+04-1.89492E+01-1.64446E+01
 -1        58-5.30386E+05 3.81722E+03 1.31644E+03-6.13129E+04-1.44220E+01-2.33146E+03
 -1        59-1.06597E+06 9.38684E+02 5.19022E+02-6.20609E+04 1.05236E+01-2.41325E+03
 -1        60-1.59994E+06 1.04907E+02-1.28761E+01-6.25773E+04 4.21107E+00-2.35870E+03
 -1        61-2.13338E+06-3.21244E+02-5.82339E+01-6.24764E+04-1.04061E+02-2.36546E+03
 -1        62-2.66632E+06 1.24020E+03 3.87006E+02-6.26661E+04 3.91387E+02-2.39655E+03
 -1        63-3.20146E+06-5.14800E+03-2.07995E+03-6.21342E+04-1.49126E+03-2.50648E+03
 -1        64-3.73200E+06 1.49838E+04 3.83343E+03-6.18978E+04 6.29809E+03-3.24521E+03
 -1        65-4.30601E+06-9.23859E+04-5.53046E+04-5.50268E+04-1.93785E+04-1.14037E+04
 -1        66-4.99462E+06 1.09326E+04-1.75886E+05 3.66308E+04 1.27374E+05-1.00370E+05
 -1        67-2.72360E+05-4.21316E+03-1.31215E+03 1.86346E+02-1.47130E+02-1.98813E+03
 -1        68-8.00211E+05-7.49052E+02-4.54602E+02-6.05323E+02-5.01110E+00-2.45355E+03
 -1        69-1.33354E+06-4.92436E+01 1.82711E+00 1.73621E+02 1.24911E+01-2.37044E+03
 -1        70-1.86670E+06-9.51238E+01-1.71951E+01 8.35364E+01-4.58347E+01-2.37839E+03
 -1        71-2.40002E+06 3.93672E+02 1.50788E+02 3.77527E+01 1.45830E+02-2.38262E+03
 -1        72-2.93355E+06-1.59392E+03-5.83203E+02 2.06784E+02-5.55630E+02-2.35572E+03
 -1        73-3.46554E+06 6.55604E+03 2.81851E+03-3.05466E+02 2.11231E+03-2.50272E+03
 -1        74-4.00151E+06-2.16038E+04-7.87113E+03-5.63584E+02-8.66130E+03-1.55333E+02
 -1        75-4.48060E+06 1.18316E+05 6.88518E+04-2.44789E+03 2.99464E+04-1.84199E+02
 -1        76-4.90518E+06-1.48155E+05 6.70671E+04-8.84665E+04-1.63445E+05 1.16358E+05
 -1        77 4.07766E+01 1.58576E+01 1.58574E+01 1.76426E+05-9.40633E-01 2.96214E+00
 -1        78 2.94022E+06 1.14338E+06 1.14338E+06 2.55511E+04-9.37863E-01-2.30018E+05
 -1        79-2.94015E+06-1.14335E+06-1.14335E+06 2.55496E+04-9.37928E-01 2.30017E+05
 -1        80 5.30425E+05-3.84143E+03-1.29856E+03-6.13058E+04 2.08928E+01 2.33264E+03
 -1        81 1.06596E+06-9.20181E+02-5.03373E+02-6.20347E+04 1.24884E+01 2.41276E+03
 -1        82 1.59996E+06-7.23479E+01 1.74061E+01-6.25886E+04 1.58881E-01 2.38428E+03
 -1        83 2.13340E+06 3.12072E+02 1.28188E+02-6.25066E+04-1.04564E+02 2.39873E+03
 -1        84 2.66633E+06-1.21235E+03-4.34553E+02-6.26737E+04 4.08349E+02 2.31634E+03
 -1        85 3.20140E+06 5.12111E+03 2.07828E+03-6.21241E+04-1.48665E+03 2.55258E+03
 -1        86 3.73203E+06-1.50368E+04-3.82375E+03-6.18948E+04 6.28089E+03 3.26539E+03
 -1        87 4.30600E+06 9.24190E+04 5.52604E+04-5.50411E+04-1.93981E+04 1.13661E+04
 -1        88 4.99459E+06-1.09490E+04 1.75917E+05 3.66356E+04 1.27379E+05 1.00398E+05
 -1        89 2.72342E+05 4.16866E+03 1.33251E+03 1.71717E+02-1.45777E+02 1.98856E+03
 -1        90 8.00217E+05 6.97899E+02 4.65486E+02-5.95936E+02 7.60488E+00 2.44989E+03
 -1        91 1.33350E+06 1.60193E+01-2.79887E+01 1.71902E+02 1.08479E+00 2.37757E+03
 -1        92 1.86672E+06 1.20480E+02 5.51522E+01 6.91849E+01-4.29455E+01 2.39026E+03
 -1        93 2.40008E+06-3.78214E+02-1.39738E+02 2.29232E+01 1.39842E+02 2.36564E+03
 -1        94 2.93348E+06 1.58539E+03 5.23893E+02 1.99555E+02-5.45581E+02 2.32963E+03
 -1        95 3.46556E+06-6.52990E+03-2.78624E+03-2.88818E+02 2.11064E+03 2.54048E+03
 -1        96 4.00154E+06 2.15864E+04 7.86470E+03-5.70683E+02-8.67086E+03 1.52305E+02
 -1        97 4.48059E+06-1.18272E+05-6.88598E+04-2.43472E+03 2.99428E+04 1.66528E+02
 -1        98 4.90519E+06 1.48155E+05-6.70401E+04-8.84663E+04-1.63447E+05-1.16332E+05
 -1        99-5.91132E+06-2.29881E+06-2.29881E+06-2.44616E+05-7.77781E-05-3.64419E+00
 -1       100 5.91134E+06 2.29882E+06 2.29882E+06-2.44620E+05-3.69959E-05-6.45141E+00
 -1       101-2.26205E+01-2.80999E+01 4.03796E+00-1.51387E+05-1.25712E+05-5.92485E+00
 -1       102 6.11673E+00 2.94565E+01 5.51094E+00-1.68742E+05 1.92454E+04 1.76561E+01
 -1       103 4.79652E+00-5.43863E+01-1.10877E+01-1.60491E+05-6.06092E+03-1.08491E+01
 -1       104-1.37419E+01 2.99934E+01 2.30249E+00-1.63267E+05 1.37372E+03-1.08421E+01
 -1       105 7.74077E+00 2.41113E+01-8.65044E+00-1.62327E+05-3.39459E+02 2.42586E+01
 -1       106 1.92524E-01-6.38887E+01 3.17294E+00-1.62655E+05 7.31462E+01-1.90954E+01
 -1       107-3.28943E+01 4.65661E+00-1.76258E+00-1.62468E+05-7.66319E+00 7.25975E+00
 -1       108 1.31355E+01 1.75671E+01-4.03606E+00-1.62969E+05-1.56574E+02 1.88618E+01
 -1       109 1.87541E+01-1.65391E+00 3.33108E+01-1.62268E+05 5.81335E+02-1.63420E+01
 -1       110 2.56037E+06 1.72942E+05 1.54296E+05-4.74184E+04-1.26534E+05-5.02284E+04
 -1       111 8.84011E+00-1.36304E+01 1.90450E+01-5.67593E+04 1.64273E+05-7.81743E+00
 -1       112 2.14483E+06 2.07468E+04 1.87175E+04-1.18012E+05 1.93140E+04-5.70706E+03
 -1       113-3.46943E+01-1.21139E+01-2.25664E+01-1.03814E+05-2.91784E+04-3.87319E+00
 -1       114 1.86995E+06 1.93189E+03 1.44976E+03-1.13033E+05-6.16176E+03-1.63189E+03
 -1       115 3.17557E+01 1.09064E+01 7.21906E+00-9.98833E+04 8.70528E+03 1.03812E+01
 -1       116 1.59989E+06 4.69096E+02 3.40337E+02-1.15685E+05 1.42928E+03-1.30209E+03
 -1       117-3.71969E+00-1.43545E+01 2.20883E+00-9.95722E+04-2.06734E+03-1.98020E+01
 -1       118 1.33355E+06 2.16456E+01 3.88304E+00-1.15171E+05-3.86967E+02-1.15336E+03
 -1       119-1.74080E+01 2.46014E+01-5.30380E+00-1.00060E+05 5.22660E+02 1.63012E+01
 -1       120 1.06670E+06-3.56077E+01 2.25522E+01-1.15329E+05 9.86013E+01-1.21044E+03
 -1       121 3.27262E+01 1.63488E+00 2.89988E+01-9.98731E+04-1.34781E+02-6.33441E+00
 -1       122 7.99953E+05-8.88971E+01-6.18416E+01-1.15266E+05-1.87861E+01-1.18065E+03
 -1       123-2.32870E+01-2.94755E+01-2.00837E+01-9.99134E+04 4.24488E+01-9.85494E+00
 -1       124 5.33193E+05-4.79080E+02-1.07951E+02-1.15260E+05-1.01259E+02-1.15907E+03
 -1       125-5.05391E-01 2.36983E+01 5.37571E+00-1.00017E+05-5.45278E+01 2.40908E+01
 -1       126 2.63002E+05-5.39891E+03-2.72737E+03-1.14460E+05 3.07201E+02-1.30551E+03
 -1       127 1.77902E+01 1.39139E+00 1.05576E+01-9.93893E+04 2.32580E+02 6.86847E+00
 -1       128 2.37741E+01-4.92750E+00 4.92580E+00-1.01083E+05-1.08384E+03-1.15318E+01
 -1       129-2.56039E+06-1.72963E+05-1.54306E+05-4.74250E+04-1.26550E+05 5.01991E+04
 -1       130-2.14485E+06-2.07504E+04-1.87262E+04-1.18025E+05 1.93199E+04 5.75388E+03
 -1       131-1.86990E+06-1.95988E+03-1.41606E+03-1.13024E+05-6.16550E+03 1.60080E+03
 -1       132-1.59996E+06-4.55535E+02-3.85514E+02-1.15679E+05 1.43513E+03 1.27538E+03
 -1       133-1.33351E+06 2.61532E+01 1.91583E+01-1.15181E+05-3.65793E+02 1.21119E+03
 -1       134-1.06670E+06-5.43754E+01-2.80553E+01-1.15315E+05 7.79305E+01 1.17570E+03
 -1       135-7.99996E+05 9.62549E+01 5.35845E+01-1.15268E+05-1.50785E+01 1.20156E+03
 -1       136-5.33166E+05 4.97715E+02 1.02981E+02-1.15245E+05-1.04032E+02 1.19003E+03
 -1       137-2.62983E+05 5.41397E+03 2.75029E+03-1.14453E+05 2.96366E+02 1.27624E+03
 -1       138 6.47819E+00 1.27641E+01-1.43922E+01-1.50768E+05-1.53884E+01-9.10379E+00
 -1       139 5.01787E+01 3.89159E+01 2.42443E+01-1.62265E+05-6.14534E+02 2.95284E+00
 -1       140-7.96173E+00 3.01143E+01 1.95275E+01-1.62946E+05 1.38795E+02-2.05163E+01
 -1       141 7.32248E+00 1.58118E+01-4.25224E+00-1.62492E+05-2.24252E+01-3.41917E+00
 -1       142 1.76649E+01-2.31761E+01 2.18501E+00-1.62637E+05-6.45803E+01 3.17441E+01
 -1       143-1.63530E+01 2.61316E+01 8.55357E+00-1.62329E+05 3.38733E+02-3.67840E+01
 -1       144-7.64188E+00-4.76855E+01-1.88779E+01-1.63290E+05-1.36236E+03 1.15298E+01
 -1       145-2.82691E+00 5.89480E+00-1.75484E+01-1.60517E+05 6.05698E+03 1.70890E+01
 -1       146 1.47956E+01-4.08364E+01 2.37449E+01-1.68731E+05-1.92421E+04-1.84446E+01
 -1       147-4.16645E+01 5.43098E+00-2.22917E+01-1.51376E+05 1.25713E+05 1.72420E+01
 -1       148 2.63047E+05-5.36186E+03-2.71824E+03-1.14454E+05-3.00482E+02 1.28879E+03
 -1       149 2.19740E-01 4.13470E+00 6.90287E+00-1.01074E+05 1.07948E+03 1.75048E+01
 -1       150 5.33155E+05-4.83457E+02-1.08021E+02-1.15248E+05 7.51503E+01 1.17637E+03
 -1       151 2.61801E+01 1.13157E+01 1.40519E+01-9.93880E+04-2.47392E+02-1.01101E+00
 -1       152 7.99977E+05-9.06247E+01-4.34328E+01-1.15266E+05-1.09120E+01 1.19254E+03
 -1       153-1.21437E+01-1.53486E+00-4.06395E-01-1.00011E+05 5.51359E+01-3.77640E+00
 -1       154 1.06671E+06 2.25795E+00 1.89141E+01-1.15334E+05-8.76105E+01 1.21962E+03
 -1       155-3.26492E+01-1.98669E+01-3.70915E+01-9.99102E+04-3.62480E+01 1.08073E+01
 -1       156 1.33352E+06-1.12214E+01-3.28484E+01-1.15171E+05 3.73795E+02 1.13886E+03
 -1       157 6.11838E+01 2.83456E+01 4.74984E+01-9.98736E+04 1.19707E+02-4.59421E+00
 -1       158 1.59988E+06 3.80899E+02 3.20912E+02-1.15695E+05-1.43122E+03 1.28813E+03
 -1       159-3.70318E+01-1.27162E+01-1.01243E+01-1.00074E+05-5.27364E+02-6.54986E+00
 -1       160 1.86992E+06 1.90471E+03 1.44537E+03-1.13036E+05 6.17976E+03 1.62101E+03
 -1       161-6.93239E-01 8.68807E+00-1.66353E+00-9.95865E+04 2.04664E+03 5.75168E+00
 -1       162 2.14485E+06 2.07378E+04 1.87259E+04-1.18019E+05-1.93285E+04 5.71888E+03
 -1       163 1.66664E+01-2.19237E+01 9.42197E-01-9.98777E+04-8.71102E+03-1.06475E+00
 -1       164 2.56037E+06 1.72974E+05 1.54305E+05-4.74263E+04 1.26548E+05 5.02339E+04
 -1       165-2.94413E+01-9.74625E+00-1.78826E+01-1.03797E+05 2.91928E+04-5.49576E+00
 -1       166 1.98004E+01 2.05593E+01 1.64939E+01-5.67593E+04-1.64278E+05 9.10663E+00
 -1       167-2.62981E+05 5.38306E+03 2.73451E+03-1.14451E+05-3.11428E+02-1.29013E+03
 -1       168-5.33172E+05 5.23480E+02 1.39326E+02-1.15263E+05 6.81253E+01-1.20089E+03
 -1       169-7.99956E+05 1.28118E+02 5.74335E+01-1.15275E+05-8.50842E+00-1.17867E+03
 -1       170-1.06670E+06-4.27054E+01-1.44485E+01-1.15311E+05-8.09808E+01-1.17093E+03
 -1       171-1.33352E+06 5.70246E+01 3.00660E+01-1.15180E+05 3.62213E+02-1.20579E+03
 -1       172-1.59992E+06-4.45570E+02-3.50799E+02-1.15691E+05-1.42292E+03-1.26491E+03
 -1       173-1.86990E+06-1.91515E+03-1.42998E+03-1.13034E+05 6.16804E+03-1.59087E+03
 -1       174-2.14484E+06-2.07627E+04-1.87269E+04-1.18016E+05-1.93002E+04-5.75591E+03
 -1       175-2.56043E+06-1.72984E+05-1.54332E+05-4.74152E+04 1.26544E+05-5.02056E+04
 -1       176 3.07211E+01 1.19472E+01 1.19474E+01 1.20850E+05-5.81338E-05-9.94331E-01
 -1       177 4.99798E+06-8.86549E+03 1.77380E+05 1.68289E+04-1.34240E+00 5.94381E-01
 -1       178 4.30932E+06 9.27138E+04 5.62279E+04-4.01414E+04-3.26679E+00 1.01511E+01
 -1       179 3.73212E+06-1.45713E+04-3.73531E+03-5.45002E+04 9.38133E+00-1.13883E+01
 -1       180 3.20156E+06 4.95070E+03 2.02468E+03-5.28755E+04-3.95715E-01 1.46034E+00
 -1       181 2.66648E+06-1.15273E+03-3.77843E+02-5.38187E+04-4.48190E+00-1.97068E+01
 -1       182 2.13348E+06 3.05276E+02 1.32029E+02-5.35422E+04 4.21200E+00-3.02615E+00
 -1       183 1.60004E+06-4.91084E+01 5.29378E+00-5.36916E+04-1.42162E+01 1.45611E+01
 -1       184 1.06598E+06-1.04951E+03-5.47104E+02-5.30717E+04-1.25318E+01 1.14136E+01
 -1       185 5.30527E+05-3.41669E+03-1.15827E+03-5.25980E+04 1.83157E+01-3.56265E+00
 -1       186-4.99797E+06 8.89841E+03-1.77346E+05 1.68271E+04 8.32026E-01-5.99397E+00
 -1       187-4.30934E+06-9.27301E+04-5.62602E+04-4.01402E+04 6.50933E-01 4.12299E+00
 -1       188-3.73209E+06 1.45566E+04 3.74895E+03-5.45014E+04 7.71491E+00-3.83268E+00
 -1       189-3.20161E+06-4.96601E+03-2.05234E+03-5.28520E+04 6.58473E+00 1.67840E+01
 -1       190-2.66646E+06 1.14770E+03 3.61423E+02-5.38403E+04-3.33022E+00 2.15271E+00
 -1       191-2.13346E+06-2.81770E+02-6.18007E+01-5.35313E+04-1.68859E+00 2.92687E+00
 -1       192-1.60004E+06 5.37878E+01-2.71522E+01-5.36772E+04-1.43061E+01 1.00715E+01
 -1       193-1.06598E+06 1.05049E+03 5.45118E+02-5.30696E+04-1.51751E+01 1.59460E+00
 -1       194-5.30516E+05 3.41211E+03 1.16650E+03-5.25976E+04 8.60366E+00-6.51621E+00
 -1       195-2.36721E+01 1.54013E+00-3.15027E+00-1.71130E+05 3.62884E-02 5.22530E+00
 -1       196 1.06725E+01-6.78603E+00 1.43815E+01-1.53823E+05 1.03989E+00-5.06299E-01
 -1       197-4.41514E+00-2.38898E+01-1.57301E+01-1.53150E+05-4.33362E+00 3.56705E+00
 -1       198-9.37698E-01-4.66950E+00-4.38740E+00-1.53986E+05 6.49508E+00-2.00601E-01
 -1       199-1.64351E+01 3.05321E+00-9.62369E+00-1.53498E+05 1.15119E+00-6.06574E+00
 -1       200 1.33761E+01-2.07816E+01 1.02948E+01-1.53699E+05 6.15900E+00 6.81581E+00
 -1       201-4.47872E+00 8.42366E+00-1.18847E+00-1.53568E+05-1.68872E+01 1.39286E+00
 -1       202-2.26197E+00 1.93425E+01 5.12861E+00-1.54020E+05-7.65091E+00-6.76121E-01
 -1       203 2.26184E+01 8.76319E+00 2.26972E+01-1.53402E+05-1.61790E+01-6.88194E+00
 -3
    1PSTEP                         3           1           1          
  100CL  101 1.000000000         203                     0    1           1
 -4  TOSTRAIN    6    1
 -5  EXX         1    4    1    1
 -5  EYY         1    4    2    2
 -5  EZZ         1    4    3    3
 -5  EXY         1    4    1    2
 -5  EYZ         1    4    2    3
 -5  EZX         1    4    3    1
 -1         1 2.20264E-05 1.24087E-10 1.13171E-10-1.15295E-06 5.69920E-12 2.80251E-06
 -1         2-2.20263E-05-1.24086E-10-1.13174E-10-1.15287E-06 5.69960E-12-2.80259E-06
 -1         3-1.80212E-07 1.50744E-07 2.50957E-08-3.82029E-07 4.55210E-09 1.08952E-08
 -1         4 1.80512E-07-1.50952E-07-2.52384E-08-3.82364E-07 4.49003E-09-1.10411E-08
 -1         5-1.80496E-07 1.50839E-07 2.50411E-08-3.82072E-07-4.55059E-09-1.09565E-08
 -1         6 1.80282E-07-1.50786E-07-2.50187E-08-3.82090E-07-4.71718E-09 1.08540E-08
 -1         7-2.20262E-05-1.24086E-10-1.13173E-10-1.15293E-06-5.69880E-12 2.80255E-06
 -1         8 2.20265E-05 1.24086E-10 1.13172E-10-1.15292E-06-5.69901E-12-2.80258E-06
 -1         9 1.26737E-10-2.74416E-16-6.33848E-16 1.07538E-06 5.73386E-12-3.92199E-11
 -1        10 1.09520E-05-1.31998E-10-1.28745E-10 1.55728E-07 5.71631E-12 1.40198E-06
 -1        11-1.09518E-05 1.31998E-10 1.28747E-10 1.55776E-07 5.71585E-12-1.40204E-06
 -1        12-2.35638E-05 6.94614E-06 5.80731E-06 2.23335E-07-7.76399E-07 6.11697E-07
 -1        13-2.03079E-05 5.37488E-06 5.60136E-06-3.35397E-07 1.18184E-07 6.95527E-08
 -1        14-1.77965E-05 5.04219E-06 4.97442E-06-3.77370E-07-3.82877E-08 1.97462E-08
 -1        15-1.52355E-05 4.24687E-06 4.26536E-06-3.78564E-07 9.13313E-09 1.54843E-08
 -1        16-1.26989E-05 3.56041E-06 3.55535E-06-3.82142E-07-2.39536E-09 1.46325E-08
 -1        17-1.01584E-05 2.84308E-06 2.84448E-06-3.80725E-07 5.70909E-10 1.44538E-08
 -1        18-7.61901E-06 2.13364E-06 2.13312E-06-3.81586E-07-2.01229E-10 1.44995E-08
 -1        19-5.07797E-06 1.42522E-06 1.42235E-06-3.77972E-07-2.56736E-10 1.47331E-08
 -1        20-2.53250E-06 7.23928E-07 7.08294E-07-3.73653E-07 1.58416E-10 1.41244E-08
 -1        21-2.32498E-05 5.74531E-06 7.05712E-06-5.39152E-07 9.96185E-07-7.09196E-07
 -1        22-2.15858E-05 6.44546E-06 6.14432E-06-1.48581E-08-1.82510E-07 1.04764E-09
 -1        23-1.90155E-05 5.24294E-06 5.32684E-06-3.46798E-09 5.28391E-08 9.16803E-10
 -1        24-1.65152E-05 4.64822E-06 4.62537E-06-1.88972E-09-1.28591E-08 1.52907E-08
 -1        25-1.39663E-05 3.90468E-06 3.91068E-06 1.26750E-09 3.42276E-09 1.43954E-08
 -1        26-1.14295E-05 3.20192E-06 3.20018E-06 2.20839E-10-8.77808E-10 1.44922E-08
 -1        27-8.88890E-06 2.48845E-06 2.48893E-06 4.35102E-10 2.79168E-10 1.45101E-08
 -1        28-6.35010E-06 1.77799E-06 1.77808E-06 1.01487E-09-3.21245E-11 1.45137E-08
 -1        29-3.80889E-06 1.06436E-06 1.06566E-06-3.59622E-09 1.37052E-10 1.49620E-08
 -1        30-1.28944E-06 3.44809E-07 3.62510E-07 1.13529E-09 9.56187E-10 1.20247E-08
 -1        31 2.85423E-10-9.59729E-11-1.92511E-10-9.71833E-07-1.40636E-08-1.73854E-10
 -1        32 8.25910E-08-1.30491E-07-8.60413E-11-6.92641E-07-4.74513E-09-7.45934E-09
 -1        33-8.21512E-08 1.30291E-07-2.84623E-10-6.92465E-07-4.79628E-09 7.23028E-09
 -1        34 2.35638E-05-6.94604E-06-5.80731E-06 2.23354E-07-7.76372E-07-6.11946E-07
 -1        35 2.03079E-05-5.37510E-06-5.60132E-06-3.35374E-07 1.18151E-07-6.91537E-08
 -1        36 1.77967E-05-5.04218E-06-4.97440E-06-3.77335E-07-3.81181E-08-2.00360E-08
 -1        37 1.52352E-05-4.24677E-06-4.26556E-06-3.78838E-07 9.07348E-09-1.55564E-08
 -1        38 1.26990E-05-3.56034E-06-3.55527E-06-3.81860E-07-2.61138E-09-1.43650E-08
 -1        39 1.01583E-05-2.84329E-06-2.84423E-06-3.80832E-07 6.85734E-10-1.46424E-08
 -1        40 7.61893E-06-2.13357E-06-2.13330E-06-3.81561E-07-1.28171E-10-1.43525E-08
 -1        41 5.07808E-06-1.42525E-06-1.42244E-06-3.78072E-07-2.51495E-10-1.45732E-08
 -1        42 2.53246E-06-7.23742E-07-7.08301E-07-3.73776E-07 1.20056E-10-1.42542E-08
 -1        43 2.32499E-05-5.74535E-06-7.05710E-06-5.39246E-07 9.96238E-07 7.09094E-07
 -1        44 2.15856E-05-6.44550E-06-6.14435E-06-1.48497E-08-1.82553E-07-1.00080E-09
 -1        45 1.90157E-05-5.24291E-06-5.32676E-06-3.48631E-09 5.29059E-08-8.51284E-10
 -1        46 1.65151E-05-4.64821E-06-4.62546E-06-1.90774E-09-1.27281E-08-1.54620E-08
 -1        47 1.39662E-05-3.90458E-06-3.91083E-06 1.21410E-09 3.36025E-09-1.43399E-08
 -1        48 1.14296E-05-3.20194E-06-3.20007E-06 2.63312E-10-8.65534E-10-1.44695E-08
 -1        49 8.88886E-06-2.48844E-06-2.48891E-06 4.18239E-10 2.95706E-10-1.45554E-08
 -1        50 6.34999E-06-1.77790E-06-1.77825E-06 1.08267E-09-1.38644E-11-1.44125E-08
 -1        51 3.80903E-06-1.06433E-06-1.06567E-06-3.56386E-09 3.62730E-11-1.49307E-08
 -1        52 1.28960E-06-3.44770E-07-3.62448E-07 9.64826E-10 8.34368E-10-1.21496E-08
 -1        53-1.79933E-07 1.61086E-07 2.50845E-08-3.31506E-07-2.01838E-11-2.68333E-11
 -1        54-1.65685E-10 8.03407E-11 4.13049E-12-9.71776E-07 1.38988E-08 8.38684E-11
 -1        55 8.22805E-08-1.30296E-07 1.22146E-10-6.92470E-07 4.58263E-09 7.36528E-09
 -1        56-8.25280E-08 1.30404E-07-2.13601E-10-6.92460E-07 4.68341E-09-7.32445E-09
 -1        57 1.79963E-07-1.61004E-07-2.51446E-08-3.31569E-07-1.15500E-10-1.00234E-10
 -1        58-2.53249E-06 7.23604E-07 7.08361E-07-3.73716E-07-8.79055E-11-1.42108E-08
 -1        59-5.07801E-06 1.42508E-06 1.42252E-06-3.78276E-07 6.41441E-11-1.47093E-08
 -1        60-7.61888E-06 2.13377E-06 2.13305E-06-3.81423E-07 2.56674E-11-1.43769E-08
 -1        61-1.01584E-05 2.84305E-06 2.84465E-06-3.80809E-07-6.34277E-10-1.44181E-08
 -1        62-1.26989E-05 3.56048E-06 3.55528E-06-3.81965E-07 2.38560E-09-1.46075E-08
 -1        63-1.52354E-05 4.24687E-06 4.26557E-06-3.78723E-07-9.08960E-09-1.52776E-08
 -1        64-1.77965E-05 5.04224E-06 4.97428E-06-3.77282E-07 3.83883E-08-1.97803E-08
 -1        65-2.03079E-05 5.37515E-06 5.60117E-06-3.35401E-07-1.18116E-07-6.95085E-08
 -1        66-2.35640E-05 6.94607E-06 5.80737E-06 2.23274E-07 7.76376E-07-6.11776E-07
 -1        67-1.28959E-06 3.44833E-07 3.62516E-07 1.13583E-09-8.96793E-10-1.21181E-08
 -1        68-3.80892E-06 1.06399E-06 1.06578E-06-3.68959E-09-3.05438E-11-1.49550E-08
 -1        69-6.35011E-06 1.77781E-06 1.77812E-06 1.05826E-09 7.61363E-11-1.44484E-08
 -1        70-8.88890E-06 2.48850E-06 2.48898E-06 5.09174E-10-2.79373E-10-1.44968E-08
 -1        71-1.14294E-05 3.20171E-06 3.20023E-06 2.30111E-10 8.88868E-10-1.45226E-08
 -1        72-1.39664E-05 3.90459E-06 3.91075E-06 1.26040E-09-3.38670E-09-1.43587E-08
 -1        73-1.65151E-05 4.64819E-06 4.62540E-06-1.86189E-09 1.28750E-08-1.52546E-08
 -1        74-1.90155E-05 5.24297E-06 5.32668E-06-3.43518E-09-5.27927E-08-9.46789E-10
 -1        75-2.15858E-05 6.44575E-06 6.14425E-06-1.49205E-08 1.82531E-07-1.12274E-09
 -1        76-2.32499E-05 5.74531E-06 7.05714E-06-5.39225E-07-9.96234E-07 7.09232E-07
 -1        77 1.51888E-10 2.70819E-16-1.00821E-15 1.07536E-06-5.73338E-12 1.80550E-11
 -1        78 1.09520E-05-1.31998E-10-1.28745E-10 1.55740E-07-5.71650E-12-1.40202E-06
 -1        79-1.09518E-05 1.31998E-10 1.28747E-10 1.55731E-07-5.71689E-12 1.40201E-06
 -1        80 2.53269E-06-7.23794E-07-7.08295E-07-3.73674E-07 1.27347E-10 1.42180E-08
 -1        81 5.07789E-06-1.42499E-06-1.42245E-06-3.78116E-07 7.61196E-11 1.47064E-08
 -1        82 7.61893E-06-2.13365E-06-2.13310E-06-3.81493E-07 9.68415E-13 1.45327E-08
 -1        83 1.01584E-05-2.84321E-06-2.84433E-06-3.80993E-07-6.37344E-10 1.46209E-08
 -1        84 1.26990E-05-3.56030E-06-3.55556E-06-3.82011E-07 2.48899E-09 1.41186E-08
 -1        85 1.52351E-05-4.24691E-06-4.26546E-06-3.78661E-07-9.06149E-09 1.55586E-08
 -1        86 1.77967E-05-5.04254E-06-4.97420E-06-3.77264E-07 3.82835E-08 1.99033E-08
 -1        87 2.03079E-05-5.37493E-06-5.60142E-06-3.35489E-07-1.18236E-07 6.92793E-08
 -1        88 2.35638E-05-6.94615E-06-5.80716E-06 2.23303E-07 7.76404E-07 6.11950E-07
 -1        89 1.28953E-06-3.45048E-07-3.62335E-07 1.04665E-09-8.88546E-10 1.21208E-08
 -1        90 3.80900E-06-1.06425E-06-1.06567E-06-3.63237E-09 4.63536E-11 1.49327E-08
 -1        91 6.35002E-06-1.77789E-06-1.77816E-06 1.04778E-09 6.61205E-12 1.44918E-08
 -1        92 8.88891E-06-2.48846E-06-2.48886E-06 4.21698E-10-2.61763E-10 1.45692E-08
 -1        93 1.14296E-05-3.20172E-06-3.20026E-06 1.39723E-10 8.52371E-10 1.44192E-08
 -1        94 1.39661E-05-3.90446E-06-3.91093E-06 1.21634E-09-3.32544E-09 1.41996E-08
 -1        95 1.65151E-05-4.64813E-06-4.62531E-06-1.76041E-09 1.28649E-08 1.54848E-08
 -1        96 1.90157E-05-5.24308E-06-5.32671E-06-3.47845E-09-5.28510E-08 9.28337E-10
 -1        97 2.15857E-05-6.44551E-06-6.14433E-06-1.48402E-08 1.82508E-07 1.01503E-09
 -1        98 2.32499E-05-5.74537E-06-7.05703E-06-5.39223E-07-9.96248E-07-7.09074E-07
 -1        99-2.20190E-05 1.24307E-10 1.29790E-10-1.49099E-06-4.74076E-16-2.22122E-11
 -1       100 2.20191E-05-1.24308E-10-1.29788E-10-1.49102E-06-2.25499E-16-3.93229E-11
 -1       101-7.56343E-11-1.09032E-10 8.68556E-11-9.22739E-07-7.66242E-07-3.61134E-11
 -1       102-1.74960E-11 1.24766E-10-2.11884E-11-1.02852E-06 1.17305E-07 1.07618E-10
 -1       103 1.10139E-10-2.50594E-10 1.33211E-11-9.78229E-07-3.69428E-08-6.61279E-11
 -1       104-1.08499E-10 1.58078E-10-1.07043E-11-9.95152E-07 8.37315E-09-6.60854E-11
 -1       105 1.62464E-11 1.16028E-10-8.36619E-11-9.89421E-07-2.06908E-09 1.47862E-10
 -1       106 8.18711E-11-3.08719E-10 1.00037E-10-9.91422E-07 4.45843E-10-1.16391E-10
 -1       107-1.60498E-10 6.83835E-11 2.92570E-11-9.90283E-07-4.67090E-11 4.42499E-11
 -1       108 4.45085E-11 7.15204E-11-6.01561E-11-9.93337E-07-9.54358E-10 1.14967E-10
 -1       109 4.70959E-11-7.72955E-11 1.35823E-10-9.89062E-07 3.54338E-09-9.96085E-11
 -1       110 1.17559E-05-2.79602E-06-2.90967E-06-2.89027E-07-7.71255E-07-3.06154E-07
 -1       111 3.48763E-11-1.02087E-10 9.70774E-11-3.45961E-07 1.00128E-06-4.76491E-11
 -1       112 1.01609E-05-2.78594E-06-2.79831E-06-7.19309E-07 1.17724E-07-3.47859E-08
 -1       113-1.18971E-10 1.86626E-11-4.50481E-11-6.32770E-07-1.77849E-07-2.36080E-11
 -1       114 8.90001E-06-2.48600E-06-2.48894E-06-6.88962E-07-3.75574E-08-9.94676E-09
 -1       115 1.27051E-10-3.11116E-14-2.25064E-11-6.08813E-07 5.30607E-08 6.32759E-11
 -1       116 7.61747E-06-2.13141E-06-2.13220E-06-7.05126E-07 8.71182E-09-7.93657E-09
 -1       117-1.51858E-12-6.63403E-11 3.46172E-11-6.06916E-07-1.26009E-08-1.20698E-10
 -1       118 6.35019E-06-1.77796E-06-1.77807E-06-7.01997E-07-2.35866E-09-7.03002E-09
 -1       119-1.08625E-10 1.47432E-10-3.48474E-11-6.09890E-07 3.18574E-09 9.93600E-11
 -1       120 5.07952E-06-1.42246E-06-1.42211E-06-7.02956E-07 6.00999E-10-7.37790E-09
 -1       121 1.14994E-10-7.45149E-11 9.22748E-11-6.08751E-07-8.21522E-10-3.86097E-11
 -1       122 3.80950E-06-1.06694E-06-1.06678E-06-7.02576E-07-1.14506E-10-7.19637E-09
 -1       123-4.48116E-11-8.25321E-11-2.52867E-11-6.08996E-07 2.58735E-10-6.00682E-11
 -1       124 2.53980E-06-7.13061E-07-7.10799E-07-7.02534E-07-6.17197E-10-7.06484E-09
 -1       125-4.11720E-11 1.06355E-10-5.32524E-12-6.09627E-07-3.32360E-10 1.46839E-10
 -1       126 1.26322E-06-3.72741E-07-3.56458E-07-6.97663E-07 1.87247E-09-7.95740E-09
 -1       127 6.87833E-11-3.11714E-11 2.46988E-11-6.05802E-07 1.41763E-09 4.18650E-11
 -1       128 1.13212E-10-6.17308E-11-1.67263E-12-6.16127E-07-6.60627E-09-7.02890E-11
 -1       129-1.17560E-05 2.79597E-06 2.90969E-06-2.89066E-07-7.71355E-07 3.05976E-07
 -1       130-1.01609E-05 2.78596E-06 2.79830E-06-7.19388E-07 1.17759E-07 3.50713E-08
 -1       131-8.89977E-06 2.48575E-06 2.48907E-06-6.88908E-07-3.75802E-08 9.75723E-09
 -1       132-7.61772E-06 2.13162E-06 2.13205E-06-7.05088E-07 8.74747E-09 7.77374E-09
 -1       133-6.35012E-06 1.77811E-06 1.77807E-06-7.02055E-07-2.22960E-09 7.38249E-09
 -1       134-5.07942E-06 1.42205E-06 1.42221E-06-7.02875E-07 4.75005E-10 7.16616E-09
 -1       135-3.80970E-06 1.06705E-06 1.06679E-06-7.02586E-07-9.19069E-11 7.32381E-09
 -1       136-2.53969E-06 7.13121E-07 7.10715E-07-7.02446E-07-6.34097E-10 7.25353E-09
 -1       137-1.26318E-06 3.72757E-07 3.56521E-07-6.97617E-07 1.80642E-09 7.77899E-09
 -1       138 3.30194E-11 7.13334E-11-9.41908E-11-9.18967E-07-9.37958E-11-5.54898E-11
 -1       139 1.54732E-10 8.60833E-11-3.34364E-12-9.89043E-07-3.74573E-09 1.79983E-11
 -1       140-1.04102E-10 1.27981E-10 6.34515E-11-9.93198E-07 8.45987E-10-1.25052E-10
 -1       141 1.94561E-11 7.12008E-11-5.10945E-11-9.90430E-07-1.36687E-10-2.08407E-11
 -1       142 1.12107E-10-1.36829E-10 1.77531E-11-9.91310E-07-3.93632E-10 1.93488E-10
 -1       143-1.24118E-10 1.34835E-10 2.76932E-11-9.89432E-07 2.06466E-09-2.24207E-10
 -1       144 5.23613E-11-1.91714E-10-1.61250E-11-9.95291E-07-8.30393E-09 7.02770E-11
 -1       145 2.07668E-12 5.52376E-11-8.76543E-11-9.78388E-07 3.69187E-08 1.04161E-10
 -1       146 9.32441E-11-2.45846E-10 1.47792E-10-1.02845E-06-1.17285E-07-1.12424E-10
 -1       147-1.75922E-10 1.11137E-10-5.78394E-11-9.22674E-07 7.66250E-07 1.05094E-10
 -1       148 1.26338E-06-3.72638E-07-3.56525E-07-6.97627E-07-1.83151E-09 7.85547E-09
 -1       149-1.36704E-11 1.01923E-11 2.70649E-11-6.16071E-07 6.57969E-09 1.06696E-10
 -1       150 2.53962E-06-7.13031E-07-7.10743E-07-7.02462E-07 4.58059E-10 7.17025E-09
 -1       151 9.08437E-11 2.41545E-13 1.69195E-11-6.05794E-07-1.50791E-09-6.16235E-12
 -1       152 3.80959E-06-1.06701E-06-1.06672E-06-7.02576E-07-6.65115E-11 7.26883E-09
 -1       153-5.52386E-11 9.42455E-12 1.63028E-11-6.09590E-07 3.36067E-10-2.30180E-11
 -1       154 5.07956E-06-1.42230E-06-1.42220E-06-7.02989E-07-5.34007E-10 7.43390E-09
 -1       155-7.95280E-11-1.61640E-12-1.06605E-10-6.08976E-07-2.20940E-10 6.58732E-11
 -1       156 6.35014E-06-1.77803E-06-1.77816E-06-7.01994E-07 2.27837E-09 6.94161E-09
 -1       157 1.90226E-10-9.93059E-12 1.06810E-10-6.08753E-07 7.29640E-10-2.80028E-11
 -1       158 7.61754E-06-2.13179E-06-2.13215E-06-7.05188E-07-8.72363E-09 7.85145E-09
 -1       159-1.45888E-10 2.32129E-12 1.81199E-11-6.09975E-07-3.21441E-09-3.99230E-11
 -1       160 8.89992E-06-2.48609E-06-2.48889E-06-6.88983E-07 3.76671E-08 9.88045E-09
 -1       161-1.26672E-11 4.45141E-11-1.85813E-11-6.07003E-07 1.24748E-08 3.50579E-11
 -1       162 1.01609E-05-2.78601E-06-2.79828E-06-7.19351E-07-1.17812E-07 3.48579E-08
 -1       163 1.07339E-10-1.27876E-10 1.14963E-11-6.08778E-07-5.30957E-08-6.48991E-12
 -1       164 1.17559E-05-2.79588E-06-2.90967E-06-2.89075E-07 7.71342E-07 3.06187E-07
 -1       165-1.03358E-10 1.66879E-11-3.29053E-11-6.32665E-07 1.77937E-07-3.34980E-11
 -1       166 4.48830E-11 4.95092E-11 2.47297E-11-3.45961E-07-1.00131E-06 5.55071E-11
 -1       167-1.26311E-06 3.72629E-07 3.56485E-07-6.97603E-07-1.89823E-09-7.86362E-09
 -1       168-2.53980E-06 7.13203E-07 7.10861E-07-7.02556E-07 4.15240E-10-7.31969E-09
 -1       169-3.80956E-06 1.06714E-06 1.06671E-06-7.02629E-07-5.18609E-11-7.18426E-09
 -1       170-5.07944E-06 1.42208E-06 1.42225E-06-7.02847E-07-4.93597E-10-7.13707E-09
 -1       171-6.35020E-06 1.77825E-06 1.77809E-06-7.02052E-07 2.20777E-09-7.34960E-09
 -1       172-7.61762E-06 2.13158E-06 2.13215E-06-7.05163E-07-8.67301E-09-7.70992E-09
 -1       173-8.89983E-06 2.48599E-06 2.48895E-06-6.88972E-07 3.75957E-08-9.69672E-09
 -1       174-1.01608E-05 2.78588E-06 2.79829E-06-7.19338E-07-1.17639E-07-3.50836E-08
 -1       175-1.17561E-05 2.79595E-06 2.90964E-06-2.89007E-07 7.71316E-07-3.06015E-07
 -1       176 1.14432E-10-8.19726E-18 1.24732E-15 7.36608E-07-3.54340E-16-6.06068E-12
 -1       177 2.35752E-05-6.94270E-06-5.80749E-06 1.02576E-07-8.18226E-12 3.62289E-12
 -1       178 2.03220E-05-5.37923E-06-5.60162E-06-2.44671E-07-1.99119E-11 6.18731E-11
 -1       179 1.77964E-05-5.04057E-06-4.97452E-06-3.32192E-07 5.71814E-11-6.94146E-11
 -1       180 1.52362E-05-4.24787E-06-4.26570E-06-3.22289E-07-2.41198E-12 8.90111E-12
 -1       181 1.26996E-05-3.56030E-06-3.55557E-06-3.28038E-07-2.73182E-11-1.20117E-10
 -1       182 1.01588E-05-2.84336E-06-2.84441E-06-3.26353E-07 2.56732E-11-1.84451E-11
 -1       183 7.61929E-06-2.13363E-06-2.13329E-06-3.27263E-07-8.66512E-11 8.87535E-11
 -1       184 5.07820E-06-1.42557E-06-1.42251E-06-3.23484E-07-7.63842E-11 6.95687E-11
 -1       185 2.53242E-06-7.22096E-07-7.08330E-07-3.20598E-07 1.11638E-10-2.17152E-11
 -1       186-2.35753E-05 6.94280E-06 5.80760E-06 1.02565E-07 5.07140E-12-3.65347E-11
 -1       187-2.03220E-05 5.37923E-06 5.60152E-06-2.44664E-07 3.96759E-12 2.51306E-11
 -1       188-1.77963E-05 5.04044E-06 4.97457E-06-3.32199E-07 4.70242E-11-2.33611E-11
 -1       189-1.52364E-05 4.24790E-06 4.26566E-06-3.22145E-07 4.01355E-11 1.02302E-10
 -1       190-1.26995E-05 3.56027E-06 3.55548E-06-3.28169E-07-2.02985E-11 1.31213E-11
 -1       191-1.01589E-05 2.84335E-06 2.84470E-06-3.26286E-07-1.02923E-11 1.78400E-11
 -1       192-7.61927E-06 2.13368E-06 2.13318E-06-3.27176E-07-8.71989E-11 6.13882E-11
 -1       193-5.07821E-06 1.42558E-06 1.42250E-06-3.23472E-07-9.24959E-11 9.71944E-12
 -1       194-2.53237E-06 7.22047E-07 7.08360E-07-3.20595E-07 5.24414E-11-3.97179E-11
 -1       195-1.10577E-10 4.30971E-11 1.45080E-11-1.04308E-06 2.21186E-13 3.18495E-11
 -1       196 4.06943E-11-6.57198E-11 6.33013E-11-9.37589E-07 6.33841E-12-3.08601E-12
 -1       197 3.18021E-11-8.69004E-11-3.71656E-11-9.33485E-07-2.64145E-11 2.17420E-11
 -1       198 7.61064E-12-1.51356E-11-1.34161E-11-9.38579E-07 3.95891E-11-1.22271E-12
 -1       199-6.95019E-11 4.92842E-11-2.79845E-11-9.35607E-07 7.01675E-12-3.69721E-11
 -1       200 7.76780E-11-1.30521E-10 5.88967E-11-9.36831E-07 3.75406E-11 4.15440E-11
 -1       201-3.09742E-11 4.76689E-11-1.09193E-11-9.36031E-07-1.02932E-10 8.48983E-12
 -1       202-4.33994E-11 8.82848E-11 1.64798E-12-9.38789E-07-4.66341E-11-4.12112E-12
 -1       203 6.57594E-11-1.86913E-11 6.62397E-11-9.35023E-07-9.86150E-11-4.19471E-11
 -3
    1PSTEP                         4           1           1          
  100CL  101 1.000000000         203                     0    1           1
 -4  FORC        4    1
 -5  F1          1    2    1    0
 -5  F2          1    2    2    0
 -5  F3          1    2    3    0
 -5  ALL         1    2    0    0    1ALL
 -1         1 3.12426E+02 2.07736E+03-7.40648E+02
 -1         2-3.12404E+02 2.07739E+03 7.40688E+02
 -1         3 7.95168E-03 4.16133E+01-4.02543E-02
 -1         4-1.02090E-02 4.16094E+01 1.49126E-02
 -1         5 7.03476E-03 4.16411E+01-3.63939E-03
 -1         6-8.70265E-03 4.16010E+01-1.52095E-02
 -1         7-3.12405E+02 2.07739E+03-7.40687E+02
 -1         8 3.12420E+02 2.07734E+03 7.40690E+02
 -1         9-1.69263E-02 2.23766E+03 2.04604E-02
 -1        10-5.78965E+03-3.67787E+03-1.54606E+03
 -1        11 5.78963E+03-3.67789E+03 1.54598E+03
 -1        12 1.10336E-02-1.32375E-02-1.57682E-03
 -1        13-8.83197E-02 6.14779E-02 2.37003E-02
 -1        14 2.83337E-02-2.54990E-02-3.60597E-02
 -1        15-2.17461E-02 2.45236E-02 5.24467E-02
 -1        16-6.77220E-03-1.37257E-02-3.06004E-02
 -1        17-6.12616E-03 3.35780E-03 2.69524E-02
 -1        18 1.46412E-02 3.40819E-02 9.75320E-03
 -1        19 7.36439E-03 5.87038E-02-1.49616E-02
 -1        20-7.77447E-04-1.42733E-01-4.56807E-02
 -1        21-6.15771E-03 7.11675E-03-6.41497E-03
 -1        22 1.03849E-01-3.31661E-02 1.93084E-03
 -1        23-8.94071E-03 4.99406E-02-2.43254E-02
 -1        24 9.54806E-02-5.54689E-03-4.52869E-02
 -1        25-8.43505E-02 4.99707E-02 5.97509E-02
 -1        26 4.71116E-02-5.16959E-02 1.46544E-03
 -1        27-6.73854E-02 3.10182E-03-4.14863E-02
 -1        28-6.92779E-02-3.96663E-02 6.03650E-02
 -1        29-1.54213E-02-3.81971E-02-1.14374E-02
 -1        30-3.31860E-03 5.78882E-02 8.89153E-04
 -1        31 2.70883E-02 8.32683E+01-9.58626E-03
 -1        32 1.10762E-01-1.66584E+02-4.09069E-03
 -1        33 6.10951E-02-1.66550E+02 1.11582E-01
 -1        34-6.51942E-03 3.84637E-03 1.61336E-02
 -1        35-3.77375E-02 2.43183E-02-4.25385E-02
 -1        36 4.51439E-02 1.57576E-02 6.16331E-02
 -1        37-2.45770E-02 9.26787E-04 3.16721E-02
 -1        38-2.86335E-03 7.66676E-03-7.64512E-02
 -1        39 3.04053E-02-1.32714E-02 1.71907E-02
 -1        40-6.99077E-03 2.77640E-02 4.20225E-02
 -1        41-5.08684E-02 1.55178E-02-1.82604E-02
 -1        42 3.92269E-03-7.71598E-02-1.20223E-02
 -1        43 2.72383E-03-2.24695E-03-3.64902E-02
 -1        44 1.15747E-02-2.77058E-02 2.47342E-02
 -1        45-7.22144E-02 5.69108E-02 5.39768E-02
 -1        46 3.40245E-02 8.31444E-03-2.93880E-02
 -1        47-3.90968E-02 3.83627E-02 7.41144E-02
 -1        48 3.09037E-02 2.25230E-02-5.38720E-02
 -1        49 9.87146E-03-3.55412E-02-1.33577E-02
 -1        50 3.01855E-03 1.20520E-02 5.49094E-02
 -1        51 2.87044E-02-7.88837E-02 1.13542E-02
 -1        52 4.70553E-03 9.46217E-02-2.84121E-02
 -1        53-1.78006E-02-1.66650E+02 3.27598E-02
 -1        54 4.49227E-03 8.32977E+01 7.42321E-03
 -1        55 4.03897E-02-1.66608E+02 3.79427E-02
 -1        56-3.06930E-02-1.66647E+02-5.51098E-02
 -1        57-4.93444E-02-1.66631E+02-7.31866E-02
 -1        58 1.20797E-02 2.60892E-02-9.63988E-02
 -1        59 2.85499E-02 1.42149E-01-1.74956E-03
 -1        60-5.98468E-03-1.13023E-02 1.86519E-02
 -1        61 1.11371E-02 1.01753E-02 3.85710E-02
 -1        62-4.09362E-02 1.70996E-02-2.54593E-02
 -1        63 2.72762E-02 4.56973E-02 3.02938E-02
 -1        64 2.73562E-02-1.07967E-02-8.37730E-02
 -1        65-3.91285E-02-2.08958E-02-3.60546E-02
 -1        66 4.09777E-02-3.07467E-02 3.08726E-02
 -1        67-5.82273E-02 1.51617E-02 1.00695E-02
 -1        68-3.08577E-03 1.57994E-02 2.67772E-02
 -1        69-1.34203E-02-9.95900E-04 1.01921E-02
 -1        70-7.44038E-02-1.12000E-02-8.66015E-03
 -1        71 1.71366E-02-2.30166E-02 6.01881E-02
 -1        72-1.21807E-02 7.21935E-02-6.04820E-02
 -1        73 5.92622E-02-3.05877E-02 8.93226E-03
 -1        74-7.82433E-03 6.28357E-02 3.78638E-02
 -1        75-8.83278E-03-4.88729E-02-1.02430E-01
 -1        76 3.20752E-02-2.81441E-02 3.42498E-02
 -1        77-3.21015E-02 2.23765E+03 8.50671E-03
 -1        78-5.78966E+03-3.67784E+03 1.54605E+03
 -1        79 5.78962E+03-3.67791E+03-1.54599E+03
 -1        80 2.00767E-02-3.50349E-02 9.44970E-02
 -1        81-5.90168E-02 7.13476E-02-3.38241E-02
 -1        82-2.37504E-02 3.94669E-02 2.45304E-02
 -1        83 4.49822E-03 2.66034E-02 2.97107E-02
 -1        84-4.21817E-02 1.71443E-02-3.48073E-02
 -1        85 3.43756E-02 1.90825E-02 4.66535E-02
 -1        86 3.68155E-02-1.06407E-02 4.79352E-02
 -1        87-4.44881E-02 2.50207E-02-2.21763E-02
 -1        88-1.97002E-02-1.09130E-02 5.06991E-02
 -1        89 2.52940E-02-1.79210E-02 7.23591E-03
 -1        90-1.29113E-02-5.54911E-02 5.59676E-02
 -1        91 1.04136E-01-4.53439E-02-2.77746E-02
 -1        92 1.53156E-02-2.33267E-02-4.34764E-03
 -1        93-1.02094E-02 1.19938E-01 1.89870E-03
 -1        94-9.97328E-02-2.70719E-03-4.76184E-02
 -1        95 3.78868E-03 3.37144E-02-1.46217E-02
 -1        96-1.21419E-03-1.21790E-03 4.44048E-02
 -1        97 1.29889E-02-2.66878E-02-2.67199E-02
 -1        98 2.38594E-02 5.18017E-02 7.34036E-03
 -1        99 8.16845E+03 2.64700E+03 5.87620E-03
 -1       100-8.16859E+03 2.64710E+03-3.47935E-02
 -1       101-3.28033E-03 1.98452E-02-3.97835E-02
 -1       102-9.71982E-02 8.85687E-02-4.64310E-02
 -1       103 8.23972E-02-2.12612E-03 7.22481E-02
 -1       104-5.75511E-02-4.62488E-02-8.49938E-04
 -1       105-7.69419E-02-1.66871E-02-1.04854E-02
 -1       106 6.89537E-02 4.69447E-02 2.52777E-02
 -1       107-2.60381E-02 3.31342E-02-9.28146E-03
 -1       108 6.39752E-03-5.08879E-02-3.17387E-02
 -1       109 4.02249E-02-2.53565E-01-7.73791E-02
 -1       110 4.76896E-02-1.31876E-01 7.39596E-02
 -1       111 1.40259E-01 5.33709E-02-1.13455E-01
 -1       112-1.16892E-01-6.71040E-02 9.58439E-02
 -1       113-4.54933E-02 1.90024E-03 1.46819E-01
 -1       114 5.64381E-02-1.20896E-01-1.42318E-01
 -1       115-3.53855E-02-1.10461E-01-6.08861E-02
 -1       116 2.24736E-01 5.53614E-02-2.93559E-02
 -1       117 7.87229E-02 8.82409E-02-2.65770E-02
 -1       118-4.49492E-02 4.01881E-02 1.13222E-02
 -1       119 3.51544E-02-7.53976E-02 9.33554E-02
 -1       120-6.13290E-02-1.79509E-01-7.88895E-02
 -1       121 5.80988E-03 7.51216E-02-1.87754E-01
 -1       122-3.77170E-02-1.70231E-02-3.11897E-02
 -1       123 3.62798E-02 2.09804E-02 1.05426E-01
 -1       124-9.74929E-02 1.54021E-01 9.44606E-03
 -1       125-1.10340E-01 7.67858E-02 2.56211E-02
 -1       126 1.13331E-01 2.22924E-01-1.10876E-01
 -1       127-8.94384E-02 7.21319E-02-2.44110E-02
 -1       128 2.18600E-02-7.21749E-02-2.30879E-02
 -1       129 9.23120E-02 5.19701E-02-1.39503E-02
 -1       130 4.38155E-02-1.51210E-01-3.54531E-02
 -1       131-2.85903E-02 1.29291E-01-4.41007E-02
 -1       132 4.04204E-05-9.12815E-02 1.05660E-01
 -1       133-1.91920E-01-2.92259E-03 8.34653E-02
 -1       134 1.61877E-01 9.41106E-02-5.22662E-02
 -1       135-2.96498E-02-3.71732E-02 7.35182E-03
 -1       136-8.03105E-02-2.01735E-02 4.65095E-02
 -1       137 3.09120E-02 2.51298E-01 1.39442E-01
 -1       138-7.10017E-02-3.33353E+02-4.97003E-02
 -1       139 6.30123E-02-2.49930E-01 2.35815E-02
 -1       140-7.99703E-02 1.50896E-01-2.62707E-02
 -1       141-1.19461E-01 5.75077E-02 4.36040E-03
 -1       142 1.16146E-01 1.58390E-03 3.09671E-02
 -1       143-1.41747E-01 9.47611E-02-6.30214E-04
 -1       144 6.95811E-03 1.37267E-01 5.17111E-02
 -1       145 9.98771E-02 5.20426E-02-8.69212E-02
 -1       146-5.11210E-02 2.79447E-02 5.06824E-02
 -1       147 8.68555E-02-1.03745E-01-1.72673E-02
 -1       148 4.66804E-02 2.74050E-01-6.21773E-02
 -1       149 6.79422E-02-4.56964E-02-1.73935E-02
 -1       150 6.97093E-02-5.77446E-02 2.13135E-02
 -1       151-5.87059E-02-9.15123E-02 4.75198E-02
 -1       152 5.27944E-02-1.79726E-01-4.40656E-02
 -1       153 1.18585E-01 4.19921E-03 3.51527E-02
 -1       154 3.47748E-02-1.09462E-01 4.09497E-02
 -1       155 3.93144E-02 9.76647E-02-5.80117E-02
 -1       156-1.06649E-01-5.06132E-02-2.89228E-02
 -1       157-8.96996E-02-1.38380E-01 1.24297E-01
 -1       158 2.57707E-02-1.19263E-01-1.00517E-01
 -1       159 1.08189E-01-9.52276E-02-7.81834E-02
 -1       160-4.67813E-02 8.15980E-04-1.32835E-02
 -1       161-5.19893E-02-1.02830E-02 4.38437E-02
 -1       162 4.31933E-03-1.36548E-01-6.48675E-02
 -1       163 3.38390E-02-6.36566E-02-1.23418E-02
 -1       164 6.58228E-02-8.99154E-03-4.33549E-02
 -1       165-1.70961E-01 1.21185E-01-3.67698E-02
 -1       166 1.60515E-01-3.76679E-02 8.90617E-02
 -1       167-6.88881E-02-7.01923E-03 1.11125E-01
 -1       168-1.54202E-01-3.38724E-01 7.20041E-02
 -1       169 1.80653E-01-1.09251E-01-1.90710E-02
 -1       170 1.70379E-01 6.38727E-02-1.54249E-02
 -1       171-1.19325E-01-1.21380E-01 2.09155E-02
 -1       172 5.72202E-02-4.10926E-02-9.20971E-02
 -1       173 4.56482E-02 4.32940E-02 1.85429E-01
 -1       174-2.16580E-02 9.73793E-02 1.07740E-02
 -1       175-4.57811E-02 1.02577E-01-8.40596E-03
 -1       176-5.78748E-02-2.36740E+03-1.31888E-02
 -1       177-3.43146E-02 4.31379E-02-6.01056E-02
 -1       178 2.30205E-01 9.18705E-02-1.38575E-02
 -1       179-4.78316E-02-9.68512E-03 2.91102E-03
 -1       180-1.07289E-01 2.02981E-02-2.30061E-02
 -1       181 9.41112E-02 5.94782E-02 8.77252E-02
 -1       182-6.51047E-02 4.09823E-02 2.89970E-02
 -1       183 6.06472E-02 2.50099E-02-1.78479E-01
 -1       184-1.21608E-03-1.91457E-02-6.53930E-02
 -1       185-6.34356E-02-4.73445E-02 6.61592E-03
 -1       186-4.93632E-02-6.41233E-02 1.22418E-02
 -1       187-2.73280E-02 9.47442E-02-1.83279E-02
 -1       188-1.26401E-01 5.54921E-02 8.70503E-02
 -1       189-1.52570E-02 4.65579E-02-1.25749E-01
 -1       190 8.59262E-02 4.92175E-02 4.97768E-02
 -1       191-7.03086E-02 1.08511E-02-7.68815E-02
 -1       192-4.94048E-02-4.66388E-02 2.67471E-02
 -1       193 3.65467E-02-2.55265E-02 5.09044E-02
 -1       194 4.37970E-03 2.84947E-02 8.24371E-02
 -1       195-3.03473E-02 8.14320E-02 5.73993E-02
 -1       196-2.30569E-02-1.29622E-01-2.43742E-02
 -1       197-7.93569E-02-1.04294E-01 6.10645E-02
 -1       198 6.91706E-02-1.14214E-01 2.49206E-02
 -1       199 8.99253E-02-3.59090E-02-1.62837E-02
 -1       200-4.93560E-02-8.86155E-02-4.17484E-02
 -1       201 8.92505E-02 1.24996E-01 2.45294E-02
 -1       202 1.10360E-01 4.70949E-02-7.85092E-02
 -1       203-7.30064E-02 7.86615E-02 2.05982E-02
 -3
 9999
