    1C
    1UHash: NQ1t5t1a, Date: 03/09/2026, Unit system: M_KG_S_C           
    1UUSER                                                              
    1UDATE              09.march.2026                                   
    1UTIME              19:20:20                                        
    1UHOST                                                              
    1UPGM               CalculiX                                        
    1UVERSION           Version 2.23                             
    1UCOMPILETIME       Sun Jan 11 00:39:44 CET 2026                    
    1UDIR                                                               
    1UDBN                                                               
    1UMAT    1S235                                                      
    2C                           203                                     1
 -1         1-1.00000E+00 5.50000E-02-5.00000E-02
 -1         2-1.00000E+00-5.50000E-02-5.00000E-02
 -1         3 1.00000E+00-5.50000E-02-5.00000E-02
 -1         4 1.00000E+00 5.50000E-02-5.00000E-02
 -1         5 1.00000E+00-5.50000E-02 5.00000E-02
 -1         6 1.00000E+00 5.50000E-02 5.00000E-02
 -1         7-1.00000E+00-5.50000E-02 5.00000E-02
 -1         8-1.00000E+00 5.50000E-02 5.00000E-02
 -1         9-1.00000E+00-1.38778E-16-5.00000E-02
 -1        10-1.00000E+00 2.75000E-02-5.00000E-02
 -1        11-1.00000E+00-2.75000E-02-5.00000E-02
 -1        12-8.00000E-01-5.50000E-02-5.00000E-02
 -1        13-6.00000E-01-5.50000E-02-5.00000E-02
 -1        14-4.00000E-01-5.50000E-02-5.00000E-02
 -1        15-2.00000E-01-5.50000E-02-5.00000E-02
 -1        16 0.00000E+00-5.50000E-02-5.00000E-02
 -1        17 2.00000E-01-5.50000E-02-5.00000E-02
 -1        18 4.00000E-01-5.50000E-02-5.00000E-02
 -1        19 6.00000E-01-5.50000E-02-5.00000E-02
 -1        20 8.00000E-01-5.50000E-02-5.00000E-02
 -1        21-9.00000E-01-5.50000E-02-5.00000E-02
 -1        22-7.00000E-01-5.50000E-02-5.00000E-02
 -1        23-5.00000E-01-5.50000E-02-5.00000E-02
 -1        24-3.00000E-01-5.50000E-02-5.00000E-02
 -1        25-1.00000E-01-5.50000E-02-5.00000E-02
 -1        26 1.00000E-01-5.50000E-02-5.00000E-02
 -1        27 3.00000E-01-5.50000E-02-5.00000E-02
 -1        28 5.00000E-01-5.50000E-02-5.00000E-02
 -1        29 7.00000E-01-5.50000E-02-5.00000E-02
 -1        30 9.00000E-01-5.50000E-02-5.00000E-02
 -1        31 1.00000E+00-1.38778E-16-5.00000E-02
 -1        32 1.00000E+00 2.75000E-02-5.00000E-02
 -1        33 1.00000E+00-2.75000E-02-5.00000E-02
 -1        34-8.00000E-01 5.50000E-02-5.00000E-02
 -1        35-6.00000E-01 5.50000E-02-5.00000E-02
 -1        36-4.00000E-01 5.50000E-02-5.00000E-02
 -1        37-2.00000E-01 5.50000E-02-5.00000E-02
 -1        38 0.00000E+00 5.50000E-02-5.00000E-02
 -1        39 2.00000E-01 5.50000E-02-5.00000E-02
 -1        40 4.00000E-01 5.50000E-02-5.00000E-02
 -1        41 6.00000E-01 5.50000E-02-5.00000E-02
 -1        42 8.00000E-01 5.50000E-02-5.00000E-02
 -1        43-9.00000E-01 5.50000E-02-5.00000E-02
 -1        44-7.00000E-01 5.50000E-02-5.00000E-02
 -1        45-5.00000E-01 5.50000E-02-5.00000E-02
 -1        46-3.00000E-01 5.50000E-02-5.00000E-02
 -1        47-1.00000E-01 5.50000E-02-5.00000E-02
 -1        48 1.00000E-01 5.50000E-02-5.00000E-02
 -1        49 3.00000E-01 5.50000E-02-5.00000E-02
 -1        50 5.00000E-01 5.50000E-02-5.00000E-02
 -1        51 7.00000E-01 5.50000E-02-5.00000E-02
 -1        52 9.00000E-01 5.50000E-02-5.00000E-02
 -1        53 1.00000E+00-5.50000E-02 0.00000E+00
 -1        54 1.00000E+00-1.38778E-16 5.00000E-02
 -1        55 1.00000E+00 2.75000E-02 5.00000E-02
 -1        56 1.00000E+00-2.75000E-02 5.00000E-02
 -1        57 1.00000E+00 5.50000E-02 0.00000E+00
 -1        58 8.00000E-01-5.50000E-02 5.00000E-02
 -1        59 6.00000E-01-5.50000E-02 5.00000E-02
 -1        60 4.00000E-01-5.50000E-02 5.00000E-02
 -1        61 2.00000E-01-5.50000E-02 5.00000E-02
 -1        62 0.00000E+00-5.50000E-02 5.00000E-02
 -1        63-2.00000E-01-5.50000E-02 5.00000E-02
 -1        64-4.00000E-01-5.50000E-02 5.00000E-02
 -1        65-6.00000E-01-5.50000E-02 5.00000E-02
 -1        66-8.00000E-01-5.50000E-02 5.00000E-02
 -1        67 9.00000E-01-5.50000E-02 5.00000E-02
 -1        68 7.00000E-01-5.50000E-02 5.00000E-02
 -1        69 5.00000E-01-5.50000E-02 5.00000E-02
 -1        70 3.00000E-01-5.50000E-02 5.00000E-02
 -1        71 1.00000E-01-5.50000E-02 5.00000E-02
 -1        72-1.00000E-01-5.50000E-02 5.00000E-02
 -1        73-3.00000E-01-5.50000E-02 5.00000E-02
 -1        74-5.00000E-01-5.50000E-02 5.00000E-02
 -1        75-7.00000E-01-5.50000E-02 5.00000E-02
 -1        76-9.00000E-01-5.50000E-02 5.00000E-02
 -1        77-1.00000E+00-1.38778E-16 5.00000E-02
 -1        78-1.00000E+00 2.75000E-02 5.00000E-02
 -1        79-1.00000E+00-2.75000E-02 5.00000E-02
 -1        80 8.00000E-01 5.50000E-02 5.00000E-02
 -1        81 6.00000E-01 5.50000E-02 5.00000E-02
 -1        82 4.00000E-01 5.50000E-02 5.00000E-02
 -1        83 2.00000E-01 5.50000E-02 5.00000E-02
 -1        84 0.00000E+00 5.50000E-02 5.00000E-02
 -1        85-2.00000E-01 5.50000E-02 5.00000E-02
 -1        86-4.00000E-01 5.50000E-02 5.00000E-02
 -1        87-6.00000E-01 5.50000E-02 5.00000E-02
 -1        88-8.00000E-01 5.50000E-02 5.00000E-02
 -1        89 9.00000E-01 5.50000E-02 5.00000E-02
 -1        90 7.00000E-01 5.50000E-02 5.00000E-02
 -1        91 5.00000E-01 5.50000E-02 5.00000E-02
 -1        92 3.00000E-01 5.50000E-02 5.00000E-02
 -1        93 1.00000E-01 5.50000E-02 5.00000E-02
 -1        94-1.00000E-01 5.50000E-02 5.00000E-02
 -1        95-3.00000E-01 5.50000E-02 5.00000E-02
 -1        96-5.00000E-01 5.50000E-02 5.00000E-02
 -1        97-7.00000E-01 5.50000E-02 5.00000E-02
 -1        98-9.00000E-01 5.50000E-02 5.00000E-02
 -1        99-1.00000E+00-5.50000E-02 0.00000E+00
 -1       100-1.00000E+00 5.50000E-02 0.00000E+00
 -1       101-8.00000E-01-1.45717E-16-5.00000E-02
 -1       102-6.00000E-01-1.31839E-16-5.00000E-02
 -1       103-4.00000E-01-1.31839E-16-5.00000E-02
 -1       104-2.00000E-01-1.45717E-16-5.00000E-02
 -1       105 0.00000E+00-1.31839E-16-5.00000E-02
 -1       106 2.00000E-01-1.31839E-16-5.00000E-02
 -1       107 4.00000E-01-1.45717E-16-5.00000E-02
 -1       108 6.00000E-01-1.24900E-16-5.00000E-02
 -1       109 8.00000E-01-1.31839E-16-5.00000E-02
 -1       110-8.00000E-01 2.75000E-02-5.00000E-02
 -1       111-9.00000E-01-1.42247E-16-5.00000E-02
 -1       112-6.00000E-01 2.75000E-02-5.00000E-02
 -1       113-7.00000E-01-1.38778E-16-5.00000E-02
 -1       114-4.00000E-01 2.75000E-02-5.00000E-02
 -1       115-5.00000E-01-1.31839E-16-5.00000E-02
 -1       116-2.00000E-01 2.75000E-02-5.00000E-02
 -1       117-3.00000E-01-1.38778E-16-5.00000E-02
 -1       118 0.00000E+00 2.75000E-02-5.00000E-02
 -1       119-1.00000E-01-1.38778E-16-5.00000E-02
 -1       120 2.00000E-01 2.75000E-02-5.00000E-02
 -1       121 1.00000E-01-1.31839E-16-5.00000E-02
 -1       122 4.00000E-01 2.75000E-02-5.00000E-02
 -1       123 3.00000E-01-1.38778E-16-5.00000E-02
 -1       124 6.00000E-01 2.75000E-02-5.00000E-02
 -1       125 5.00000E-01-1.35308E-16-5.00000E-02
 -1       126 8.00000E-01 2.75000E-02-5.00000E-02
 -1       127 7.00000E-01-1.28370E-16-5.00000E-02
 -1       128 9.00000E-01-1.35308E-16-5.00000E-02
 -1       129-8.00000E-01-2.75000E-02-5.00000E-02
 -1       130-6.00000E-01-2.75000E-02-5.00000E-02
 -1       131-4.00000E-01-2.75000E-02-5.00000E-02
 -1       132-2.00000E-01-2.75000E-02-5.00000E-02
 -1       133 0.00000E+00-2.75000E-02-5.00000E-02
 -1       134 2.00000E-01-2.75000E-02-5.00000E-02
 -1       135 4.00000E-01-2.75000E-02-5.00000E-02
 -1       136 6.00000E-01-2.75000E-02-5.00000E-02
 -1       137 8.00000E-01-2.75000E-02-5.00000E-02
 -1       138 1.00000E+00-1.38778E-16 1.38778E-17
 -1       139 8.00000E-01-1.45717E-16 5.00000E-02
 -1       140 6.00000E-01-1.31839E-16 5.00000E-02
 -1       141 4.00000E-01-1.31839E-16 5.00000E-02
 -1       142 2.00000E-01-1.45717E-16 5.00000E-02
 -1       143 0.00000E+00-1.31839E-16 5.00000E-02
 -1       144-2.00000E-01-1.31839E-16 5.00000E-02
 -1       145-4.00000E-01-1.45717E-16 5.00000E-02
 -1       146-6.00000E-01-1.24900E-16 5.00000E-02
 -1       147-8.00000E-01-1.31839E-16 5.00000E-02
 -1       148 8.00000E-01 2.75000E-02 5.00000E-02
 -1       149 9.00000E-01-1.42247E-16 5.00000E-02
 -1       150 6.00000E-01 2.75000E-02 5.00000E-02
 -1       151 7.00000E-01-1.38778E-16 5.00000E-02
 -1       152 4.00000E-01 2.75000E-02 5.00000E-02
 -1       153 5.00000E-01-1.31839E-16 5.00000E-02
 -1       154 2.00000E-01 2.75000E-02 5.00000E-02
 -1       155 3.00000E-01-1.38778E-16 5.00000E-02
 -1       156 0.00000E+00 2.75000E-02 5.00000E-02
 -1       157 1.00000E-01-1.38778E-16 5.00000E-02
 -1       158-2.00000E-01 2.75000E-02 5.00000E-02
 -1       159-1.00000E-01-1.31839E-16 5.00000E-02
 -1       160-4.00000E-01 2.75000E-02 5.00000E-02
 -1       161-3.00000E-01-1.38778E-16 5.00000E-02
 -1       162-6.00000E-01 2.75000E-02 5.00000E-02
 -1       163-5.00000E-01-1.35308E-16 5.00000E-02
 -1       164-8.00000E-01 2.75000E-02 5.00000E-02
 -1       165-7.00000E-01-1.28370E-16 5.00000E-02
 -1       166-9.00000E-01-1.35308E-16 5.00000E-02
 -1       167 8.00000E-01-2.75000E-02 5.00000E-02
 -1       168 6.00000E-01-2.75000E-02 5.00000E-02
 -1       169 4.00000E-01-2.75000E-02 5.00000E-02
 -1       170 2.00000E-01-2.75000E-02 5.00000E-02
 -1       171 0.00000E+00-2.75000E-02 5.00000E-02
 -1       172-2.00000E-01-2.75000E-02 5.00000E-02
 -1       173-4.00000E-01-2.75000E-02 5.00000E-02
 -1       174-6.00000E-01-2.75000E-02 5.00000E-02
 -1       175-8.00000E-01-2.75000E-02 5.00000E-02
 -1       176-1.00000E+00-1.38778E-16 1.38778E-17
 -1       177-8.00000E-01 5.50000E-02 0.00000E+00
 -1       178-6.00000E-01 5.50000E-02 0.00000E+00
 -1       179-4.00000E-01 5.50000E-02 0.00000E+00
 -1       180-2.00000E-01 5.50000E-02 0.00000E+00
 -1       181 0.00000E+00 5.50000E-02 0.00000E+00
 -1       182 2.00000E-01 5.50000E-02 0.00000E+00
 -1       183 4.00000E-01 5.50000E-02 0.00000E+00
 -1       184 6.00000E-01 5.50000E-02 0.00000E+00
 -1       185 8.00000E-01 5.50000E-02 0.00000E+00
 -1       186-8.00000E-01-5.50000E-02 0.00000E+00
 -1       187-6.00000E-01-5.50000E-02 0.00000E+00
 -1       188-4.00000E-01-5.50000E-02 0.00000E+00
 -1       189-2.00000E-01-5.50000E-02 0.00000E+00
 -1       190 0.00000E+00-5.50000E-02 0.00000E+00
 -1       191 2.00000E-01-5.50000E-02 0.00000E+00
 -1       192 4.00000E-01-5.50000E-02 0.00000E+00
 -1       193 6.00000E-01-5.50000E-02 0.00000E+00
 -1       194 8.00000E-01-5.50000E-02 0.00000E+00
 -1       195-8.00000E-01-1.38778E-16 1.38778E-17
 -1       196-6.00000E-01-1.28370E-16 1.38778E-17
 -1       197-4.00000E-01-1.38778E-16 1.38778E-17
 -1       198-2.00000E-01-1.38778E-16 1.38778E-17
 -1       199 0.00000E+00-1.31839E-16 1.38778E-17
 -1       200 2.00000E-01-1.38778E-16 1.38778E-17
 -1       201 4.00000E-01-1.38778E-16 1.38778E-17
 -1       202 6.00000E-01-1.28370E-16 1.38778E-17
 -1       203 8.00000E-01-1.38778E-16 1.38778E-17
 -3
    3C                            20                                     1
 -1         1    4    0    1
 -2         1         9       101        34         8        77       147        88        10       111
 -2       110        43       100       176       195       177        78       166       164        98
 -1         2    4    0    1
 -2        34       101       102        35        88       147       146        87       110       113
 -2       112        44       177       195       196       178       164       165       162        97
 -1         3    4    0    1
 -2        35       102       103        36        87       146       145        86       112       115
 -2       114        45       178       196       197       179       162       163       160        96
 -1         4    4    0    1
 -2        36       103       104        37        86       145       144        85       114       117
 -2       116        46       179       197       198       180       160       161       158        95
 -1         5    4    0    1
 -2        37       104       105        38        85       144       143        84       116       119
 -2       118        47       180       198       199       181       158       159       156        94
 -1         6    4    0    1
 -2        38       105       106        39        84       143       142        83       118       121
 -2       120        48       181       199       200       182       156       157       154        93
 -1         7    4    0    1
 -2        39       106       107        40        83       142       141        82       120       123
 -2       122        49       182       200       201       183       154       155       152        92
 -1         8    4    0    1
 -2        40       107       108        41        82       141       140        81       122       125
 -2       124        50       183       201       202       184       152       153       150        91
 -1         9    4    0    1
 -2        41       108       109        42        81       140       139        80       124       127
 -2       126        51       184       202       203       185       150       151       148        90
 -1        10    4    0    1
 -2        42       109        31         4        80       139        54         6       126       128
 -2        32        52       185       203       138        57       148       149        55        89
 -1        11    4    0    1
 -2         9         2        12       101        77         7        66       147        11        21
 -2       129       111       176        99       186       195        79        76       175       166
 -1        12    4    0    1
 -2       101        12        13       102       147        66        65       146       129        22
 -2       130       113       195       186       187       196       175        75       174       165
 -1        13    4    0    1
 -2       102        13        14       103       146        65        64       145       130        23
 -2       131       115       196       187       188       197       174        74       173       163
 -1        14    4    0    1
 -2       103        14        15       104       145        64        63       144       131        24
 -2       132       117       197       188       189       198       173        73       172       161
 -1        15    4    0    1
 -2       104        15        16       105       144        63        62       143       132        25
 -2       133       119       198       189       190       199       172        72       171       159
 -1        16    4    0    1
 -2       105        16        17       106       143        62        61       142       133        26
 -2       134       121       199       190       191       200       171        71       170       157
 -1        17    4    0    1
 -2       106        17        18       107       142        61        60       141       134        27
 -2       135       123       200       191       192       201       170        70       169       155
 -1        18    4    0    1
 -2       107        18        19       108       141        60        59       140       135        28
 -2       136       125       201       192       193       202       169        69       168       153
 -1        19    4    0    1
 -2       108        19        20       109       140        59        58       139       136        29
 -2       137       127       202       193       194       203       168        68       167       151
 -1        20    4    0    1
 -2       109        20         3        31       139        58         5        54       137        30
 -2        33       128       203       194        53       138       167        67        56       149
 -3
    1PSTEP                         1           1           1          
  100CL  101 1.000000000         203                     0    1           1
 -4  DISP        4    1
 -5  D1          1    2    1    0
 -5  D2          1    2    2    0
 -5  D3          1    2    3    0
 -5  ALL         1    2    0    0    1ALL
 -1         1 0.00000E+00 0.00000E+00 0.00000E+00
 -1         2 0.00000E+00 0.00000E+00 0.00000E+00
 -1         3-4.68771E-05-1.13396E-03-7.32229E-09
 -1         4 4.68770E-05-1.13396E-03 7.36379E-09
 -1         5-4.68770E-05-1.13396E-03 7.37062E-09
 -1         6 4.68770E-05-1.13396E-03-7.30913E-09
 -1         7 0.00000E+00 0.00000E+00 0.00000E+00
 -1         8 0.00000E+00 0.00000E+00 0.00000E+00
 -1         9 0.00000E+00 0.00000E+00 0.00000E+00
 -1        10 0.00000E+00 0.00000E+00 0.00000E+00
 -1        11 0.00000E+00 0.00000E+00 0.00000E+00
 -1        12-8.62101E-06-1.56180E-05-5.55853E-07
 -1        13-1.66569E-05-6.20856E-05-5.17641E-07
 -1        14-2.37273E-05-1.35962E-04-4.63215E-07
 -1        15-2.98690E-05-2.33884E-04-3.96392E-07
 -1        16-3.50630E-05-3.52411E-04-3.30613E-07
 -1        17-3.93135E-05-4.88111E-04-2.64412E-07
 -1        18-4.26192E-05-6.37549E-04-1.98287E-07
 -1        19-4.49808E-05-7.97292E-04-1.32283E-07
 -1        20-4.63972E-05-9.63904E-04-6.63523E-08
 -1        21-4.20504E-06-4.01521E-06-6.26369E-07
 -1        22-1.27322E-05-3.52131E-05-5.77166E-07
 -1        23-2.02846E-05-9.58129E-05-4.93820E-07
 -1        24-2.68970E-05-1.82131E-04-4.30386E-07
 -1        25-3.25640E-05-2.90786E-04-3.63487E-07
 -1        26-3.72865E-05-4.18329E-04-2.97542E-07
 -1        27-4.10646E-05-5.61328E-04-2.31363E-07
 -1        28-4.38981E-05-7.16347E-04-1.65267E-07
 -1        29-4.57870E-05-8.79953E-04-9.89925E-08
 -1        30-4.67320E-05-1.04871E-03-3.31655E-08
 -1        31-3.69832E-11-1.13395E-03 1.61672E-11
 -1        32 2.34272E-05-1.13395E-03 3.15809E-09
 -1        33-2.34273E-05-1.13395E-03-3.12758E-09
 -1        34 8.62101E-06-1.56181E-05 5.55839E-07
 -1        35 1.66569E-05-6.20856E-05 5.17610E-07
 -1        36 2.37272E-05-1.35962E-04 4.63187E-07
 -1        37 2.98691E-05-2.33884E-04 3.96427E-07
 -1        38 3.50630E-05-3.52411E-04 3.30603E-07
 -1        39 3.93135E-05-4.88111E-04 2.64532E-07
 -1        40 4.26192E-05-6.37549E-04 1.98382E-07
 -1        41 4.49808E-05-7.97292E-04 1.32390E-07
 -1        42 4.63973E-05-9.63904E-04 6.63987E-08
 -1        43 4.20504E-06-4.01521E-06 6.26381E-07
 -1        44 1.27322E-05-3.52131E-05 5.77114E-07
 -1        45 2.02846E-05-9.58129E-05 4.93841E-07
 -1        46 2.68970E-05-1.82131E-04 4.30355E-07
 -1        47 3.25640E-05-2.90786E-04 3.63546E-07
 -1        48 3.72865E-05-4.18329E-04 2.97571E-07
 -1        49 4.10646E-05-5.61328E-04 2.31433E-07
 -1        50 4.38981E-05-7.16347E-04 1.65359E-07
 -1        51 4.57870E-05-8.79953E-04 9.90384E-08
 -1        52 4.67320E-05-1.04871E-03 3.32371E-08
 -1        53-4.68813E-05-1.13396E-03 2.65673E-11
 -1        54-1.67504E-11-1.13395E-03 4.92849E-11
 -1        55 2.34273E-05-1.13395E-03-3.09597E-09
 -1        56-2.34273E-05-1.13395E-03 3.18516E-09
 -1        57 4.68813E-05-1.13396E-03 2.51350E-11
 -1        58-4.63972E-05-9.63904E-04 6.63871E-08
 -1        59-4.49808E-05-7.97292E-04 1.32400E-07
 -1        60-4.26192E-05-6.37549E-04 1.98369E-07
 -1        61-3.93135E-05-4.88111E-04 2.64520E-07
 -1        62-3.50630E-05-3.52411E-04 3.30597E-07
 -1        63-2.98691E-05-2.33884E-04 3.96432E-07
 -1        64-2.37272E-05-1.35962E-04 4.63190E-07
 -1        65-1.66569E-05-6.20856E-05 5.17612E-07
 -1        66-8.62098E-06-1.56181E-05 5.55839E-07
 -1        67-4.67320E-05-1.04871E-03 3.32100E-08
 -1        68-4.57870E-05-8.79953E-04 9.90665E-08
 -1        69-4.38981E-05-7.16347E-04 1.65371E-07
 -1        70-4.10646E-05-5.61328E-04 2.31426E-07
 -1        71-3.72866E-05-4.18329E-04 2.97573E-07
 -1        72-3.25640E-05-2.90786E-04 3.63535E-07
 -1        73-2.68970E-05-1.82131E-04 4.30336E-07
 -1        74-2.02846E-05-9.58129E-05 4.93854E-07
 -1        75-1.27322E-05-3.52131E-05 5.77113E-07
 -1        76-4.20504E-06-4.01521E-06 6.26386E-07
 -1        77 0.00000E+00 0.00000E+00 0.00000E+00
 -1        78 0.00000E+00 0.00000E+00 0.00000E+00
 -1        79 0.00000E+00 0.00000E+00 0.00000E+00
 -1        80 4.63972E-05-9.63904E-04-6.63621E-08
 -1        81 4.49808E-05-7.97292E-04-1.32287E-07
 -1        82 4.26192E-05-6.37549E-04-1.98286E-07
 -1        83 3.93135E-05-4.88111E-04-2.64388E-07
 -1        84 3.50630E-05-3.52411E-04-3.30597E-07
 -1        85 2.98690E-05-2.33884E-04-3.96385E-07
 -1        86 2.37273E-05-1.35962E-04-4.63225E-07
 -1        87 1.66569E-05-6.20856E-05-5.17656E-07
 -1        88 8.62102E-06-1.56180E-05-5.55852E-07
 -1        89 4.67320E-05-1.04871E-03-3.31525E-08
 -1        90 4.57870E-05-8.79953E-04-9.90264E-08
 -1        91 4.38981E-05-7.16347E-04-1.65251E-07
 -1        92 4.10646E-05-5.61328E-04-2.31349E-07
 -1        93 3.72865E-05-4.18329E-04-2.97528E-07
 -1        94 3.25640E-05-2.90786E-04-3.63485E-07
 -1        95 2.68970E-05-1.82131E-04-4.30378E-07
 -1        96 2.02846E-05-9.58129E-05-4.93844E-07
 -1        97 1.27323E-05-3.52131E-05-5.77157E-07
 -1        98 4.20504E-06-4.01521E-06-6.26382E-07
 -1        99 0.00000E+00 0.00000E+00 0.00000E+00
 -1       100 0.00000E+00 0.00000E+00 0.00000E+00
 -1       101 3.71188E-12-1.53407E-05 1.53199E-11
 -1       102 9.72403E-12-6.18019E-05-1.58315E-11
 -1       103-2.76086E-11-1.35708E-04-4.77354E-12
 -1       104 4.48016E-11-2.33666E-04 1.29257E-11
 -1       105-1.75758E-11-3.52229E-04-1.58647E-11
 -1       106-1.96797E-11-4.87965E-04 4.00885E-11
 -1       107 1.54523E-11-6.37440E-04 2.41965E-11
 -1       108-2.02466E-11-7.97219E-04 4.28508E-11
 -1       109 8.56696E-12-9.63866E-04 1.14506E-11
 -1       110 4.29844E-06-1.53734E-05 2.78971E-07
 -1       111 2.44186E-12-3.62907E-06 6.75614E-12
 -1       112 8.31758E-06-6.18775E-05 2.58270E-07
 -1       113 3.04144E-12-3.48982E-05-2.41153E-11
 -1       114 1.18538E-05-1.35770E-04 2.31813E-07
 -1       115-9.37994E-12-9.55395E-05 1.07067E-11
 -1       116 1.49242E-05-2.33720E-04 1.98137E-07
 -1       117 1.90667E-11-1.81895E-04-1.80876E-11
 -1       118 1.75214E-05-3.52274E-04 1.65321E-07
 -1       119 5.12445E-12-2.90586E-04 3.13704E-11
 -1       120 1.96465E-05-4.88002E-04 1.32272E-07
 -1       121-1.22147E-12-4.18165E-04 2.54351E-11
 -1       122 2.12995E-05-6.37468E-04 9.92103E-08
 -1       123-2.67999E-12-5.61200E-04 4.36201E-11
 -1       124 2.24801E-05-7.97237E-04 6.61953E-08
 -1       125 1.90515E-12-7.16256E-04 5.55353E-11
 -1       126 2.31887E-05-9.63876E-04 3.33119E-08
 -1       127-2.82511E-12-8.79899E-04 1.67641E-11
 -1       128-1.10896E-12-1.04869E-03 3.15957E-11
 -1       129-4.29844E-06-1.53733E-05-2.78957E-07
 -1       130-8.31756E-06-6.18775E-05-2.58301E-07
 -1       131-1.18538E-05-1.35770E-04-2.31831E-07
 -1       132-1.49242E-05-2.33720E-04-1.98111E-07
 -1       133-1.75214E-05-3.52274E-04-1.65346E-07
 -1       134-1.96466E-05-4.88002E-04-1.32170E-07
 -1       135-2.12994E-05-6.37468E-04-9.91432E-08
 -1       136-2.24801E-05-7.97237E-04-6.60998E-08
 -1       137-2.31887E-05-9.63876E-04-3.32810E-08
 -1       138-9.82604E-12-1.13395E-03 3.87316E-11
 -1       139-7.95736E-13-9.63866E-04 2.11774E-11
 -1       140 1.16022E-11-7.97219E-04 3.36553E-11
 -1       141 6.60523E-12-6.37440E-04 1.67412E-11
 -1       142-1.14006E-11-4.87965E-04 4.68503E-11
 -1       143 3.04080E-12-3.52229E-04-8.42903E-12
 -1       144-9.29250E-12-2.33666E-04 2.36866E-11
 -1       145 7.22753E-12-1.35708E-04 5.22137E-12
 -1       146-1.87815E-11-6.18019E-05-1.05766E-11
 -1       147 1.83766E-11-1.53407E-05 7.19321E-12
 -1       148 2.31887E-05-9.63876E-04-3.32774E-08
 -1       149-3.86474E-12-1.04869E-03 3.22880E-11
 -1       150 2.24801E-05-7.97237E-04-6.61070E-08
 -1       151 4.02396E-12-8.79899E-04 2.59128E-11
 -1       152 2.12994E-05-6.37468E-04-9.91501E-08
 -1       153 1.19617E-11-7.16256E-04 5.51897E-11
 -1       154 1.96465E-05-4.88002E-04-1.32157E-07
 -1       155-4.95965E-12-5.61200E-04 4.24897E-11
 -1       156 1.75214E-05-3.52274E-04-1.65333E-07
 -1       157-2.16524E-11-4.18165E-04 2.44602E-11
 -1       158 1.49242E-05-2.33720E-04-1.98100E-07
 -1       159 3.52320E-12-2.90586E-04 3.14662E-11
 -1       160 1.18538E-05-1.35770E-04-2.31828E-07
 -1       161-2.37936E-12-1.81895E-04-2.23965E-11
 -1       162 8.31755E-06-6.18775E-05-2.58305E-07
 -1       163-4.63032E-12-9.55395E-05 5.42133E-12
 -1       164 4.29845E-06-1.53733E-05-2.78962E-07
 -1       165 8.56572E-12-3.48983E-05-2.24044E-11
 -1       166 1.22113E-11-3.62907E-06 5.93333E-12
 -1       167-2.31887E-05-9.63876E-04 3.33153E-08
 -1       168-2.24801E-05-7.97237E-04 6.61882E-08
 -1       169-2.12994E-05-6.37468E-04 9.91995E-08
 -1       170-1.96466E-05-4.88002E-04 1.32263E-07
 -1       171-1.75214E-05-3.52274E-04 1.65322E-07
 -1       172-1.49242E-05-2.33720E-04 1.98151E-07
 -1       173-1.18538E-05-1.35770E-04 2.31820E-07
 -1       174-8.31760E-06-6.18775E-05 2.58274E-07
 -1       175-4.29841E-06-1.53734E-05 2.78968E-07
 -1       176 0.00000E+00 0.00000E+00 0.00000E+00
 -1       177 8.61744E-06-1.59588E-05-5.68304E-12
 -1       178 1.66639E-05-6.23087E-05-2.21566E-11
 -1       179 2.37328E-05-1.36177E-04-2.25827E-11
 -1       180 2.98751E-05-2.34063E-04 1.98508E-11
 -1       181 3.50689E-05-3.52561E-04 5.59618E-12
 -1       182 3.93194E-05-4.88231E-04 7.39911E-11
 -1       183 4.26251E-05-6.37640E-04 5.04599E-11
 -1       184 4.49866E-05-7.97352E-04 5.16990E-11
 -1       185 4.64034E-05-9.63934E-04 1.81031E-11
 -1       186-8.61743E-06-1.59588E-05-1.00206E-11
 -1       187-1.66639E-05-6.23087E-05-1.47250E-11
 -1       188-2.37328E-05-1.36177E-04-1.03392E-11
 -1       189-2.98750E-05-2.34063E-04 1.78109E-11
 -1       190-3.50689E-05-3.52561E-04-6.95388E-13
 -1       191-3.93194E-05-4.88231E-04 4.83097E-11
 -1       192-4.26251E-05-6.37640E-04 4.72910E-11
 -1       193-4.49866E-05-7.97352E-04 5.49092E-11
 -1       194-4.64034E-05-9.63934E-04 1.92683E-11
 -1       195 7.23108E-12-1.56825E-05 1.72996E-11
 -1       196-5.30691E-12-6.20241E-05-1.39968E-11
 -1       197-6.02552E-12-1.35923E-04 3.66491E-12
 -1       198 9.32423E-12-2.33845E-04 1.84886E-11
 -1       199-1.74333E-12-3.52379E-04-1.56486E-11
 -1       200-1.11277E-11-4.88086E-04 4.16151E-11
 -1       201 7.59441E-12-6.37530E-04 1.16793E-11
 -1       202 7.62873E-16-7.97279E-04 3.32244E-11
 -1       203-6.52272E-13-9.63896E-04 1.43140E-11
 -3
    1PSTEP                         2           1           1          
  100CL  101 1.000000000         203                     0    1           1
 -4  STRESS      6    1
 -5  SXX         1    4    1    1
 -5  SYY         1    4    2    2
 -5  SZZ         1    4    3    3
 -5  SXY         1    4    1    2
 -5  SYZ         1    4    2    3
 -5  SZX         1    4    3    1
 -1         1 1.10058E+07 4.28011E+06 4.28010E+06-1.81595E+05 2.13294E+00 7.99679E+05
 -1         2-1.10058E+07-4.28009E+06-4.28009E+06-1.81618E+05 2.13280E+00-7.99654E+05
 -1         3-9.45664E+04 2.67152E+04 1.18736E+04-1.27936E+05 4.74945E+03 4.37044E+03
 -1         4 9.44340E+04-2.67518E+04-1.18772E+04-1.27894E+05 4.76234E+03-4.31656E+03
 -1         5-9.45191E+04 2.68125E+04 1.18738E+04-1.27942E+05-4.79051E+03-4.34867E+03
 -1         6 9.45377E+04-2.67107E+04-1.17998E+04-1.27864E+05-4.73542E+03 4.29704E+03
 -1         7-1.10058E+07-4.28011E+06-4.28010E+06-1.81585E+05-2.13266E+00 7.99688E+05
 -1         8 1.10058E+07 4.28010E+06 4.28010E+06-1.81610E+05-2.13263E+00-7.99675E+05
 -1         9 8.12839E+00 3.16118E+00 3.16140E+00 3.38153E+05 2.16332E+00 4.80038E+00
 -1        10 5.48704E+06 2.13378E+06 2.13378E+06 1.21760E+05 2.14779E+00 4.00271E+05
 -1        11-5.48701E+06-2.13377E+06-2.13377E+06 1.21754E+05 2.14791E+00-4.00251E+05
 -1        12-9.22080E+06 2.95295E+04-2.39063E+05 7.04041E+04-2.95145E+05 1.58266E+05
 -1        13-8.01450E+06-1.83902E+05-1.21562E+05-1.22613E+05 4.31936E+04 2.61698E+04
 -1        14-6.93897E+06 2.76719E+04 1.02720E+04-1.28774E+05-1.43572E+04 9.04398E+03
 -1        15-5.95351E+06-1.01816E+04-4.94878E+03-1.31555E+05 3.31168E+03 7.93052E+03
 -1        16-4.95798E+06 2.37534E+03 1.01078E+03-1.32068E+05-8.87263E+02 7.67124E+03
 -1        17-3.96700E+06-5.45938E+02-2.22288E+02-1.31922E+05 2.35101E+02 7.75867E+03
 -1        18-2.97507E+06 2.31683E+02 5.79848E+01-1.32081E+05 8.08814E+01 7.63104E+03
 -1        19-1.98202E+06 2.11934E+03 1.42424E+03-1.31203E+05-2.34591E+02 8.13916E+03
 -1        20-9.85916E+05 6.61588E+03 4.55957E+03-1.29987E+05 1.89786E+03 8.00154E+03
 -1        21-9.12902E+06-2.72399E+05-1.56124E+03-9.81347E+04 3.72152E+05-2.22128E+05
 -1        22-8.33033E+06 2.28556E+05 1.55541E+05-6.83405E+02-6.56967E+04 9.95269E+03
 -1        23-7.44132E+06-4.05947E+04-2.07549E+04 1.47238E+04 1.95690E+04 1.64699E+03
 -1        24-6.44328E+06 1.32013E+04 7.14187E+03 1.34003E+04-4.66984E+03 8.46734E+03
 -1        25-5.45516E+06-3.15691E+03-1.51720E+03 1.47667E+04 1.22141E+03 7.44514E+03
 -1        26-4.46285E+06 7.81830E+02 4.05399E+02 1.43923E+04-3.15050E+02 7.75133E+03
 -1        27-3.47116E+06-4.05943E+02-1.50920E+02 1.44215E+04 1.11422E+02 7.67891E+03
 -1        28-2.47977E+06-7.62648E+01 1.10053E+01 1.46681E+04-1.39565E+02 7.74476E+03
 -1        29-1.48816E+06-1.80137E+03-1.26111E+03 1.33703E+04 3.38808E+02 7.27285E+03
 -1        30-5.06748E+05-6.15880E+03-4.20324E+03 1.48663E+04-2.12973E+03 7.12100E+03
 -1        31-9.82611E+01-5.94641E+01 7.58305E+01-2.61163E+05 1.27393E+02 4.52651E+01
 -1        32 3.89090E+04-3.26000E+04-1.13543E+04-1.97950E+05 2.44398E+03-2.39024E+03
 -1        33-3.90577E+04 3.25383E+04 1.14700E+04-1.97964E+05 2.43807E+03 2.46825E+03
 -1        34 9.22071E+06-2.96457E+04 2.38988E+05 7.04074E+04-2.95127E+05-1.58284E+05
 -1        35 8.01445E+06 1.83764E+05 1.21487E+05-1.22630E+05 4.31946E+04-2.61358E+04
 -1        36 6.93894E+06-2.77658E+04-1.03333E+04-1.28760E+05-1.42916E+04-9.01477E+03
 -1        37 5.95349E+06 1.01829E+04 4.94487E+03-1.31598E+05 3.31719E+03-8.03788E+03
 -1        38 4.95806E+06-2.32166E+03-8.62599E+02-1.32095E+05-8.62454E+02-7.68857E+03
 -1        39 3.96705E+06 7.73442E+02 2.91779E+02-1.31904E+05 2.01344E+02-7.70310E+03
 -1        40 2.97520E+06-1.63543E+00 9.10036E+01-1.32079E+05 1.17379E+01-7.64314E+03
 -1        41 1.98204E+06-1.97228E+03-1.38945E+03-1.31153E+05-2.56832E+02-8.13159E+03
 -1        42 9.85989E+05-6.49116E+03-4.53506E+03-1.29890E+05 1.88052E+03-8.00022E+03
 -1        43 9.12904E+06 2.72485E+05 1.56629E+03-9.81463E+04 3.72142E+05 2.22119E+05
 -1        44 8.33038E+06-2.28483E+05-1.55495E+05-6.84503E+02-6.57205E+04-9.93863E+03
 -1        45 7.44128E+06 4.07358E+04 2.07589E+04 1.47186E+04 1.95234E+04-1.63249E+03
 -1        46 6.44351E+06-1.30412E+04-7.07715E+03 1.33963E+04-4.66675E+03-8.47909E+03
 -1        47 5.45500E+06 3.07083E+03 1.46285E+03 1.47516E+04 1.22925E+03-7.49341E+03
 -1        48 4.46281E+06-8.98002E+02-3.87671E+02 1.44076E+04-3.09545E+02-7.70692E+03
 -1        49 3.47116E+06 1.86723E+02 1.24376E+02 1.44417E+04 1.21793E+02-7.66074E+03
 -1        50 2.47964E+06-1.53224E+02-2.95966E+01 1.46384E+04-1.29543E+02-7.74317E+03
 -1        51 1.48823E+06 1.83619E+03 1.27103E+03 1.33702E+04 3.51373E+02-7.28323E+03
 -1        52 5.06694E+05 6.27479E+03 4.19934E+03 1.49088E+04-2.17160E+03-7.09296E+03
 -1        53-9.09607E+04 3.02068E+04 1.38472E+04-1.10745E+05-1.51555E+01 1.10890E+01
 -1        54 6.25910E+01 2.50287E+02 1.06706E+02-2.61085E+05-1.01110E+02-2.29612E+01
 -1        55 3.90341E+04-3.24653E+04-1.13136E+04-1.97883E+05-2.41317E+03 2.40724E+03
 -1        56-3.89471E+04 3.27823E+04 1.14986E+04-1.97942E+05-2.45215E+03-2.44710E+03
 -1        57 9.08774E+04-3.03133E+04-1.38583E+04-1.10709E+05 1.22977E+00-1.05794E+01
 -1        58-9.85949E+05 6.55251E+03 4.50071E+03-1.29955E+05-1.88320E+03-8.04714E+03
 -1        59-1.98208E+06 1.96494E+03 1.42079E+03-1.31185E+05 2.15051E+02-8.11720E+03
 -1        60-2.97514E+06 8.29660E+01-1.02967E+02-1.32045E+05-4.29930E+00-7.63378E+03
 -1        61-3.96701E+06-7.52075E+02-1.90313E+02-1.31923E+05-2.02038E+02-7.72964E+03
 -1        62-4.95815E+06 2.26572E+03 8.06602E+02-1.32097E+05 9.02765E+02-7.65711E+03
 -1        63-5.95341E+06-1.00804E+04-4.85848E+03-1.31593E+05-3.31311E+03-7.96504E+03
 -1        64-6.93897E+06 2.76525E+04 1.02271E+04-1.28743E+05 1.43109E+04-9.05466E+03
 -1        65-8.01445E+06-1.83669E+05-1.21480E+05-1.22638E+05-4.32303E+04-2.61496E+04
 -1        66-9.22070E+06 2.96395E+04-2.38956E+05 7.04182E+04 2.95134E+05-1.58260E+05
 -1        67-5.06744E+05-6.22190E+03-4.25595E+03 1.48627E+04 2.12723E+03-7.11628E+03
 -1        68-1.48820E+06-1.77778E+03-1.25358E+03 1.33560E+04-3.40616E+02-7.30415E+03
 -1        69-2.47963E+06 1.86655E+02 1.02330E+02 1.46284E+04 1.02693E+02-7.72176E+03
 -1        70-3.47110E+06-1.56204E+02-6.95540E+01 1.44598E+04-1.44794E+02-7.69752E+03
 -1        71-4.46283E+06 8.75505E+02 4.19673E+02 1.44050E+04 2.84688E+02-7.72157E+03
 -1        72-5.45503E+06-3.05448E+03-1.49738E+03 1.47499E+04-1.21718E+03-7.46080E+03
 -1        73-6.44346E+06 1.30687E+04 7.05242E+03 1.34285E+04 4.67904E+03-8.46162E+03
 -1        74-7.44131E+06-4.07790E+04-2.08196E+04 1.47403E+04-1.95385E+04-1.65974E+03
 -1        75-8.33042E+06 2.28497E+05 1.55525E+05-6.80692E+02 6.57144E+04-9.94218E+03
 -1        76-9.12902E+06-2.72523E+05-1.57129E+03-9.81235E+04-3.72132E+05 2.22124E+05
 -1        77 4.08986E+01 1.59050E+01 1.59052E+01 3.38149E+05-2.16313E+00 6.78366E+00
 -1        78 5.48704E+06 2.13378E+06 2.13378E+06 1.21756E+05-2.14823E+00-4.00261E+05
 -1        79-5.48700E+06-2.13376E+06-2.13377E+06 1.21763E+05-2.14804E+00 4.00276E+05
 -1        80 9.85902E+05-6.57447E+03-4.57945E+03-1.29966E+05-1.88794E+03 8.05433E+03
 -1        81 1.98201E+06-2.20206E+03-1.46763E+03-1.31196E+05 2.07869E+02 8.10534E+03
 -1        82 2.97501E+06-3.06530E+02-9.06682E+01-1.32046E+05-5.32959E+01 7.65868E+03
 -1        83 3.96705E+06 5.34113E+02 1.97913E+02-1.31924E+05-2.05080E+02 7.68922E+03
 -1        84 4.95790E+06-2.47119E+03-1.00101E+03-1.32075E+05 8.77294E+02 7.67369E+03
 -1        85 5.95353E+06 1.01682E+04 4.97160E+03-1.31567E+05-3.30919E+03 7.99667E+03
 -1        86 6.93903E+06-2.75989E+04-1.02036E+04-1.28778E+05 1.43178E+04 9.01455E+03
 -1        87 8.01446E+06 1.83903E+05 1.21514E+05-1.22603E+05-4.32007E+04 2.61453E+04
 -1        88 9.22078E+06-2.95757E+04 2.39014E+05 7.03929E+04 2.95147E+05 1.58272E+05
 -1        89 5.06705E+05 6.19267E+03 4.19938E+03 1.48960E+04 2.15474E+03 7.09678E+03
 -1        90 1.48817E+06 1.78654E+03 1.24041E+03 1.33899E+04-3.38401E+02 7.29314E+03
 -1        91 2.47974E+06 5.28409E+00 1.78505E+01 1.46365E+04 1.51954E+02 7.74334E+03
 -1        92 3.47123E+06 3.60495E+02 1.57996E+02 1.44686E+04-9.60403E+01 7.66847E+03
 -1        93 4.46279E+06-8.41602E+02-4.17248E+02 1.43982E+04 3.10135E+02 7.72700E+03
 -1        94 5.45510E+06 3.11684E+03 1.48775E+03 1.47754E+04-1.23751E+03 7.48879E+03
 -1        95 6.44336E+06-1.32002E+04-7.12383E+03 1.34023E+04 4.67456E+03 8.49676E+03
 -1        96 7.44133E+06 4.07156E+04 2.07872E+04 1.47361E+04-1.95603E+04 1.63276E+03
 -1        97 8.33033E+06-2.28544E+05-1.55542E+05-6.84902E+02 6.57147E+04 9.94538E+03
 -1        98 9.12902E+06 2.72411E+05 1.53365E+03-9.81384E+04-3.72165E+05-2.22126E+05
 -1        99-1.10014E+07-4.27826E+06-4.27826E+06-3.21355E+05 8.05320E-05 1.55203E+01
 -1       100 1.10014E+07 4.27827E+06 4.27827E+06-3.21353E+05-3.24070E-04 2.27499E+00
 -1       101-9.39885E+01-2.57278E+02-6.46593E+01-1.90212E+05-2.86177E+05-2.25600E+01
 -1       102-1.26145E+01-8.95578E+00-1.66307E+00-2.81499E+05 3.96762E+04 6.74886E+00
 -1       103-2.88550E+01-2.28474E+02-2.21580E+01-2.62851E+05-1.28208E+04 1.27252E+01
 -1       104-2.16469E+01 2.18751E+01 2.41945E+01-2.69970E+05 2.75726E+03-2.91904E+01
 -1       105 5.94415E+01 1.06356E+02 3.26236E+01-2.67872E+05-6.72895E+02 2.45989E+01
 -1       106 3.16481E+01 1.39385E+02 4.65125E+01-2.68529E+05 1.23856E+02 2.79715E+01
 -1       107 1.28402E+02 3.72395E+02 5.07346E+01-2.68242E+05 9.35997E+01-9.31882E+00
 -1       108 2.15073E+01 1.21022E+02-2.16434E+01-2.68861E+05-3.59394E+02 1.11199E+01
 -1       109 1.48334E+01 7.36674E-01 7.98572E+00-2.66859E+05 2.70249E+03-4.93169E+00
 -1       110 4.74047E+06 3.38311E+05 2.50369E+05-4.63435E+04-2.90650E+05-7.92621E+04
 -1       111-7.68564E+00-4.91174E+01 7.74775E+00-5.63650E+04 3.76619E+05 8.04201E+00
 -1       112 3.99218E+06 4.75081E+04 4.62516E+04-2.10406E+05 4.14318E+04-1.32348E+04
 -1       113-3.71805E-01-3.86027E+01 1.47313E+01-1.34904E+05-6.29919E+04-1.57783E+01
 -1       114 3.47682E+06 4.28073E+03 1.01381E+03-1.98314E+05-1.35544E+04-4.41044E+03
 -1       115-4.57399E+01-8.26088E+00-1.50970E+01-1.21000E+05 1.85273E+04 1.39885E+01
 -1       116 2.97537E+06 1.22488E+03 1.30219E+03-2.04842E+05 3.03643E+03-4.07727E+03
 -1       117 7.95555E+01-1.23918E+01 2.49757E+01-1.21594E+05-4.18837E+03-1.73310E+01
 -1       118 2.47970E+06 1.85621E+01-8.72398E+01-2.03624E+05-7.69148E+02-3.81972E+03
 -1       119-7.13403E+01 1.00363E+01-3.09046E+01-1.22087E+05 1.04532E+03-1.78909E+01
 -1       120 1.98358E+06 2.00394E+02 1.28573E+02-2.03980E+05 1.80420E+02-3.84188E+03
 -1       121-1.65227E+01-1.71479E+01-3.39700E+01-1.21791E+05-2.60298E+02 2.24929E+01
 -1       122 1.48766E+06 3.62380E+01-4.85554E+01-2.03877E+05 5.11099E+01-3.83226E+03
 -1       123 3.74395E+01 3.01234E+01-2.81606E+01-1.21896E+05 9.40065E+01-6.78403E+00
 -1       124 9.91238E+05-9.24377E+02-5.81030E+02-2.03766E+05-3.01930E+02-4.03426E+03
 -1       125-4.88958E+01 2.47642E+01-6.55192E+01-1.21987E+05-1.68785E+02 1.73591E+01
 -1       126 4.90063E+05-9.05792E+03-5.17215E+03-2.01999E+05 2.29553E+03-4.10617E+03
 -1       127 3.71742E+01 1.92287E+01 5.48497E+00-1.21553E+05 6.97319E+02-7.61338E+00
 -1       128-4.61749E+01 4.35532E-01 5.47047E+00-1.22914E+05-4.05994E+03 2.01870E+01
 -1       129-4.74060E+06-3.38626E+05-2.50474E+05-4.63249E+04-2.90665E+05 7.92375E+04
 -1       130-3.99222E+06-4.75851E+04-4.62875E+04-2.10410E+05 4.14387E+04 1.32473E+04
 -1       131-3.47686E+06-4.55205E+03-1.05630E+03-1.98293E+05-1.35958E+04 4.44758E+03
 -1       132-2.97538E+06-1.19246E+03-1.25874E+03-2.04843E+05 3.03854E+03 3.98359E+03
 -1       133-2.47961E+06 1.14099E+02 1.96570E+02-2.03629E+05-7.78012E+02 3.83499E+03
 -1       134-1.98353E+06 4.43906E+01-6.88946E+01-2.03988E+05 1.64157E+02 3.90078E+03
 -1       135-1.48747E+06 4.48005E+02 1.63130E+02-2.03893E+05 9.22386E+01 3.81227E+03
 -1       136-9.91223E+05 1.10727E+03 5.51433E+02-2.03811E+05-2.99724E+02 4.04756E+03
 -1       137-4.90011E+05 9.12652E+03 5.21103E+03-2.02032E+05 2.29682E+03 4.10806E+03
 -1       138-1.83816E+01 3.07904E+01 7.30224E+01-2.43673E+05 9.71350E+00 1.44362E+01
 -1       139 2.06652E+00-1.90791E+01 3.24624E+01-2.66918E+05-2.70405E+03 9.23386E+00
 -1       140-7.41596E+01-1.72941E+02-4.62582E+01-2.68778E+05 3.62727E+02-1.29850E+01
 -1       141-1.08392E+02-3.89624E+02-8.12684E+01-2.68245E+05-8.18143E+01 1.71357E+01
 -1       142 5.43763E+00-1.01868E+02 2.77539E+00-2.68564E+05-9.53813E+01 1.94065E+00
 -1       143-9.15277E+01-1.26111E+02-1.59096E+01-2.67891E+05 7.06391E+02-1.17116E+01
 -1       144 3.31522E+01 2.80734E+01 3.82080E+01-2.69965E+05-2.76852E+03 3.02723E+01
 -1       145 9.69432E+01 2.56178E+02 9.09587E+01-2.62914E+05 1.28176E+04-1.49361E+01
 -1       146-1.70250E+01 3.38594E+00 1.38755E+01-2.81457E+05-3.96789E+04 2.40015E+00
 -1       147 7.39630E+01 2.37029E+02 1.92502E+01-1.90258E+05 2.86172E+05 3.46486E+00
 -1       148 4.90017E+05-9.10382E+03-5.17956E+03-2.02056E+05-2.29527E+03 4.13842E+03
 -1       149 2.52497E+00 6.52447E+01 3.60626E+00-1.22906E+05 4.06100E+03-1.12443E+01
 -1       150 9.91186E+05-1.16238E+03-6.22015E+02-2.03752E+05 2.88311E+02 4.03304E+03
 -1       151-5.13939E+00-1.49661E+01 4.31033E+01-1.21521E+05-6.70706E+02 8.53018E-01
 -1       152 1.48745E+06-4.90983E+02-2.01838E+02-2.03874E+05-7.45872E+01 3.83448E+03
 -1       153-9.29060E+00-8.33027E+01 3.13848E+01-1.21982E+05 1.75415E+02 1.37297E+01
 -1       154 1.98357E+06-1.12365E+01 7.03430E+01-2.04011E+05-1.45000E+02 3.84822E+03
 -1       155 1.68928E+01-4.23867E+01 3.51921E+01-1.21891E+05-9.18993E+01-1.58246E+01
 -1       156 2.47954E+06-1.83128E+02-1.84166E+02-2.03628E+05 7.91593E+02 3.81548E+03
 -1       157-9.34939E+00 2.29363E+00 1.84729E+01-1.21815E+05 2.57881E+02-1.03882E+01
 -1       158 2.97542E+06 1.23338E+03 1.32731E+03-2.04852E+05-3.03254E+03 4.04831E+03
 -1       159 2.02315E+01 4.84389E+00 2.11634E+01-1.22081E+05-1.05025E+03-9.71876E+00
 -1       160 3.47692E+06 4.58176E+03 1.12514E+03-1.98336E+05 1.35648E+04 4.40720E+03
 -1       161-8.97503E+00 4.42767E+01-1.43832E+01-1.21611E+05 4.20645E+03-3.02113E+00
 -1       162 3.99217E+06 4.75649E+04 4.62658E+04-2.10388E+05-4.14498E+04 1.32408E+04
 -1       163 2.93011E+01 1.65088E+01-9.39568E+00-1.21006E+05-1.85410E+04 4.81951E+00
 -1       164 4.74058E+06 3.38580E+05 2.50418E+05-4.63565E+04 2.90666E+05 7.92467E+04
 -1       165-4.05661E+01 1.89719E+01-2.45047E+01-1.34901E+05 6.29950E+04 4.77571E+00
 -1       166 3.53234E+01 5.81714E+01-9.30322E-01-5.63793E+04-3.76640E+05 1.72208E+01
 -1       167-4.90030E+05 9.08203E+03 5.19406E+03-2.02057E+05-2.29367E+03-4.11453E+03
 -1       168-9.91301E+05 8.62906E+02 5.30681E+02-2.03755E+05 2.89327E+02-4.05099E+03
 -1       169-1.48763E+06-1.52105E+01 1.14850E+01-2.03864E+05-3.25856E+01-3.80958E+03
 -1       170-1.98356E+06-2.08803E+02-8.61853E+01-2.04002E+05-1.51441E+02-3.86466E+03
 -1       171-2.47975E+06-4.20674E+01 7.78516E+01-2.03649E+05 8.05422E+02-3.82263E+03
 -1       172-2.97532E+06-1.15533E+03-1.21519E+03-2.04829E+05-3.04384E+03-4.01342E+03
 -1       173-3.47679E+06-4.29457E+03-1.01205E+03-1.98328E+05 1.35622E+04-4.43133E+03
 -1       174-3.99219E+06-4.74426E+04-4.62298E+04-2.10385E+05-4.14443E+04-1.32507E+04
 -1       175-4.74047E+06-3.38314E+05-2.50376E+05-4.63574E+04 2.90646E+05-7.92300E+04
 -1       176 1.93958E+01 7.54280E+00 7.54261E+00 1.97966E+05-1.35081E-04 8.27138E+00
 -1       177 9.22790E+06-2.25790E+04 2.42875E+05 1.93180E+04 1.69727E+00-5.86195E+00
 -1       178 8.01932E+06 1.82066E+05 1.22268E+05-8.62041E+04-6.22181E-01 3.91086E+00
 -1       179 6.93922E+06-2.62749E+04-9.89395E+03-1.11540E+05 2.84742E+00-5.14735E-01
 -1       180 5.95378E+06 9.64956E+03 4.81090E+03-1.09528E+05 2.01129E+00-1.92879E+01
 -1       181 4.95826E+06-2.17085E+03-8.52697E+02-1.11166E+05 1.71111E+01-6.87182E+00
 -1       182 3.96720E+06 5.34273E+02 2.02917E+02-1.10708E+05 3.29588E+00-7.05209E+00
 -1       183 2.97523E+06-6.07409E+01 2.35902E+01-1.10931E+05-4.01953E+00 7.48809E+00
 -1       184 1.98223E+06-2.19135E+03-1.42630E+03-1.10019E+05-1.66119E+01-1.36634E+01
 -1       185 9.85171E+05-6.28044E+03-4.71613E+03-1.08912E+05-1.01573E+00 2.65562E+01
 -1       186-9.22789E+06 2.25825E+04-2.42871E+05 1.93232E+04 7.66314E+00 3.04854E+00
 -1       187-8.01935E+06-1.82071E+05-1.22307E+05-8.62195E+04-1.91326E+01 1.11722E+01
 -1       188-6.93923E+06 2.62443E+04 9.86698E+03-1.11532E+05-2.13057E+01-5.69663E+00
 -1       189-5.95375E+06-9.64690E+03-4.77447E+03-1.09514E+05 2.58655E+00-1.61707E+01
 -1       190-4.95831E+06 2.12825E+03 8.48213E+02-1.11146E+05-8.69502E+00 6.35690E+00
 -1       191-3.96715E+06-5.18405E+02-1.60152E+02-1.10724E+05 2.19324E+01 1.41979E+01
 -1       192-2.97523E+06 6.91742E+01-4.63397E+01-1.10940E+05 1.62877E+01-9.16896E-01
 -1       193-1.98223E+06 2.19988E+03 1.44120E+03-1.10020E+05-1.24231E+01 1.01489E+01
 -1       194-9.85178E+05 6.24760E+03 4.65992E+03-1.08956E+05 1.51909E+00-2.16397E+01
 -1       195-4.96624E+00 3.99293E+00-1.73388E+01-2.41147E+05 1.53491E-02-9.71002E+00
 -1       196-2.02902E+01-2.85364E+01-2.63605E+00-2.44924E+05-5.03760E-01 4.04083E+00
 -1       197 2.81542E+01 9.91412E+00 3.16484E+01-2.45803E+05-5.80047E+00-9.05328E-01
 -1       198-8.76842E-01 5.93480E+00 2.40143E+01-2.47849E+05-4.97830E+00-8.83747E-01
 -1       199-2.75873E+00 5.47202E+00 1.63751E+01-2.46973E+05 1.33705E+01 6.02598E+00
 -1       200 1.47193E+01 2.20475E+01 2.44945E+01-2.47340E+05 1.95197E+01 1.38720E+01
 -1       201 1.17334E+01-4.04164E+00-1.35027E+01-2.47113E+05 3.27080E+00 3.25749E+00
 -1       202-1.66803E+01 4.61007E-01-2.38520E+01-2.47680E+05 4.27487E+00 4.60191E-01
 -1       203-5.55890E-01-5.09574E+01 6.00298E+00-2.45777E+05-2.33800E+00 4.41420E+00
 -3
    1PSTEP                         3           1           1          
  100CL  101 1.000000000         203                     0    1           1
 -4  TOSTRAIN    6    1
 -5  EXX         1    4    1    1
 -5  EYY         1    4    2    2
 -5  EZZ         1    4    3    3
 -5  EXY         1    4    1    2
 -5  EYZ         1    4    2    3
 -5  EZX         1    4    3    1
 -1         1 4.09951E-05 2.33687E-10 2.06519E-10-1.10687E-06 1.30008E-11 4.87423E-06
 -1         2-4.09949E-05-2.33680E-10-2.06518E-10-1.10700E-06 1.29999E-11-4.87408E-06
 -1         3-5.01768E-07 2.37472E-07 1.47009E-07-7.79799E-07 2.89490E-08 2.66388E-08
 -1         4 5.01191E-07-2.37465E-07-1.46801E-07-7.79544E-07 2.90276E-08-2.63104E-08
 -1         5-5.01673E-07 2.37872E-07 1.46817E-07-7.79839E-07-2.91993E-08-2.65062E-08
 -1         6 5.01527E-07-2.37511E-07-1.46625E-07-7.79361E-07-2.88635E-08 2.61915E-08
 -1         7-4.09950E-05-2.33688E-10-2.06517E-10-1.10681E-06-1.29991E-11 4.87429E-06
 -1         8 4.09950E-05 2.33681E-10 2.06520E-10-1.10696E-06-1.29989E-11-4.87421E-06
 -1         9 3.02765E-11 2.00103E-16 1.52948E-15 2.06112E-06 1.31860E-11 2.92594E-11
 -1        10 2.04387E-05-2.49944E-10-2.31900E-10 7.42159E-07 1.30913E-11 2.43975E-06
 -1        11-2.04386E-05 2.49948E-10 2.31898E-10 7.42119E-07 1.30920E-11-2.43963E-06
 -1        12-4.36292E-05 1.27538E-05 1.11166E-05 4.29129E-07-1.79898E-06 9.64670E-07
 -1        13-3.77570E-05 9.97236E-06 1.03523E-05-7.47354E-07 2.63275E-07 1.59511E-07
 -1        14-3.30933E-05 9.37003E-06 9.26397E-06-7.84905E-07-8.75104E-08 5.51252E-08
 -1        15-2.83299E-05 7.89613E-06 7.92802E-06-8.01858E-07 2.01855E-08 4.83384E-08
 -1        16-2.36140E-05 6.62061E-06 6.61229E-06-8.04988E-07-5.40808E-09 4.67580E-08
 -1        17-1.88895E-05 5.28703E-06 5.28901E-06-8.04093E-07 1.43299E-09 4.72909E-08
 -1        18-1.41674E-05 3.96778E-06 3.96673E-06-8.05068E-07 4.92991E-10 4.65130E-08
 -1        19-9.44293E-06 2.65089E-06 2.64665E-06-7.99713E-07-1.42989E-09 4.96101E-08
 -1        20-4.70974E-06 1.33998E-06 1.32745E-06-7.92301E-07 1.15679E-08 4.87713E-08
 -1        21-4.31062E-05 1.08770E-05 1.25278E-05-5.98155E-07 2.26836E-06-1.35392E-06
 -1        22-4.01804E-05 1.19881E-05 1.15430E-05-4.16552E-09-4.00437E-07 6.06640E-08
 -1        23-3.53531E-05 9.75613E-06 9.87706E-06 8.97453E-08 1.19277E-07 1.00388E-08
 -1        24-3.07094E-05 8.64439E-06 8.60745E-06 8.16780E-08-2.84638E-08 5.16105E-08
 -1        25-2.59707E-05 7.26054E-06 7.27053E-06 9.00068E-08 7.44479E-09 4.53799E-08
 -1        26-2.12532E-05 5.95364E-06 5.95135E-06 8.77245E-08-1.92031E-09 4.72462E-08
 -1        27-1.65286E-05 4.62648E-06 4.62803E-06 8.79026E-08 6.79144E-10 4.68048E-08
 -1        28-1.18083E-05 3.30598E-06 3.30652E-06 8.94054E-08-8.50680E-10 4.72062E-08
 -1        29-7.08241E-06 1.97732E-06 1.98062E-06 8.14949E-08 2.06511E-09 4.43297E-08
 -1        30-2.39927E-06 6.51940E-07 6.63860E-07 9.06138E-08-1.29812E-08 4.34042E-08
 -1        31-4.89732E-10-2.53255E-10 5.71398E-10-1.59185E-06 7.76491E-10 2.75902E-10
 -1        32 2.43887E-07-1.91978E-07-6.24802E-08-1.20655E-06 1.48966E-08-1.45691E-08
 -1        33-2.44667E-07 1.91728E-07 6.33114E-08-1.20664E-06 1.48606E-08 1.50446E-08
 -1        34 4.36290E-05-1.27541E-05-1.11167E-05 4.29150E-07-1.79887E-06-9.64779E-07
 -1        35 3.77571E-05-9.97285E-06-1.03524E-05-7.47456E-07 2.63282E-07-1.59304E-07
 -1        36 3.30933E-05-9.37035E-06-9.26410E-06-7.84823E-07-8.71108E-08-5.49472E-08
 -1        37 2.83298E-05-7.89609E-06-7.92802E-06-8.02123E-07 2.02191E-08-4.89928E-08
 -1        38 2.36141E-05-6.62066E-06-6.61176E-06-8.05152E-07-5.25686E-09-4.68636E-08
 -1        39 1.88893E-05-5.28611E-06-5.28904E-06-8.03985E-07 1.22724E-09-4.69522E-08
 -1        40 1.41675E-05-3.96707E-06-3.96650E-06-8.05054E-07 7.15455E-11-4.65868E-08
 -1        41 9.44278E-06-2.65026E-06-2.64671E-06-7.99410E-07-1.56545E-09-4.95640E-08
 -1        42 4.70989E-06-1.33952E-06-1.32759E-06-7.91711E-07 1.14622E-08-4.87632E-08
 -1        43 4.31062E-05-1.08766E-05-1.25279E-05-5.98225E-07 2.26829E-06 1.35387E-06
 -1        44 4.01805E-05-1.19879E-05-1.15430E-05-4.17221E-09-4.00582E-07-6.05783E-08
 -1        45 3.53527E-05-9.75541E-06-9.87717E-06 8.97136E-08 1.18999E-07-9.95043E-09
 -1        46 3.07102E-05-8.64401E-06-8.60766E-06 8.16535E-08-2.84450E-08-5.16821E-08
 -1        47 2.59702E-05-7.26066E-06-7.27047E-06 8.99146E-08 7.49254E-09-4.56741E-08
 -1        48 2.12532E-05-5.95418E-06-5.95107E-06 8.78177E-08-1.88675E-09-4.69755E-08
 -1        49 1.65289E-05-4.62749E-06-4.62787E-06 8.80258E-08 7.42358E-10-4.66941E-08
 -1        50 1.18081E-05-3.30688E-06-3.30613E-06 8.92246E-08-7.89596E-10-4.71964E-08
 -1        51 7.08266E-06-1.97726E-06-1.98070E-06 8.14945E-08 2.14170E-09-4.43930E-08
 -1        52 2.39886E-06-6.51312E-07-6.63962E-07 9.08728E-08-1.32364E-08-4.32333E-08
 -1        53-4.91885E-07 2.46660E-07 1.46944E-07-6.75020E-07-9.23762E-11 6.75902E-11
 -1        54-1.77937E-10 9.66111E-10 9.09533E-11-1.59137E-06-6.16287E-10-1.39954E-10
 -1        55 2.44248E-07-1.91557E-07-6.26326E-08-1.20614E-06-1.47089E-08 1.46727E-08
 -1        56-2.44503E-07 1.92704E-07 6.29752E-08-1.20650E-06-1.49464E-08-1.49157E-08
 -1        57 4.91645E-07-2.47041E-07-1.46744E-07-6.74795E-07 7.49576E-12-6.44842E-11
 -1        58-4.70974E-06 1.33980E-06 1.32729E-06-7.92105E-07-1.14785E-08-4.90492E-08
 -1        59-9.44298E-06 2.65023E-06 2.64691E-06-7.99607E-07 1.31079E-09-4.94763E-08
 -1        60-1.41673E-05 3.96738E-06 3.96625E-06-8.04844E-07-2.62053E-11-4.65297E-08
 -1        61-1.88893E-05 5.28602E-06 5.28944E-06-8.04101E-07-1.23147E-09-4.71140E-08
 -1        62-2.36143E-05 6.62058E-06 6.61169E-06-8.05165E-07 5.50257E-09-4.66719E-08
 -1        63-2.83296E-05 7.89635E-06 7.92818E-06-8.02088E-07-2.01942E-08-4.85488E-08
 -1        64-3.30932E-05 9.37001E-06 9.26379E-06-7.84720E-07 8.72286E-08-5.51903E-08
 -1        65-3.77572E-05 9.97330E-06 1.03524E-05-7.47505E-07-2.63499E-07-1.59388E-07
 -1        66-4.36290E-05 1.27540E-05 1.11169E-05 4.29216E-07 1.79891E-06-9.64632E-07
 -1        67-2.39910E-06 6.51705E-07 6.63688E-07 9.05920E-08 1.29660E-08-4.33754E-08
 -1        68-7.08263E-06 1.97747E-06 1.98067E-06 8.14082E-08-2.07614E-09-4.45205E-08
 -1        69-1.18081E-05 3.30692E-06 3.30641E-06 8.91635E-08 6.25937E-10-4.70660E-08
 -1        70-1.65288E-05 4.62749E-06 4.62801E-06 8.81357E-08-8.82553E-10-4.69182E-08
 -1        71-2.12533E-05 5.95405E-06 5.95127E-06 8.78020E-08 1.73524E-09-4.70648E-08
 -1        72-2.59703E-05 7.26082E-06 7.27031E-06 8.99043E-08-7.41898E-09-4.54754E-08
 -1        73-3.07100E-05 8.64411E-06 8.60744E-06 8.18497E-08 2.85199E-08-5.15756E-08
 -1        74-3.53527E-05 9.75532E-06 9.87698E-06 8.98459E-08-1.19092E-07-1.01165E-08
 -1        75-4.01807E-05 1.19879E-05 1.15432E-05-4.14898E-09 4.00545E-07-6.05999E-08
 -1        76-4.31061E-05 1.08764E-05 1.25279E-05-5.98086E-07-2.26823E-06 1.35390E-06
 -1        77 1.52342E-10-5.32785E-16 9.23791E-16 2.06110E-06-1.31848E-11 4.13480E-11
 -1        78 2.04387E-05-2.49947E-10-2.31900E-10 7.42131E-07-1.30940E-11-2.43969E-06
 -1        79-2.04385E-05 2.49943E-10 2.31898E-10 7.42175E-07-1.30928E-11 2.43978E-06
 -1        80 4.70964E-06-1.33974E-06-1.32758E-06-7.92171E-07-1.15074E-08 4.90931E-08
 -1        81 9.44303E-06-2.65121E-06-2.64673E-06-7.99674E-07 1.26701E-09 4.94040E-08
 -1        82 1.41672E-05-3.96801E-06-3.96670E-06-8.04852E-07-3.24851E-10 4.66815E-08
 -1        83 1.88897E-05-5.28712E-06-5.28917E-06-8.04106E-07-1.25001E-09 4.68676E-08
 -1        84 2.36137E-05-6.62096E-06-6.61200E-06-8.05029E-07 5.34732E-09 4.67730E-08
 -1        85 2.83300E-05-7.89625E-06-7.92793E-06-8.01930E-07-2.01703E-08 4.87416E-08
 -1        86 3.30934E-05-9.36985E-06-9.26382E-06-7.84934E-07 8.72705E-08 5.49458E-08
 -1        87 3.77569E-05-9.97224E-06-1.03525E-05-7.47296E-07-2.63319E-07 1.59362E-07
 -1        88 4.36292E-05-1.27539E-05-1.11168E-05 4.29061E-07 1.79899E-06 9.64705E-07
 -1        89 2.39902E-06-6.51717E-07-6.63866E-07 9.07948E-08 1.31336E-08 4.32566E-08
 -1        90 7.08249E-06-1.97737E-06-1.98070E-06 8.16149E-08-2.06263E-09 4.44534E-08
 -1        91 1.18082E-05-3.30631E-06-3.30624E-06 8.92131E-08 9.26194E-10 4.71975E-08
 -1        92 1.65290E-05-4.62680E-06-4.62803E-06 8.81893E-08-5.85388E-10 4.67412E-08
 -1        93 2.12531E-05-5.95384E-06-5.95125E-06 8.77607E-08 1.89035E-09 4.70979E-08
 -1        94 2.59705E-05-7.26061E-06-7.27054E-06 9.00595E-08-7.54294E-09 4.56459E-08
 -1        95 3.07098E-05-8.64451E-06-8.60747E-06 8.16901E-08 2.84925E-08 5.17898E-08
 -1        96 3.53529E-05-9.75560E-06-9.87707E-06 8.98203E-08-1.19224E-07 9.95209E-09
 -1        97 4.01803E-05-1.19880E-05-1.15431E-05-4.17464E-09 4.00547E-07 6.06195E-08
 -1        98 4.31063E-05-1.08769E-05-1.25279E-05-5.98177E-07-2.26844E-06-1.35391E-06
 -1        99-4.09790E-05 2.35614E-10 2.32340E-10-1.95873E-06 4.90862E-16 9.45999E-11
 -1       100 4.09791E-05-2.35614E-10-2.32343E-10-1.95873E-06-1.97528E-15 1.38666E-11
 -1       101-1.83142E-11-1.01360E-09 1.60454E-10-1.15939E-06-1.74432E-06-1.37508E-10
 -1       102-4.59105E-11-2.36099E-11 2.08410E-11-1.71581E-06 2.41836E-07 4.11359E-11
 -1       103 1.96771E-10-1.01995E-09 2.37590E-10-1.60214E-06-7.81459E-08 7.75629E-11
 -1       104-1.64506E-10 1.00770E-10 1.14907E-10-1.64553E-06 1.68061E-08-1.77922E-10
 -1       105 9.77482E-11 3.83706E-10-6.57136E-11-1.63274E-06-4.10146E-09 1.49936E-10
 -1       106-9.71582E-11 5.59523E-10-6.55570E-12-1.63675E-06 7.54932E-10 1.70493E-10
 -1       107 4.72678E-11 1.53446E-09-4.26136E-10-1.63500E-06 5.70513E-10-5.68004E-11
 -1       108-3.00888E-11 5.76475E-10-2.93103E-10-1.63877E-06-2.19059E-09 6.77785E-11
 -1       109 5.90053E-11-2.69175E-11 1.72672E-11-1.62657E-06 1.64723E-08-3.00598E-11
 -1       110 2.17887E-05-5.04344E-06-5.57947E-06-2.82475E-07-1.77158E-06-4.83121E-07
 -1       111 1.85613E-11-2.33975E-10 1.12631E-10-3.43558E-07 2.29559E-06 4.90180E-11
 -1       112 1.88854E-05-5.15835E-06-5.16600E-06-1.28247E-06 2.52537E-07-8.06693E-08
 -1       113 3.00580E-11-2.02968E-10 1.22115E-10-8.22274E-07-3.83951E-07-9.61727E-11
 -1       114 1.65492E-05-4.61673E-06-4.63665E-06-1.20877E-06-8.26171E-08-2.68827E-08
 -1       115-1.86665E-10 4.17783E-11 1.10468E-13-7.37527E-07 1.12928E-07 8.52631E-11
 -1       116 1.41650E-05-3.96306E-06-3.96259E-06-1.24856E-06 1.85078E-08-2.48519E-08
 -1       117 3.62057E-10-1.98384E-10 2.93805E-11-7.41145E-07-2.55291E-08-1.05637E-10
 -1       118 1.18082E-05-3.30606E-06-3.30671E-06-1.24114E-06-4.68814E-09-2.32821E-08
 -1       119-3.11891E-10 1.84118E-10-6.54264E-11-7.44152E-07 6.37145E-09-1.09049E-10
 -1       120 9.44517E-06-2.64399E-06-2.64442E-06-1.24331E-06 1.09970E-09-2.34172E-08
 -1       121-1.05220E-11-1.43333E-11-1.16868E-10-7.42348E-07-1.58658E-09 1.37099E-10
 -1       122 7.08412E-06-1.98331E-06-1.98383E-06-1.24268E-06 3.11527E-10-2.33585E-08
 -1       123 1.75666E-10 1.31073E-10-2.24182E-10-7.42988E-07 5.72992E-10-4.13503E-11
 -1       124 4.72219E-06-1.32528E-06-1.32318E-06-1.24200E-06-1.84033E-09-2.45898E-08
 -1       125-1.78497E-10 2.70478E-10-2.79820E-10-7.43537E-07-1.02878E-09 1.05808E-10
 -1       126 2.35261E-06-6.89654E-07-6.65970E-07-1.23123E-06 1.39918E-08-2.50281E-08
 -1       127 1.44069E-10 3.46864E-11-4.90851E-11-7.40893E-07 4.25032E-09-4.64054E-11
 -1       128-2.27755E-10 5.63466E-11 8.70357E-11-7.49192E-07-2.47463E-08 1.23044E-10
 -1       129-2.17888E-05 5.04226E-06 5.57957E-06-2.82361E-07-1.77167E-06 4.82971E-07
 -1       130-1.88854E-05 5.15808E-06 5.16599E-06-1.28250E-06 2.52579E-07 8.07451E-08
 -1       131-1.65490E-05 4.61555E-06 4.63686E-06-1.20864E-06-8.28697E-08 2.71091E-08
 -1       132-1.41652E-05 3.96318E-06 3.96277E-06-1.24857E-06 1.85207E-08 2.42809E-08
 -1       133-1.18081E-05 3.30642E-06 3.30693E-06-1.24117E-06-4.74217E-09 2.33752E-08
 -1       134-9.44535E-06 2.64501E-06 2.64432E-06-1.24336E-06 1.00058E-09 2.37762E-08
 -1       135-7.08399E-06 1.98521E-06 1.98347E-06-1.24278E-06 5.62216E-10 2.32367E-08
 -1       136-4.72232E-06 1.32617E-06 1.32278E-06-1.24227E-06-1.82689E-09 2.46708E-08
 -1       137-2.35250E-06 6.89860E-07 6.65994E-07-1.23143E-06 1.39996E-08 2.50396E-08
 -1       138-2.25948E-10 7.37666E-11 3.31181E-10-1.48525E-06 5.92061E-11 8.79921E-11
 -1       139-8.00385E-12-1.36892E-10 1.77267E-10-1.62693E-06-1.64818E-08 5.62826E-11
 -1       140-6.08747E-11-6.62974E-10 1.09191E-10-1.63826E-06 2.21091E-09-7.91466E-11
 -1       141 1.11706E-10-1.60247E-09 2.77028E-10-1.63502E-06-4.98677E-10 1.04446E-10
 -1       142 1.58017E-10-4.96036E-10 1.41790E-10-1.63696E-06-5.81372E-10 1.18287E-11
 -1       143-2.46485E-10-4.57279E-10 2.14425E-10-1.63286E-06 4.30562E-09-7.13850E-11
 -1       144 6.94922E-11 3.85359E-11 1.00309E-10-1.64550E-06-1.68748E-08 1.84517E-10
 -1       145-1.21430E-12 9.69359E-10-3.76914E-11-1.60252E-06 7.81266E-08-9.10390E-11
 -1       146-1.04087E-10 2.03228E-11 8.42592E-11-1.71555E-06-2.41852E-07 1.46295E-11
 -1       147 1.04987E-11 1.00443E-09-3.22988E-10-1.15967E-06 1.74429E-06 2.11191E-11
 -1       148 2.35246E-06-6.89801E-07-6.65882E-07-1.23158E-06-1.39902E-08 2.52246E-08
 -1       149-7.97776E-11 3.02514E-10-7.31869E-11-7.49141E-07 2.47528E-08-6.85370E-11
 -1       150 4.72231E-06-1.32629E-06-1.32299E-06-1.24192E-06 1.75733E-09 2.45824E-08
 -1       151-6.19895E-11-1.21886E-10 2.32061E-10-7.40701E-07-4.08811E-09 5.19935E-12
 -1       152 7.08403E-06-1.98534E-06-1.98358E-06-1.24266E-06-4.54627E-10 2.33721E-08
 -1       153 2.49829E-11-4.26138E-10 2.72909E-10-7.43507E-07 1.06920E-09 8.36856E-11
 -1       154 9.44551E-06-2.64491E-06-2.64441E-06-1.24349E-06-8.83813E-10 2.34558E-08
 -1       155 9.00347E-11-2.71288E-10 2.01573E-10-7.42953E-07-5.60148E-10-9.64549E-11
 -1       156 1.18078E-05-3.30668E-06-3.30669E-06-1.24116E-06 4.82494E-09 2.32562E-08
 -1       157-7.22097E-11-1.24271E-12 9.73741E-11-7.42491E-07 1.57184E-09-6.33188E-11
 -1       158 1.41652E-05-3.96312E-06-3.96255E-06-1.24862E-06-1.84841E-08 2.46754E-08
 -1       159 6.16641E-11-3.21270E-11 6.73441E-11-7.44113E-07-6.40153E-09-5.92382E-11
 -1       160 1.65492E-05-4.61558E-06-4.63665E-06-1.20891E-06 8.26810E-08 2.68630E-08
 -1       161-8.25962E-11 2.41986E-10-1.15560E-10-7.41245E-07 2.56393E-08-1.84145E-11
 -1       162 1.88852E-05-5.15809E-06-5.16601E-06-1.28237E-06-2.52646E-07 8.07057E-08
 -1       163 1.30045E-10 5.20726E-11-1.05821E-10-7.37560E-07-1.13012E-07 2.93761E-11
 -1       164 2.17888E-05-5.04238E-06-5.57974E-06-2.82554E-07 1.77168E-06 4.83028E-07
 -1       165-1.85795E-10 1.77103E-10-8.78971E-11-8.22253E-07 3.83969E-07 2.91091E-11
 -1       166 9.18853E-11 2.31149E-10-1.29090E-10-3.43645E-07-2.29571E-06 1.04965E-10
 -1       167-2.35251E-06 6.89696E-07 6.65998E-07-1.23158E-06-1.39805E-08-2.50790E-08
 -1       168-4.72234E-06 1.32514E-06 1.32311E-06-1.24193E-06 1.76352E-09-2.46917E-08
 -1       169-7.08395E-06 1.98342E-06 1.98358E-06-1.24260E-06-1.98617E-10-2.32203E-08
 -1       170-9.44513E-06 2.64387E-06 2.64461E-06-1.24344E-06-9.23068E-10-2.35560E-08
 -1       171-1.18084E-05 3.30603E-06 3.30676E-06-1.24129E-06 4.90924E-09-2.32998E-08
 -1       172-1.41650E-05 3.96321E-06 3.96285E-06-1.24848E-06-1.85529E-08-2.44627E-08
 -1       173-1.65491E-05 4.61662E-06 4.63663E-06-1.20886E-06 8.26648E-08-2.70100E-08
 -1       174-1.88855E-05 5.15864E-06 5.16603E-06-1.28235E-06-2.52613E-07-8.07664E-08
 -1       175-2.17888E-05 5.04345E-06 5.57945E-06-2.82560E-07 1.77156E-06-4.82926E-07
 -1       176 7.22469E-11 2.41414E-16-9.00560E-16 1.20665E-06-8.23349E-16 5.04160E-11
 -1       177 4.36487E-05-1.27352E-05-1.11172E-05 1.17748E-07 1.03453E-11-3.57300E-11
 -1       178 3.77815E-05-9.98847E-06-1.03530E-05-5.25435E-07-3.79234E-12 2.38376E-11
 -1       179 3.30921E-05-9.36422E-06-9.26438E-06-6.79863E-07 1.73557E-11-3.13743E-12
 -1       180 2.83320E-05-7.89884E-06-7.92833E-06-6.67599E-07 1.22593E-11-1.17564E-10
 -1       181 2.36148E-05-6.62021E-06-6.61218E-06-6.77585E-07 1.04296E-10-4.18854E-11
 -1       182 1.88904E-05-5.28732E-06-5.28934E-06-6.74793E-07 2.00892E-11-4.29842E-11
 -1       183 1.41678E-05-3.96729E-06-3.96678E-06-6.76153E-07-2.45000E-11 4.56417E-11
 -1       184 9.44400E-06-2.65150E-06-2.64684E-06-6.70593E-07-1.01253E-10-8.32816E-11
 -1       185 4.70595E-06-1.33718E-06-1.32764E-06-6.63843E-07-6.19114E-12 1.61866E-10
 -1       186-4.36486E-05 1.27352E-05 1.11172E-05 1.17780E-07 4.67086E-11 1.85816E-11
 -1       187-3.77816E-05 9.98854E-06 1.03528E-05-5.25529E-07-1.16617E-10 6.80970E-11
 -1       188-3.30921E-05 9.36412E-06 9.26430E-06-6.79813E-07-1.29863E-10-3.47223E-11
 -1       189-2.83320E-05 7.89876E-06 7.92846E-06-6.67513E-07 1.57656E-11-9.85646E-11
 -1       190-2.36150E-05 6.62009E-06 6.61229E-06-6.77462E-07-5.29982E-11 3.87468E-11
 -1       191-1.88903E-05 5.28728E-06 5.28946E-06-6.74891E-07 1.33683E-10 8.65395E-11
 -1       192-1.41678E-05 3.96737E-06 3.96667E-06-6.76203E-07 9.92774E-11-5.58870E-12
 -1       193-9.44405E-06 2.65153E-06 2.64690E-06-6.70598E-07-7.57218E-11 6.18600E-11
 -1       194-4.70587E-06 1.33711E-06 1.32743E-06-6.64114E-07 9.25921E-12-1.31899E-10
 -1       195-5.85425E-12 4.87540E-11-8.12680E-11-1.46985E-06 9.35562E-14-5.91849E-11
 -1       196-5.50570E-11-1.05319E-10 5.25496E-11-1.49287E-06-3.07054E-12 2.46298E-11
 -1       197 7.86510E-11-3.25268E-11 9.99490E-11-1.49823E-06-3.53552E-11-5.51819E-12
 -1       198-4.41076E-11-2.58904E-12 1.07610E-10-1.51070E-06-3.03440E-11-5.38665E-12
 -1       199-4.22662E-11 7.90212E-12 7.43588E-11-1.50536E-06 8.14962E-11 3.67298E-11
 -1       200 8.03573E-12 5.27031E-11 6.76181E-11-1.50760E-06 1.18977E-10 8.45534E-11
 -1       201 7.92658E-11-1.68868E-11-7.45543E-11-1.50621E-06 1.99363E-11 1.98552E-11
 -1       202-4.82420E-11 5.62383E-11-9.19552E-11-1.50967E-06 2.60564E-11 2.80498E-12
 -1       203 5.72921E-11-2.49917E-10 9.72700E-11-1.49807E-06-1.42507E-11 2.69056E-11
 -3
    1PSTEP                         4           1           1          
  100CL  101 1.000000000         203                     0    1           1
 -4  FORC        4    1
 -5  F1          1    2    1    0
 -5  F2          1    2    2    0
 -5  F3          1    2    3    0
 -5  ALL         1    2    0    0    1ALL
 -1         1 4.64191E+02 3.97625E+03-9.24665E+02
 -1         2-4.64166E+02 3.97621E+03 9.24635E+02
 -1         3-5.43528E-10 4.16691E+01-3.77166E-10
 -1         4 1.84759E-09 4.16691E+01 3.45768E-09
 -1         5-1.07713E-09 4.16691E+01 3.55610E-09
 -1         6 1.91020E-10 4.16691E+01-4.03084E-10
 -1         7-4.64188E+02 3.97632E+03-9.24689E+02
 -1         8 4.64192E+02 3.97617E+03 9.24664E+02
 -1         9-1.42067E-02 4.49228E+03-5.93139E-02
 -1        10-7.87816E+03-7.08911E+03-2.25382E+03
 -1        11 7.87809E+03-7.08903E+03 2.25385E+03
 -1        12-1.66742E-10 5.89721E-10-3.31744E-11
 -1        13 2.26112E-02-5.35585E-02-1.50765E-02
 -1        14 6.80959E-02-7.86802E-02-6.30389E-02
 -1        15 8.83227E-02-9.28694E-04 1.64413E-02
 -1        16-7.50666E-02 2.38165E-02 4.22951E-02
 -1        17-3.23673E-02 7.97054E-02 4.83003E-02
 -1        18-8.14850E-02-2.48582E-02 1.91099E-02
 -1        19-3.52806E-02-2.10223E-02 1.38434E-01
 -1        20 5.69013E-03-5.76080E-02 9.17747E-03
 -1        21-4.45440E-02-2.26334E-02 3.15861E-02
 -1        22-3.29202E-02 6.39227E-02-3.40621E-02
 -1        23-1.25368E-02-1.70859E-03 1.33030E-02
 -1        24-4.48268E-02-9.57958E-02 2.02594E-02
 -1        25 5.51376E-02 4.25209E-02-3.61505E-02
 -1        26-7.70909E-02 9.55079E-02-2.24029E-02
 -1        27 1.29244E-01 7.69442E-03-4.87905E-02
 -1        28-3.56460E-02 8.46215E-02-1.31543E-02
 -1        29 3.86242E-02 3.84517E-02 1.20030E-02
 -1        30 7.51287E-02 1.28048E-01-3.90521E-02
 -1        31 2.40811E-02 8.33197E+01-2.45773E-03
 -1        32-1.63506E-01-1.66633E+02-1.69146E-02
 -1        33-1.73863E-01-1.66692E+02-7.31427E-02
 -1        34 2.32828E-10 6.70847E-11-1.74908E-11
 -1        35-1.83847E-02 1.13413E-01-3.53950E-02
 -1        36-4.18103E-02-1.53581E-01 8.63555E-02
 -1        37 5.71987E-02-1.56957E-02-2.87916E-02
 -1        38-3.46735E-02-8.74556E-02 2.18412E-03
 -1        39-2.70282E-02 1.27542E-01 1.77232E-02
 -1        40 2.31617E-02 1.07716E-01 8.49868E-03
 -1        41 4.60030E-02 1.16787E-01-4.79016E-02
 -1        42 1.27894E-01 2.14499E-01-2.99786E-02
 -1        43 7.63791E-03-3.60930E-03-2.85292E-02
 -1        44 2.48624E-02-5.00126E-02-5.21673E-03
 -1        45 1.15847E-02 8.17244E-02 1.02945E-03
 -1        46-7.91809E-02 1.29661E-02 4.59606E-02
 -1        47 3.21941E-02 3.52143E-02 5.12874E-03
 -1        48 3.22021E-02-7.12973E-02-1.87423E-02
 -1        49 6.37730E-03-5.92417E-02-2.62079E-02
 -1        50-9.35862E-03-7.84397E-02-5.73100E-02
 -1        51-4.89546E-02 4.13329E-02 9.73815E-03
 -1        52-5.01493E-03 8.38166E-02 7.65454E-03
 -1        53 7.89108E-02-1.66551E+02 6.19043E-02
 -1        54 3.72647E-03 8.34701E+01 1.37978E-02
 -1        55-1.89878E-02-1.66471E+02 9.22198E-02
 -1        56-1.01276E-01-1.66954E+02 1.69904E-02
 -1        57 5.27990E-02-1.66667E+02-2.45353E-02
 -1        58-1.03118E-02 2.10388E-02-3.75733E-02
 -1        59 1.40002E-02-1.37449E-01 1.13762E-01
 -1        60-1.26130E-01-1.39354E-01 5.65709E-02
 -1        61-2.13179E-02 5.02538E-02 1.53796E-01
 -1        62-1.23176E-02 2.18995E-02-3.13363E-02
 -1        63 3.83309E-02-2.69488E-02-1.17220E-02
 -1        64 7.07625E-02 4.83201E-02-4.44494E-02
 -1        65-1.47535E-03-8.42004E-02-1.06370E-02
 -1        66 1.75764E-03-9.67935E-03 1.30687E-02
 -1        67 1.17256E-01 2.51264E-02 6.83338E-02
 -1        68-4.52468E-02 1.48655E-01-4.91733E-02
 -1        69 2.66415E-02 5.43234E-02 4.32912E-03
 -1        70 4.45943E-02-2.06615E-02-1.73024E-02
 -1        71-4.16135E-02 3.28932E-02 2.33884E-02
 -1        72 3.68637E-02-3.34083E-02-3.58484E-03
 -1        73-6.29825E-02-8.00622E-02-1.70327E-02
 -1        74-2.36122E-02 8.05059E-02 3.34344E-02
 -1        75-1.95179E-02 3.63168E-02-8.45691E-04
 -1        76-2.63700E-02-1.81881E-02-2.15320E-02
 -1        77-1.26186E-02 4.49227E+03-3.25361E-02
 -1        78-7.87815E+03-7.08898E+03 2.25383E+03
 -1        79 7.87817E+03-7.08919E+03-2.25379E+03
 -1        80 3.49287E-02 6.99930E-02-4.82604E-02
 -1        81 1.28943E-02-3.62930E-02 1.04075E-02
 -1        82 5.22646E-02-1.02817E-02 7.23805E-04
 -1        83-5.97985E-02 8.30344E-02 7.22815E-03
 -1        84 6.06463E-03-1.70158E-01-4.07845E-03
 -1        85 1.99299E-02-9.22683E-02 5.97130E-03
 -1        86-2.22050E-02-5.44252E-02 1.02135E-02
 -1        87-3.51603E-03 1.18165E-01 1.16993E-02
 -1        88-2.76385E-02 1.52427E-02 3.29968E-03
 -1        89 4.23554E-02 1.25344E-02 1.92091E-03
 -1        90 4.49322E-02 9.32262E-03 3.24788E-02
 -1        91-7.30286E-03-6.83118E-02 7.18921E-02
 -1        92 4.95714E-02-4.68780E-02-3.29673E-03
 -1        93 1.78868E-02-2.88671E-02 4.83155E-03
 -1        94 5.47879E-02 4.92048E-02-3.58570E-02
 -1        95-4.80424E-02-6.79281E-02 6.19072E-02
 -1        96 1.29667E-02 1.06291E-01-1.03046E-01
 -1        97 4.93420E-02-2.62333E-02 6.57910E-03
 -1        98 8.35755E-03 4.80845E-02-6.09118E-02
 -1        99 1.12320E+04 4.57341E+03 1.14899E-03
 -1       100-1.12321E+04 4.57350E+03-1.94468E-02
 -1       101 2.10894E-02-6.58894E-03 1.76765E-02
 -1       102-8.99167E-03 3.91425E-03-8.13197E-02
 -1       103-3.54765E-02-1.04957E-01-6.56157E-03
 -1       104 2.89419E-02-4.11045E-02 1.08656E-02
 -1       105-1.26426E-01-9.46307E-02 4.12292E-02
 -1       106-2.65277E-02 1.90899E-01 2.85125E-02
 -1       107-4.33160E-02 1.40337E-02 6.21468E-02
 -1       108-1.01148E-01 1.72361E-01 1.64162E-01
 -1       109 1.13872E-01 2.60357E-01 1.87418E-02
 -1       110-5.82605E-03-2.67969E-01 7.11936E-02
 -1       111 4.83014E-02 7.74832E-02 1.94496E-02
 -1       112-9.55948E-03-1.05531E-01 7.66000E-02
 -1       113 2.98664E-02-1.82553E-02 2.11379E-03
 -1       114-2.86293E-02-4.20751E-03-6.02039E-03
 -1       115 1.46283E-02-6.49207E-02 1.24411E-01
 -1       116 2.20609E-01 6.62266E-02-4.99444E-02
 -1       117 1.93041E-01 6.47550E-02-5.77907E-02
 -1       118 1.15348E-02 2.19619E-01-1.99324E-01
 -1       119 4.42795E-02-5.40716E-02 2.35591E-02
 -1       120-1.11907E-01-4.82661E-02-7.15560E-02
 -1       121-3.44324E-02 8.54887E-03 5.44877E-02
 -1       122-3.03198E-02 2.57976E-01-3.25671E-02
 -1       123-5.71660E-02 3.89665E-02 7.29614E-02
 -1       124-2.09802E-01-3.28910E-02 4.58548E-02
 -1       125 1.10419E-02-7.72475E-02 1.03342E-01
 -1       126-2.58176E-01-3.20786E-01 4.82843E-02
 -1       127 3.71150E-02-2.38968E-01-8.20001E-02
 -1       128-1.50224E-02-1.48214E-01-2.14096E-02
 -1       129 1.09209E-02 2.88829E-01 9.22731E-02
 -1       130 3.64268E-02 1.66660E-01 7.04070E-02
 -1       131-3.49444E-01 4.53200E-01-1.97267E-02
 -1       132 2.45763E-01 3.55574E-02-7.19193E-02
 -1       133 4.23106E-02-1.82971E-01-1.23126E-01
 -1       134-1.63578E-01-3.93098E-01 1.74480E-02
 -1       135 2.49397E-01-5.39737E-01-4.42525E-02
 -1       136 1.20020E-01-1.96422E-01-3.15425E-02
 -1       137-9.41866E-03-1.87573E-02-8.62958E-02
 -1       138 2.58400E-02-3.33537E+02 9.32659E-03
 -1       139 6.73759E-02 1.94040E-01 2.79421E-02
 -1       140 3.36591E-03-5.88495E-02 1.14984E-01
 -1       141-1.10680E-02-8.35098E-02 6.37929E-02
 -1       142 8.73293E-03 3.41387E-02 1.19068E-01
 -1       143-6.59757E-02-7.54543E-02 3.53592E-02
 -1       144 3.10645E-02-7.59124E-02-1.39154E-02
 -1       145-4.29662E-02 5.02189E-03 8.69080E-02
 -1       146-5.99603E-03 1.10998E-01-2.87212E-02
 -1       147-6.29003E-02 2.30326E-02-2.14877E-02
 -1       148-1.04568E-01-1.08203E-01 5.82496E-03
 -1       149-2.05616E-02-1.47412E-01 1.04329E-02
 -1       150 7.77671E-04-1.73800E-01 2.31924E-02
 -1       151-1.00167E-01 3.13595E-02 4.56195E-02
 -1       152-1.18321E-01-4.09628E-01-1.47954E-01
 -1       153 9.17501E-02-2.57458E-02-3.74344E-04
 -1       154-1.25254E-01-1.19493E-01 8.94643E-02
 -1       155-8.92526E-02 7.43503E-02 5.74772E-02
 -1       156 5.90468E-03 1.48540E-01 2.27255E-02
 -1       157-1.33340E-02 1.10668E-03 1.87352E-02
 -1       158-1.18125E-01 2.02641E-01 8.41806E-02
 -1       159-3.11526E-02-2.74463E-02 1.10208E-01
 -1       160 4.99164E-02 3.55057E-01 2.58847E-02
 -1       161 1.87480E-01 1.88305E-01-4.55517E-02
 -1       162-1.01288E-01-1.68718E-01-9.24390E-03
 -1       163 3.57660E-02-2.78054E-01-8.49033E-03
 -1       164 2.95596E-04 2.55581E-01-4.26019E-02
 -1       165 8.70411E-02 6.94208E-03-6.31764E-02
 -1       166 9.57542E-02-5.48826E-02 3.04458E-02
 -1       167-6.13111E-03-9.63591E-02-3.39872E-03
 -1       168 3.79498E-02 3.00168E-01-1.93540E-01
 -1       169 2.08869E-01 5.95772E-01-1.77690E-01
 -1       170 3.48095E-02 6.35612E-02-1.40669E-01
 -1       171 1.29611E-01 8.84785E-02-2.01456E-01
 -1       172-9.91121E-02 5.67907E-02 1.58282E-01
 -1       173-2.10479E-02-3.40031E-01 7.97746E-03
 -1       174-1.25528E-01 6.77758E-02-2.36353E-02
 -1       175 2.13161E-01-2.56776E-01 8.61831E-02
 -1       176-2.19480E-02-4.68013E+03 1.48022E-02
 -1       177 5.81581E-02-6.20343E-02 1.49705E-02
 -1       178 6.53857E-02-1.24735E-01-7.89875E-02
 -1       179-1.01569E-02-3.96521E-02-1.47295E-01
 -1       180-1.21294E-01 2.88085E-02 1.98318E-02
 -1       181 5.62581E-02 5.29608E-02 7.61093E-02
 -1       182 7.77056E-02-9.23844E-02 1.49899E-01
 -1       183-5.19312E-02 1.44843E-02 5.83917E-02
 -1       184 7.93453E-02-3.88424E-02 5.54463E-02
 -1       185 4.23366E-02-7.90975E-02 6.36261E-02
 -1       186-9.99274E-02-2.98409E-02-9.11718E-02
 -1       187-2.32495E-02 5.77191E-02-7.22813E-03
 -1       188-1.89529E-01-1.08070E-01 1.65697E-01
 -1       189-2.06676E-01-6.67911E-02-3.83592E-03
 -1       190-5.01713E-02 1.38166E-01 4.80479E-02
 -1       191 1.01771E-01-4.07563E-03-1.18791E-01
 -1       192 2.35716E-01 1.81189E-01-7.13294E-02
 -1       193-8.37561E-02 1.44705E-01-7.39231E-02
 -1       194 1.80244E-01 3.33862E-01 2.57009E-02
 -1       195 5.52902E-02 9.50920E-04 7.99748E-02
 -1       196-2.55298E-02-6.20541E-02 2.85966E-02
 -1       197 1.28181E-01 7.83731E-02-5.28316E-02
 -1       198 2.57084E-02-1.06390E-01 1.61303E-02
 -1       199 8.07544E-02-1.06542E-01-1.49922E-01
 -1       200-2.42963E-02 1.20033E-01-5.48881E-02
 -1       201 2.51328E-02 5.05539E-02-8.37461E-02
 -1       202-4.65164E-02-1.37375E-02-2.17941E-01
 -1       203-5.88158E-02-3.60875E-01-1.10812E-01
 -3
 9999
