    1C
    1UHash: yApWz4Oj, Date: 03/09/2026, Unit system: M_KG_S_C           
    1UUSER                                                              
    1UDATE              09.march.2026                                   
    1UTIME              19:21:58                                        
    1UHOST                                                              
    1UPGM               CalculiX                                        
    1UVERSION           Version 2.23                             
    1UCOMPILETIME       Sun Jan 11 00:39:44 CET 2026                    
    1UDIR                                                               
    1UDBN                                                               
    1UMAT    1S235                                                      
    2C                           203                                     1
 -1         1-1.00000E+00 6.00000E-02-5.00000E-02
 -1         2-1.00000E+00-6.00000E-02-5.00000E-02
 -1         3 1.00000E+00-6.00000E-02-5.00000E-02
 -1         4 1.00000E+00 6.00000E-02-5.00000E-02
 -1         5 1.00000E+00-6.00000E-02 5.00000E-02
 -1         6 1.00000E+00 6.00000E-02 5.00000E-02
 -1         7-1.00000E+00-6.00000E-02 5.00000E-02
 -1         8-1.00000E+00 6.00000E-02 5.00000E-02
 -1         9-1.00000E+00-2.01228E-16-5.00000E-02
 -1        10-1.00000E+00 3.00000E-02-5.00000E-02
 -1        11-1.00000E+00-3.00000E-02-5.00000E-02
 -1        12-8.00000E-01-6.00000E-02-5.00000E-02
 -1        13-6.00000E-01-6.00000E-02-5.00000E-02
 -1        14-4.00000E-01-6.00000E-02-5.00000E-02
 -1        15-2.00000E-01-6.00000E-02-5.00000E-02
 -1        16 0.00000E+00-6.00000E-02-5.00000E-02
 -1        17 2.00000E-01-6.00000E-02-5.00000E-02
 -1        18 4.00000E-01-6.00000E-02-5.00000E-02
 -1        19 6.00000E-01-6.00000E-02-5.00000E-02
 -1        20 8.00000E-01-6.00000E-02-5.00000E-02
 -1        21-9.00000E-01-6.00000E-02-5.00000E-02
 -1        22-7.00000E-01-6.00000E-02-5.00000E-02
 -1        23-5.00000E-01-6.00000E-02-5.00000E-02
 -1        24-3.00000E-01-6.00000E-02-5.00000E-02
 -1        25-1.00000E-01-6.00000E-02-5.00000E-02
 -1        26 1.00000E-01-6.00000E-02-5.00000E-02
 -1        27 3.00000E-01-6.00000E-02-5.00000E-02
 -1        28 5.00000E-01-6.00000E-02-5.00000E-02
 -1        29 7.00000E-01-6.00000E-02-5.00000E-02
 -1        30 9.00000E-01-6.00000E-02-5.00000E-02
 -1        31 1.00000E+00-2.01228E-16-5.00000E-02
 -1        32 1.00000E+00 3.00000E-02-5.00000E-02
 -1        33 1.00000E+00-3.00000E-02-5.00000E-02
 -1        34-8.00000E-01 6.00000E-02-5.00000E-02
 -1        35-6.00000E-01 6.00000E-02-5.00000E-02
 -1        36-4.00000E-01 6.00000E-02-5.00000E-02
 -1        37-2.00000E-01 6.00000E-02-5.00000E-02
 -1        38 0.00000E+00 6.00000E-02-5.00000E-02
 -1        39 2.00000E-01 6.00000E-02-5.00000E-02
 -1        40 4.00000E-01 6.00000E-02-5.00000E-02
 -1        41 6.00000E-01 6.00000E-02-5.00000E-02
 -1        42 8.00000E-01 6.00000E-02-5.00000E-02
 -1        43-9.00000E-01 6.00000E-02-5.00000E-02
 -1        44-7.00000E-01 6.00000E-02-5.00000E-02
 -1        45-5.00000E-01 6.00000E-02-5.00000E-02
 -1        46-3.00000E-01 6.00000E-02-5.00000E-02
 -1        47-1.00000E-01 6.00000E-02-5.00000E-02
 -1        48 1.00000E-01 6.00000E-02-5.00000E-02
 -1        49 3.00000E-01 6.00000E-02-5.00000E-02
 -1        50 5.00000E-01 6.00000E-02-5.00000E-02
 -1        51 7.00000E-01 6.00000E-02-5.00000E-02
 -1        52 9.00000E-01 6.00000E-02-5.00000E-02
 -1        53 1.00000E+00-6.00000E-02 0.00000E+00
 -1        54 1.00000E+00-2.01228E-16 5.00000E-02
 -1        55 1.00000E+00 3.00000E-02 5.00000E-02
 -1        56 1.00000E+00-3.00000E-02 5.00000E-02
 -1        57 1.00000E+00 6.00000E-02 0.00000E+00
 -1        58 8.00000E-01-6.00000E-02 5.00000E-02
 -1        59 6.00000E-01-6.00000E-02 5.00000E-02
 -1        60 4.00000E-01-6.00000E-02 5.00000E-02
 -1        61 2.00000E-01-6.00000E-02 5.00000E-02
 -1        62 0.00000E+00-6.00000E-02 5.00000E-02
 -1        63-2.00000E-01-6.00000E-02 5.00000E-02
 -1        64-4.00000E-01-6.00000E-02 5.00000E-02
 -1        65-6.00000E-01-6.00000E-02 5.00000E-02
 -1        66-8.00000E-01-6.00000E-02 5.00000E-02
 -1        67 9.00000E-01-6.00000E-02 5.00000E-02
 -1        68 7.00000E-01-6.00000E-02 5.00000E-02
 -1        69 5.00000E-01-6.00000E-02 5.00000E-02
 -1        70 3.00000E-01-6.00000E-02 5.00000E-02
 -1        71 1.00000E-01-6.00000E-02 5.00000E-02
 -1        72-1.00000E-01-6.00000E-02 5.00000E-02
 -1        73-3.00000E-01-6.00000E-02 5.00000E-02
 -1        74-5.00000E-01-6.00000E-02 5.00000E-02
 -1        75-7.00000E-01-6.00000E-02 5.00000E-02
 -1        76-9.00000E-01-6.00000E-02 5.00000E-02
 -1        77-1.00000E+00-2.01228E-16 5.00000E-02
 -1        78-1.00000E+00 3.00000E-02 5.00000E-02
 -1        79-1.00000E+00-3.00000E-02 5.00000E-02
 -1        80 8.00000E-01 6.00000E-02 5.00000E-02
 -1        81 6.00000E-01 6.00000E-02 5.00000E-02
 -1        82 4.00000E-01 6.00000E-02 5.00000E-02
 -1        83 2.00000E-01 6.00000E-02 5.00000E-02
 -1        84 0.00000E+00 6.00000E-02 5.00000E-02
 -1        85-2.00000E-01 6.00000E-02 5.00000E-02
 -1        86-4.00000E-01 6.00000E-02 5.00000E-02
 -1        87-6.00000E-01 6.00000E-02 5.00000E-02
 -1        88-8.00000E-01 6.00000E-02 5.00000E-02
 -1        89 9.00000E-01 6.00000E-02 5.00000E-02
 -1        90 7.00000E-01 6.00000E-02 5.00000E-02
 -1        91 5.00000E-01 6.00000E-02 5.00000E-02
 -1        92 3.00000E-01 6.00000E-02 5.00000E-02
 -1        93 1.00000E-01 6.00000E-02 5.00000E-02
 -1        94-1.00000E-01 6.00000E-02 5.00000E-02
 -1        95-3.00000E-01 6.00000E-02 5.00000E-02
 -1        96-5.00000E-01 6.00000E-02 5.00000E-02
 -1        97-7.00000E-01 6.00000E-02 5.00000E-02
 -1        98-9.00000E-01 6.00000E-02 5.00000E-02
 -1        99-1.00000E+00-6.00000E-02 0.00000E+00
 -1       100-1.00000E+00 6.00000E-02 0.00000E+00
 -1       101-8.00000E-01-2.01228E-16-5.00000E-02
 -1       102-6.00000E-01-2.01228E-16-5.00000E-02
 -1       103-4.00000E-01-2.08167E-16-5.00000E-02
 -1       104-2.00000E-01-1.94289E-16-5.00000E-02
 -1       105 0.00000E+00-2.01228E-16-5.00000E-02
 -1       106 2.00000E-01-1.94289E-16-5.00000E-02
 -1       107 4.00000E-01-1.94289E-16-5.00000E-02
 -1       108 6.00000E-01-1.87350E-16-5.00000E-02
 -1       109 8.00000E-01-1.87350E-16-5.00000E-02
 -1       110-8.00000E-01 3.00000E-02-5.00000E-02
 -1       111-9.00000E-01-2.01228E-16-5.00000E-02
 -1       112-6.00000E-01 3.00000E-02-5.00000E-02
 -1       113-7.00000E-01-2.01228E-16-5.00000E-02
 -1       114-4.00000E-01 3.00000E-02-5.00000E-02
 -1       115-5.00000E-01-2.04697E-16-5.00000E-02
 -1       116-2.00000E-01 3.00000E-02-5.00000E-02
 -1       117-3.00000E-01-2.01228E-16-5.00000E-02
 -1       118 0.00000E+00 3.00000E-02-5.00000E-02
 -1       119-1.00000E-01-1.97758E-16-5.00000E-02
 -1       120 2.00000E-01 3.00000E-02-5.00000E-02
 -1       121 1.00000E-01-1.97758E-16-5.00000E-02
 -1       122 4.00000E-01 3.00000E-02-5.00000E-02
 -1       123 3.00000E-01-1.94289E-16-5.00000E-02
 -1       124 6.00000E-01 3.00000E-02-5.00000E-02
 -1       125 5.00000E-01-1.90820E-16-5.00000E-02
 -1       126 8.00000E-01 3.00000E-02-5.00000E-02
 -1       127 7.00000E-01-1.87350E-16-5.00000E-02
 -1       128 9.00000E-01-1.94289E-16-5.00000E-02
 -1       129-8.00000E-01-3.00000E-02-5.00000E-02
 -1       130-6.00000E-01-3.00000E-02-5.00000E-02
 -1       131-4.00000E-01-3.00000E-02-5.00000E-02
 -1       132-2.00000E-01-3.00000E-02-5.00000E-02
 -1       133 0.00000E+00-3.00000E-02-5.00000E-02
 -1       134 2.00000E-01-3.00000E-02-5.00000E-02
 -1       135 4.00000E-01-3.00000E-02-5.00000E-02
 -1       136 6.00000E-01-3.00000E-02-5.00000E-02
 -1       137 8.00000E-01-3.00000E-02-5.00000E-02
 -1       138 1.00000E+00-2.01228E-16 1.38778E-17
 -1       139 8.00000E-01-2.01228E-16 5.00000E-02
 -1       140 6.00000E-01-2.01228E-16 5.00000E-02
 -1       141 4.00000E-01-2.08167E-16 5.00000E-02
 -1       142 2.00000E-01-1.94289E-16 5.00000E-02
 -1       143 0.00000E+00-2.01228E-16 5.00000E-02
 -1       144-2.00000E-01-1.94289E-16 5.00000E-02
 -1       145-4.00000E-01-1.94289E-16 5.00000E-02
 -1       146-6.00000E-01-1.87350E-16 5.00000E-02
 -1       147-8.00000E-01-1.87350E-16 5.00000E-02
 -1       148 8.00000E-01 3.00000E-02 5.00000E-02
 -1       149 9.00000E-01-2.01228E-16 5.00000E-02
 -1       150 6.00000E-01 3.00000E-02 5.00000E-02
 -1       151 7.00000E-01-2.01228E-16 5.00000E-02
 -1       152 4.00000E-01 3.00000E-02 5.00000E-02
 -1       153 5.00000E-01-2.04697E-16 5.00000E-02
 -1       154 2.00000E-01 3.00000E-02 5.00000E-02
 -1       155 3.00000E-01-2.01228E-16 5.00000E-02
 -1       156 0.00000E+00 3.00000E-02 5.00000E-02
 -1       157 1.00000E-01-1.97758E-16 5.00000E-02
 -1       158-2.00000E-01 3.00000E-02 5.00000E-02
 -1       159-1.00000E-01-1.97758E-16 5.00000E-02
 -1       160-4.00000E-01 3.00000E-02 5.00000E-02
 -1       161-3.00000E-01-1.94289E-16 5.00000E-02
 -1       162-6.00000E-01 3.00000E-02 5.00000E-02
 -1       163-5.00000E-01-1.90820E-16 5.00000E-02
 -1       164-8.00000E-01 3.00000E-02 5.00000E-02
 -1       165-7.00000E-01-1.87350E-16 5.00000E-02
 -1       166-9.00000E-01-1.94289E-16 5.00000E-02
 -1       167 8.00000E-01-3.00000E-02 5.00000E-02
 -1       168 6.00000E-01-3.00000E-02 5.00000E-02
 -1       169 4.00000E-01-3.00000E-02 5.00000E-02
 -1       170 2.00000E-01-3.00000E-02 5.00000E-02
 -1       171 0.00000E+00-3.00000E-02 5.00000E-02
 -1       172-2.00000E-01-3.00000E-02 5.00000E-02
 -1       173-4.00000E-01-3.00000E-02 5.00000E-02
 -1       174-6.00000E-01-3.00000E-02 5.00000E-02
 -1       175-8.00000E-01-3.00000E-02 5.00000E-02
 -1       176-1.00000E+00-2.01228E-16 1.38778E-17
 -1       177-8.00000E-01 6.00000E-02 0.00000E+00
 -1       178-6.00000E-01 6.00000E-02 0.00000E+00
 -1       179-4.00000E-01 6.00000E-02 0.00000E+00
 -1       180-2.00000E-01 6.00000E-02 0.00000E+00
 -1       181 0.00000E+00 6.00000E-02 0.00000E+00
 -1       182 2.00000E-01 6.00000E-02 0.00000E+00
 -1       183 4.00000E-01 6.00000E-02 0.00000E+00
 -1       184 6.00000E-01 6.00000E-02 0.00000E+00
 -1       185 8.00000E-01 6.00000E-02 0.00000E+00
 -1       186-8.00000E-01-6.00000E-02 0.00000E+00
 -1       187-6.00000E-01-6.00000E-02 0.00000E+00
 -1       188-4.00000E-01-6.00000E-02 0.00000E+00
 -1       189-2.00000E-01-6.00000E-02 0.00000E+00
 -1       190 0.00000E+00-6.00000E-02 0.00000E+00
 -1       191 2.00000E-01-6.00000E-02 0.00000E+00
 -1       192 4.00000E-01-6.00000E-02 0.00000E+00
 -1       193 6.00000E-01-6.00000E-02 0.00000E+00
 -1       194 8.00000E-01-6.00000E-02 0.00000E+00
 -1       195-8.00000E-01-1.94289E-16 1.38778E-17
 -1       196-6.00000E-01-1.94289E-16 1.38778E-17
 -1       197-4.00000E-01-2.01228E-16 1.38778E-17
 -1       198-2.00000E-01-1.94289E-16 1.38778E-17
 -1       199 0.00000E+00-2.01228E-16 1.38778E-17
 -1       200 2.00000E-01-1.94289E-16 1.38778E-17
 -1       201 4.00000E-01-2.01228E-16 1.38778E-17
 -1       202 6.00000E-01-1.94289E-16 1.38778E-17
 -1       203 8.00000E-01-1.94289E-16 1.38778E-17
 -3
    3C                            20                                     1
 -1         1    4    0    1
 -2         1         9       101        34         8        77       147        88        10       111
 -2       110        43       100       176       195       177        78       166       164        98
 -1         2    4    0    1
 -2        34       101       102        35        88       147       146        87       110       113
 -2       112        44       177       195       196       178       164       165       162        97
 -1         3    4    0    1
 -2        35       102       103        36        87       146       145        86       112       115
 -2       114        45       178       196       197       179       162       163       160        96
 -1         4    4    0    1
 -2        36       103       104        37        86       145       144        85       114       117
 -2       116        46       179       197       198       180       160       161       158        95
 -1         5    4    0    1
 -2        37       104       105        38        85       144       143        84       116       119
 -2       118        47       180       198       199       181       158       159       156        94
 -1         6    4    0    1
 -2        38       105       106        39        84       143       142        83       118       121
 -2       120        48       181       199       200       182       156       157       154        93
 -1         7    4    0    1
 -2        39       106       107        40        83       142       141        82       120       123
 -2       122        49       182       200       201       183       154       155       152        92
 -1         8    4    0    1
 -2        40       107       108        41        82       141       140        81       122       125
 -2       124        50       183       201       202       184       152       153       150        91
 -1         9    4    0    1
 -2        41       108       109        42        81       140       139        80       124       127
 -2       126        51       184       202       203       185       150       151       148        90
 -1        10    4    0    1
 -2        42       109        31         4        80       139        54         6       126       128
 -2        32        52       185       203       138        57       148       149        55        89
 -1        11    4    0    1
 -2         9         2        12       101        77         7        66       147        11        21
 -2       129       111       176        99       186       195        79        76       175       166
 -1        12    4    0    1
 -2       101        12        13       102       147        66        65       146       129        22
 -2       130       113       195       186       187       196       175        75       174       165
 -1        13    4    0    1
 -2       102        13        14       103       146        65        64       145       130        23
 -2       131       115       196       187       188       197       174        74       173       163
 -1        14    4    0    1
 -2       103        14        15       104       145        64        63       144       131        24
 -2       132       117       197       188       189       198       173        73       172       161
 -1        15    4    0    1
 -2       104        15        16       105       144        63        62       143       132        25
 -2       133       119       198       189       190       199       172        72       171       159
 -1        16    4    0    1
 -2       105        16        17       106       143        62        61       142       133        26
 -2       134       121       199       190       191       200       171        71       170       157
 -1        17    4    0    1
 -2       106        17        18       107       142        61        60       141       134        27
 -2       135       123       200       191       192       201       170        70       169       155
 -1        18    4    0    1
 -2       107        18        19       108       141        60        59       140       135        28
 -2       136       125       201       192       193       202       169        69       168       153
 -1        19    4    0    1
 -2       108        19        20       109       140        59        58       139       136        29
 -2       137       127       202       193       194       203       168        68       167       151
 -1        20    4    0    1
 -2       109        20         3        31       139        58         5        54       137        30
 -2        33       128       203       194        53       138       167        67        56       149
 -3
    1PSTEP                         1           1           1          
  100CL  101 1.000000000         203                     0    1           1
 -4  DISP        4    1
 -5  D1          1    2    1    0
 -5  D2          1    2    2    0
 -5  D3          1    2    3    0
 -5  ALL         1    2    0    0    1ALL
 -1         1 0.00000E+00 0.00000E+00 0.00000E+00
 -1         2 0.00000E+00 0.00000E+00 0.00000E+00
 -1         3-3.93942E-05-8.73958E-04-4.91945E-09
 -1         4 3.93941E-05-8.73958E-04 4.97603E-09
 -1         5-3.93941E-05-8.73958E-04 5.00715E-09
 -1         6 3.93941E-05-8.73958E-04-4.92572E-09
 -1         7 0.00000E+00 0.00000E+00 0.00000E+00
 -1         8 0.00000E+00 0.00000E+00 0.00000E+00
 -1         9 0.00000E+00 0.00000E+00 0.00000E+00
 -1        10 0.00000E+00 0.00000E+00 0.00000E+00
 -1        11 0.00000E+00 0.00000E+00 0.00000E+00
 -1        12-7.25047E-06-1.20997E-05-4.62771E-07
 -1        13-1.40007E-05-4.79419E-05-4.35838E-07
 -1        14-1.99422E-05-1.04896E-04-3.89044E-07
 -1        15-2.51029E-05-1.80371E-04-3.33143E-07
 -1        16-2.94673E-05-2.71717E-04-2.77816E-07
 -1        17-3.30389E-05-3.76291E-04-2.22194E-07
 -1        18-3.58166E-05-4.91446E-04-1.66650E-07
 -1        19-3.78010E-05-6.14539E-04-1.11169E-07
 -1        20-3.89912E-05-7.42923E-04-5.56519E-08
 -1        21-3.53438E-06-3.14112E-06-5.34197E-07
 -1        22-1.07057E-05-2.72207E-05-4.83391E-07
 -1        23-1.70515E-05-7.39458E-05-4.15326E-07
 -1        24-2.26079E-05-1.40483E-04-3.61554E-07
 -1        25-2.73697E-05-2.24225E-04-3.05478E-07
 -1        26-3.13380E-05-3.22516E-04-2.50032E-07
 -1        27-3.45126E-05-4.32711E-04-1.94430E-07
 -1        28-3.68935E-05-5.52166E-04-1.38910E-07
 -1        29-3.84807E-05-6.78234E-04-8.32392E-08
 -1        30-3.92747E-05-8.08269E-04-2.78964E-08
 -1        31-3.29294E-11-8.73948E-04 1.77227E-11
 -1        32 1.96857E-05-8.73952E-04 1.94920E-09
 -1        33-1.96858E-05-8.73952E-04-1.90631E-09
 -1        34 7.25050E-06-1.20996E-05 4.62799E-07
 -1        35 1.40006E-05-4.79419E-05 4.35843E-07
 -1        36 1.99421E-05-1.04896E-04 3.89020E-07
 -1        37 2.51030E-05-1.80371E-04 3.33146E-07
 -1        38 2.94673E-05-2.71717E-04 2.77796E-07
 -1        39 3.30389E-05-3.76291E-04 2.22238E-07
 -1        40 3.58166E-05-4.91446E-04 1.66647E-07
 -1        41 3.78010E-05-6.14539E-04 1.11201E-07
 -1        42 3.89912E-05-7.42923E-04 5.56780E-08
 -1        43 3.53440E-06-3.14112E-06 5.34224E-07
 -1        44 1.07057E-05-2.72207E-05 4.83384E-07
 -1        45 1.70515E-05-7.39458E-05 4.15328E-07
 -1        46 2.26079E-05-1.40483E-04 3.61523E-07
 -1        47 2.73697E-05-2.24225E-04 3.05470E-07
 -1        48 3.13380E-05-3.22516E-04 2.50026E-07
 -1        49 3.45126E-05-4.32711E-04 1.94455E-07
 -1        50 3.68936E-05-5.52166E-04 1.38921E-07
 -1        51 3.84807E-05-6.78234E-04 8.32548E-08
 -1        52 3.92747E-05-8.08269E-04 2.79669E-08
 -1        53-3.93983E-05-8.73960E-04 4.46135E-11
 -1        54-2.48927E-11-8.73948E-04 2.92367E-11
 -1        55 1.96857E-05-8.73952E-04-1.90736E-09
 -1        56-1.96858E-05-8.73952E-04 1.97246E-09
 -1        57 3.93982E-05-8.73960E-04 2.86555E-11
 -1        58-3.89913E-05-7.42923E-04 5.56769E-08
 -1        59-3.78010E-05-6.14539E-04 1.11196E-07
 -1        60-3.58166E-05-4.91446E-04 1.66645E-07
 -1        61-3.30390E-05-3.76291E-04 2.22236E-07
 -1        62-2.94673E-05-2.71717E-04 2.77782E-07
 -1        63-2.51029E-05-1.80371E-04 3.33140E-07
 -1        64-1.99422E-05-1.04896E-04 3.89012E-07
 -1        65-1.40007E-05-4.79419E-05 4.35844E-07
 -1        66-7.25045E-06-1.20996E-05 4.62813E-07
 -1        67-3.92747E-05-8.08269E-04 2.79864E-08
 -1        68-3.84807E-05-6.78234E-04 8.32360E-08
 -1        69-3.68935E-05-5.52166E-04 1.38924E-07
 -1        70-3.45126E-05-4.32711E-04 1.94455E-07
 -1        71-3.13380E-05-3.22516E-04 2.50021E-07
 -1        72-2.73697E-05-2.24225E-04 3.05472E-07
 -1        73-2.26079E-05-1.40483E-04 3.61517E-07
 -1        74-1.70515E-05-7.39458E-05 4.15333E-07
 -1        75-1.07057E-05-2.72207E-05 4.83384E-07
 -1        76-3.53437E-06-3.14111E-06 5.34232E-07
 -1        77 0.00000E+00 0.00000E+00 0.00000E+00
 -1        78 0.00000E+00 0.00000E+00 0.00000E+00
 -1        79 0.00000E+00 0.00000E+00 0.00000E+00
 -1        80 3.89912E-05-7.42923E-04-5.56557E-08
 -1        81 3.78010E-05-6.14539E-04-1.11172E-07
 -1        82 3.58166E-05-4.91446E-04-1.66644E-07
 -1        83 3.30389E-05-3.76291E-04-2.22215E-07
 -1        84 2.94673E-05-2.71717E-04-2.77810E-07
 -1        85 2.51030E-05-1.80371E-04-3.33140E-07
 -1        86 1.99421E-05-1.04896E-04-3.89025E-07
 -1        87 1.40006E-05-4.79419E-05-4.35828E-07
 -1        88 7.25051E-06-1.20997E-05-4.62781E-07
 -1        89 3.92747E-05-8.08269E-04-2.79201E-08
 -1        90 3.84807E-05-6.78234E-04-8.32086E-08
 -1        91 3.68936E-05-5.52166E-04-1.38890E-07
 -1        92 3.45126E-05-4.32711E-04-1.94415E-07
 -1        93 3.13380E-05-3.22516E-04-2.50020E-07
 -1        94 2.73697E-05-2.24225E-04-3.05490E-07
 -1        95 2.26079E-05-1.40483E-04-3.61550E-07
 -1        96 1.70515E-05-7.39458E-05-4.15333E-07
 -1        97 1.07057E-05-2.72207E-05-4.83387E-07
 -1        98 3.53441E-06-3.14113E-06-5.34198E-07
 -1        99 0.00000E+00 0.00000E+00 0.00000E+00
 -1       100 0.00000E+00 0.00000E+00 0.00000E+00
 -1       101 1.14788E-11-1.18431E-05 4.05523E-12
 -1       102-1.29773E-11-4.76816E-05 5.59281E-13
 -1       103-1.08201E-11-1.04664E-04-2.26866E-12
 -1       104 1.79427E-11-1.80171E-04 5.96985E-12
 -1       105 1.29157E-12-2.71550E-04 1.81293E-12
 -1       106-4.49502E-12-3.76157E-04 8.48028E-12
 -1       107-2.36764E-12-4.91346E-04-1.16611E-12
 -1       108 2.52314E-11-6.14472E-04 2.44612E-11
 -1       109-7.36907E-12-7.42888E-04 1.00522E-11
 -1       110 3.61308E-06-1.18741E-05 2.32189E-07
 -1       111 1.33997E-11-2.78984E-06 7.47202E-12
 -1       112 6.98951E-06-4.77510E-05 2.17525E-07
 -1       113 1.31697E-12-2.69322E-05-7.16806E-12
 -1       114 9.96120E-06-1.04720E-04 1.94691E-07
 -1       115-2.49383E-11-7.36953E-05 1.39323E-12
 -1       116 1.25412E-05-1.80221E-04 1.66509E-07
 -1       117 1.41229E-11-1.40267E-04-7.26613E-12
 -1       118 1.47235E-05-2.71592E-04 1.38921E-07
 -1       119 6.50936E-12-2.24042E-04-3.30897E-12
 -1       120 1.65093E-05-3.76191E-04 1.11112E-07
 -1       121 6.89012E-12-3.22366E-04-4.40086E-12
 -1       122 1.78981E-05-4.91371E-04 8.33320E-08
 -1       123-1.12168E-11-4.32594E-04 1.04186E-11
 -1       124 1.88903E-05-6.14489E-04 5.55890E-08
 -1       125 1.98393E-11-5.52082E-04 2.70202E-12
 -1       126 1.94857E-05-7.42897E-04 2.79580E-08
 -1       127 7.53435E-13-6.78184E-04 1.50204E-11
 -1       128-1.45792E-11-8.08254E-04 3.19319E-11
 -1       129-3.61306E-06-1.18742E-05-2.32170E-07
 -1       130-6.98953E-06-4.77511E-05-2.17523E-07
 -1       131-9.96124E-06-1.04720E-04-1.94698E-07
 -1       132-1.25411E-05-1.80221E-04-1.66500E-07
 -1       133-1.47235E-05-2.71592E-04-1.38926E-07
 -1       134-1.65093E-05-3.76191E-04-1.11090E-07
 -1       135-1.78982E-05-4.91371E-04-8.33275E-08
 -1       136-1.88902E-05-6.14489E-04-5.55452E-08
 -1       137-1.94857E-05-7.42897E-04-2.79379E-08
 -1       138-2.24623E-11-8.73949E-04 2.47395E-11
 -1       139-2.82801E-11-7.42888E-04 4.38755E-12
 -1       140 2.14290E-11-6.14472E-04 1.40349E-11
 -1       141-4.61625E-12-4.91346E-04 7.17650E-12
 -1       142-2.13059E-11-3.76157E-04 5.23278E-12
 -1       143 1.42894E-12-2.71550E-04-3.60918E-12
 -1       144 2.39867E-11-1.80171E-04 2.00373E-12
 -1       145-9.92783E-12-1.04664E-04-5.50094E-12
 -1       146-3.15144E-11-4.76816E-05 2.30783E-12
 -1       147 3.46379E-11-1.18431E-05 6.76579E-12
 -1       148 1.94856E-05-7.42897E-04-2.79429E-08
 -1       149-1.99373E-11-8.08254E-04 3.46068E-11
 -1       150 1.88903E-05-6.14489E-04-5.55518E-08
 -1       151 7.46871E-12-6.78184E-04 9.72655E-12
 -1       152 1.78981E-05-4.91371E-04-8.33266E-08
 -1       153 1.06881E-11-5.52082E-04 9.20669E-12
 -1       154 1.65093E-05-3.76191E-04-1.11097E-07
 -1       155-1.04953E-11-4.32594E-04 1.62559E-11
 -1       156 1.47235E-05-2.71592E-04-1.38926E-07
 -1       157-1.92720E-11-3.22366E-04-7.94760E-12
 -1       158 1.25412E-05-1.80221E-04-1.66499E-07
 -1       159 1.45382E-11-2.24042E-04-9.19101E-12
 -1       160 9.96121E-06-1.04720E-04-1.94692E-07
 -1       161 8.31134E-12-1.40267E-04-1.48826E-11
 -1       162 6.98948E-06-4.77511E-05-2.17518E-07
 -1       163-9.24501E-12-7.36953E-05 4.29005E-12
 -1       164 3.61309E-06-1.18742E-05-2.32176E-07
 -1       165 2.02640E-12-2.69322E-05-2.40707E-12
 -1       166 1.19281E-11-2.78985E-06 5.56728E-12
 -1       167-1.94857E-05-7.42897E-04 2.79533E-08
 -1       168-1.88902E-05-6.14489E-04 5.55816E-08
 -1       169-1.78982E-05-4.91371E-04 8.33260E-08
 -1       170-1.65093E-05-3.76191E-04 1.11115E-07
 -1       171-1.47235E-05-2.71592E-04 1.38910E-07
 -1       172-1.25411E-05-1.80221E-04 1.66505E-07
 -1       173-9.96122E-06-1.04720E-04 1.94680E-07
 -1       174-6.98954E-06-4.77510E-05 2.17523E-07
 -1       175-3.61303E-06-1.18741E-05 2.32197E-07
 -1       176 0.00000E+00 0.00000E+00 0.00000E+00
 -1       177 7.24752E-06-1.23626E-05 5.55964E-12
 -1       178 1.40068E-05-4.81135E-05 8.77165E-12
 -1       179 1.99471E-05-1.05062E-04-4.08243E-13
 -1       180 2.51083E-05-1.80509E-04-5.81054E-14
 -1       181 2.94726E-05-2.71833E-04-1.02059E-11
 -1       182 3.30442E-05-3.76383E-04 1.18425E-11
 -1       183 3.58219E-05-4.91516E-04 1.87613E-12
 -1       184 3.78062E-05-6.14585E-04 1.52273E-11
 -1       185 3.89967E-05-7.42945E-04 1.22891E-11
 -1       186-7.24749E-06-1.23626E-05 1.96451E-11
 -1       187-1.40068E-05-4.81135E-05 1.24845E-12
 -1       188-1.99471E-05-1.05062E-04-1.66225E-11
 -1       189-2.51082E-05-1.80509E-04-2.41022E-12
 -1       190-2.94725E-05-2.71833E-04-1.53570E-11
 -1       191-3.30442E-05-3.76383E-04 2.17762E-11
 -1       192-3.58219E-05-4.91516E-04 1.21765E-12
 -1       193-3.78062E-05-6.14585E-04 1.12852E-11
 -1       194-3.89967E-05-7.42945E-04 1.08753E-11
 -1       195 1.45571E-11-1.21068E-05 2.36401E-12
 -1       196-1.20475E-11-4.78525E-05 5.53878E-14
 -1       197-1.05669E-11-1.04829E-04-6.23742E-13
 -1       198 1.37837E-11-1.80309E-04 2.44485E-12
 -1       199 5.33329E-12-2.71666E-04 2.12807E-12
 -1       200-1.35765E-11-3.76250E-04 3.75339E-12
 -1       201-1.54242E-12-4.91416E-04 4.12846E-12
 -1       202 1.11523E-11-6.14518E-04 2.39632E-11
 -1       203-9.43390E-12-7.42911E-04 5.48154E-12
 -3
    1PSTEP                         2           1           1          
  100CL  101 1.000000000         203                     0    1           1
 -4  STRESS      6    1
 -5  SXX         1    4    1    1
 -5  SYY         1    4    2    2
 -5  SZZ         1    4    3    3
 -5  SXY         1    4    1    2
 -5  SYZ         1    4    2    3
 -5  SZX         1    4    3    1
 -1         1 9.24462E+06 3.59518E+06 3.59518E+06-1.90658E+05 1.70048E+00 6.86645E+05
 -1         2-9.24454E+06-3.59515E+06-3.59515E+06-1.90647E+05 1.70066E+00-6.86612E+05
 -1         3-6.87082E+04 2.59524E+04 8.87786E+03-1.04556E+05 3.01664E+03 3.37158E+03
 -1         4 6.87275E+04-2.58727E+04-8.76213E+03-1.04501E+05 3.06821E+03-3.36514E+03
 -1         5-6.86989E+04 2.58702E+04 8.84458E+03-1.04546E+05-3.04614E+03-3.38089E+03
 -1         6 6.86717E+04-2.59127E+04-8.84773E+03-1.04513E+05-3.04064E+03 3.36588E+03
 -1         7-9.24456E+06-3.59516E+06-3.59516E+06-1.90645E+05-1.70017E+00 6.86651E+05
 -1         8 9.24465E+06 3.59520E+06 3.59519E+06-1.90652E+05-1.70024E+00-6.86610E+05
 -1         9 5.65381E+01 2.19873E+01 2.19871E+01 2.80443E+05 1.72093E+00 1.05952E+01
 -1        10 4.60626E+06 1.79126E+06 1.79127E+06 8.47674E+04 1.71052E+00 3.43651E+05
 -1        11-4.60617E+06-1.79123E+06-1.79123E+06 8.47706E+04 1.71026E+00-3.43624E+05
 -1        12-7.76622E+06 2.16162E+04-2.24808E+05 5.83877E+04-2.34233E+05 1.40833E+05
 -1        13-6.73255E+06-1.51629E+05-9.70875E+04-9.79830E+04 3.48514E+04 2.04799E+04
 -1        14-5.83089E+06 2.33131E+04 7.75977E+03-1.04742E+05-1.14233E+04 6.82697E+03
 -1        15-5.00250E+06-8.47980E+03-3.90978E+03-1.06505E+05 2.67539E+03 5.77243E+03
 -1        16-4.16615E+06 1.92952E+03 7.65539E+02-1.07065E+05-7.16051E+02 5.56189E+03
 -1        17-3.33338E+06-4.33573E+02-1.76085E+02-1.06873E+05 1.50231E+02 5.57510E+03
 -1        18-2.49986E+06 1.60769E+02 2.09958E+01-1.07033E+05 4.44364E+00 5.47273E+03
 -1        19-1.66556E+06 1.60124E+03 1.03432E+03-1.06250E+05-1.33106E+02 5.84104E+03
 -1        20-8.28592E+05 5.60991E+03 3.33796E+03-1.05283E+05 1.07782E+03 5.78984E+03
 -1        21-7.66766E+06-2.27563E+05 3.30850E+04-9.72974E+04 2.96886E+05-1.84931E+05
 -1        22-7.00018E+06 1.89881E+05 1.23385E+05-1.35653E+03-5.31331E+04 5.80588E+03
 -1        23-6.25273E+06-3.40571E+04-1.58800E+04 8.83126E+03 1.56570E+04 9.67967E+02
 -1        24-5.41440E+06 1.07902E+04 5.47350E+03 8.17044E+03-3.75628E+03 6.10387E+03
 -1        25-4.58375E+06-2.56956E+03-1.13651E+03 9.20594E+03 9.86486E+02 5.40209E+03
 -1        26-3.75004E+06 6.92767E+02 3.29428E+02 8.89039E+03-2.73232E+02 5.61171E+03
 -1        27-2.91671E+06-2.39008E+02-4.94593E+01 8.95557E+03 6.89265E+01 5.51676E+03
 -1        28-2.08359E+06 7.80867E+01 8.79779E+01 9.09739E+03-6.74098E+01 5.56029E+03
 -1        29-1.25041E+06-1.30257E+03-8.89148E+02 8.02879E+03 2.13870E+02 5.33603E+03
 -1        30-4.25538E+05-5.45335E+03-3.32393E+03 9.23679E+03-1.19058E+03 5.13855E+03
 -1        31-4.08930E+01 7.84467E+00 2.55087E+01-2.26444E+05-1.07609E+03 1.29409E+00
 -1        32 2.67884E+04-3.02347E+04-9.04650E+03-1.68631E+05 9.97843E+02-1.95680E+03
 -1        33-2.68411E+04 3.02730E+04 9.11764E+03-1.68653E+05 9.67581E+02 1.96072E+03
 -1        34 7.76622E+06-2.15725E+04 2.24781E+05 5.83948E+04-2.34273E+05-1.40884E+05
 -1        35 6.73247E+06 1.51671E+05 9.70960E+04-9.80178E+04 3.48061E+04-2.04450E+04
 -1        36 5.83104E+06-2.32796E+04-7.67475E+03-1.04691E+05-1.14242E+04-6.78395E+03
 -1        37 5.00244E+06 8.38835E+03 3.83054E+03-1.06522E+05 2.66977E+03-5.83834E+03
 -1        38 4.16603E+06-2.03090E+03-8.58418E+02-1.07081E+05-6.89522E+02-5.51619E+03
 -1        39 3.33337E+06 4.29413E+02 1.32177E+02-1.06881E+05 1.24993E+02-5.57110E+03
 -1        40 2.49998E+06-1.43157E+02 6.06807E+01-1.07005E+05 1.19571E+01-5.50973E+03
 -1        41 1.66548E+06-1.62734E+03-1.08665E+03-1.06269E+05-1.00795E+02-5.87140E+03
 -1        42 8.28525E+05-5.63513E+03-3.37802E+03-1.05321E+05 1.09560E+03-5.72004E+03
 -1        43 7.66768E+06 2.27531E+05-3.30992E+04-9.72877E+04 2.96887E+05 1.84927E+05
 -1        44 7.00008E+06-1.89948E+05-1.23448E+05-1.36642E+03-5.31216E+04-5.83025E+03
 -1        45 6.25272E+06 3.40477E+04 1.58755E+04 8.83083E+03 1.56540E+04-9.32544E+02
 -1        46 5.41446E+06-1.08031E+04-5.47393E+03 8.18582E+03-3.76996E+03-6.11493E+03
 -1        47 4.58371E+06 2.61312E+03 1.09299E+03 9.19607E+03 9.89740E+02-5.42911E+03
 -1        48 3.75003E+06-7.19993E+02-3.30102E+02 8.89206E+03-2.51911E+02-5.57133E+03
 -1        49 2.91670E+06 1.50612E+02 7.29151E+01 8.94832E+03 8.68364E+01-5.54850E+03
 -1        50 2.08366E+06-1.93623E+01 8.92371E+00 9.11226E+03-6.64932E+01-5.59824E+03
 -1        51 1.25038E+06 1.30179E+03 8.97624E+02 8.03762E+03 2.23547E+02-5.33250E+03
 -1        52 4.25502E+05 5.46606E+03 3.32454E+03 9.22513E+03-1.15539E+03-5.08468E+03
 -1        53-6.59776E+04 2.91507E+04 1.05369E+04-9.04558E+04-1.40756E+01-3.68145E+00
 -1        54-4.91835E+01-6.91010E+01-1.95230E+01-2.26499E+05 1.03047E+03-3.35699E+01
 -1        55 2.67663E+04-3.02775E+04-9.10463E+03-1.68665E+05-1.00504E+03 1.93255E+03
 -1        56-2.68268E+04 3.01869E+04 9.08051E+03-1.68676E+05-1.00880E+03-1.97430E+03
 -1        57 6.59781E+04-2.90968E+04-1.04695E+04-9.04149E+04 1.68438E+01 1.35069E+00
 -1        58-8.28596E+05 5.63954E+03 3.37219E+03-1.05312E+05-1.10007E+03-5.75606E+03
 -1        59-1.66551E+06 1.57816E+03 1.07619E+03-1.06267E+05 1.35964E+02-5.83673E+03
 -1        60-2.49993E+06 7.70067E+01-8.28672E+01-1.07021E+05-9.69428E+00-5.47391E+03
 -1        61-3.33339E+06-4.96921E+02-2.07231E+02-1.06841E+05-1.13358E+02-5.60019E+03
 -1        62-4.16620E+06 1.86739E+03 7.07673E+02-1.07115E+05 7.21683E+02-5.57019E+03
 -1        63-5.00246E+06-8.41088E+03-3.86547E+03-1.06503E+05-2.64820E+03-5.76010E+03
 -1        64-5.83090E+06 2.33502E+04 7.78286E+03-1.04730E+05 1.14277E+04-6.83827E+03
 -1        65-6.73254E+06-1.51710E+05-9.70755E+04-9.79840E+04-3.48422E+04-2.04514E+04
 -1        66-7.76624E+06 2.15627E+04-2.24802E+05 5.83722E+04 2.34257E+05-1.40820E+05
 -1        67-4.25487E+05-5.41881E+03-3.29301E+03 9.22150E+03 1.17596E+03-5.12152E+03
 -1        68-1.25046E+06-1.35421E+03-8.85232E+02 8.03054E+03-2.27941E+02-5.32723E+03
 -1        69-2.08364E+06-7.72807E+01 1.89444E+01 9.10285E+03 6.55223E+01-5.55762E+03
 -1        70-2.91664E+06-1.15849E+02-2.86935E+01 8.95212E+03-9.63915E+01-5.54787E+03
 -1        71-3.75009E+06 6.91408E+02 2.98854E+02 8.90652E+03 2.62345E+02-5.60024E+03
 -1        72-4.58376E+06-2.64002E+03-1.16761E+03 9.17654E+03-9.70216E+02-5.41564E+03
 -1        73-5.41440E+06 1.08271E+04 5.49620E+03 8.17053E+03 3.76987E+03-6.09563E+03
 -1        74-6.25272E+06-3.40902E+04-1.58635E+04 8.83777E+03-1.56763E+04-9.63221E+02
 -1        75-7.00017E+06 1.89963E+05 1.23439E+05-1.35188E+03 5.31052E+04-5.81755E+03
 -1        76-7.66762E+06-2.27548E+05 3.31139E+04-9.72820E+04-2.96896E+05 1.84954E+05
 -1        77 1.75495E+01 6.82513E+00 6.82481E+00 2.80438E+05-1.72058E+00 6.35839E+00
 -1        78 4.60626E+06 1.79126E+06 1.79126E+06 8.47655E+04-1.71060E+00-3.43626E+05
 -1        79-4.60619E+06-1.79124E+06-1.79124E+06 8.47713E+04-1.71091E+00 3.43652E+05
 -1        80 8.28554E+05-5.61735E+03-3.38368E+03-1.05237E+05-1.07583E+03 5.69618E+03
 -1        81 1.66553E+06-1.54873E+03-1.07084E+03-1.06256E+05 1.15082E+02 5.88045E+03
 -1        82 2.49995E+06-1.06791E+02 5.33927E+01-1.07051E+05 4.29068E+00 5.49766E+03
 -1        83 3.33341E+06 4.89783E+02 1.52444E+02-1.06910E+05-1.71660E+02 5.55838E+03
 -1        84 4.16604E+06-1.99730E+03-7.91872E+02-1.07072E+05 7.00310E+02 5.56139E+03
 -1        85 5.00251E+06 8.45491E+03 3.92086E+03-1.06510E+05-2.68822E+03 5.86223E+03
 -1        86 5.83101E+06-2.32929E+04-7.72302E+03-1.04734E+05 1.14323E+04 6.77885E+03
 -1        87 6.73244E+06 1.51581E+05 9.70372E+04-9.79633E+04-3.48226E+04 2.04277E+04
 -1        88 7.76619E+06-2.16433E+04 2.24819E+05 5.83852E+04 2.34227E+05 1.40861E+05
 -1        89 4.25509E+05 5.46722E+03 3.28816E+03 9.27047E+03 1.17263E+03 5.10408E+03
 -1        90 1.25038E+06 1.34582E+03 8.90276E+02 8.02685E+03-2.24947E+02 5.31723E+03
 -1        91 2.08364E+06-6.87064E+01-2.57598E+01 9.10203E+03 5.55169E+01 5.58448E+03
 -1        92 2.91676E+06 2.49674E+02 1.08354E+02 8.94403E+03-6.78497E+01 5.53101E+03
 -1        93 3.75001E+06-6.64699E+02-2.95645E+02 8.86567E+03 2.71368E+02 5.57296E+03
 -1        94 4.58373E+06 2.59475E+03 1.14624E+03 9.20284E+03-1.01226E+03 5.43555E+03
 -1        95 5.41447E+06-1.08060E+04-5.46456E+03 8.16129E+03 3.74403E+03 6.11225E+03
 -1        96 6.25275E+06 3.40871E+04 1.58650E+04 8.83025E+03-1.56708E+04 9.20059E+02
 -1        97 7.00010E+06-1.89872E+05-1.23400E+05-1.33809E+03 5.31430E+04 5.81785E+03
 -1        98 7.66771E+06 2.27581E+05-3.30433E+04-9.72910E+04-2.96875E+05-1.84909E+05
 -1        99-9.24091E+06-3.59363E+06-3.59363E+06-2.98486E+05-3.83946E-04 1.88497E+01
 -1       100 9.24098E+06 3.59366E+06 3.59366E+06-2.98495E+05 1.68988E-05 1.59348E+01
 -1       101 2.11491E+01 1.21716E+02 2.01035E+01-1.79599E+05-2.28266E+05-2.10215E+01
 -1       102-3.46890E+01 3.81488E+01-6.93602E+00-2.42511E+05 3.27355E+04 2.65771E+01
 -1       103 5.80157E+01-5.04949E+01 2.27112E+01-2.27817E+05-1.04465E+04-8.11397E+00
 -1       104-3.87816E+01-2.07447E+01-3.79483E+01-2.33259E+05 2.30994E+03-1.61959E+01
 -1       105-4.18879E+01-1.53777E+02-4.07522E+01-2.31581E+05-5.79221E+02 1.17388E+01
 -1       106 2.47824E+01 1.90153E+02 2.72957E+01-2.32086E+05 1.02197E+02-3.24062E+00
 -1       107 5.50155E+01-1.80137E+01 3.73153E+01-2.31846E+05 3.41388E+01-5.05493E+00
 -1       108-7.54168E+01-1.03261E+02-3.23180E+01-2.32361E+05-2.95897E+02-3.52736E+01
 -1       109 1.61239E+00 2.94884E+01-1.77895E+01-2.30954E+05 1.86210E+03 2.56333E+01
 -1       110 3.98966E+06 2.80988E+05 2.20537E+05-4.81629E+04-2.31267E+05-7.05352E+04
 -1       111 2.00029E+01 3.09256E+01-2.53530E+00-5.86473E+04 2.99875E+05-1.34910E+01
 -1       112 3.35353E+06 3.79587E+04 3.59788E+04-1.77917E+05 3.37696E+04-1.03417E+04
 -1       113-1.72506E+01 3.40019E+01-3.89501E+00-1.25480E+05-5.11797E+04 1.93218E+00
 -1       114 2.92168E+06 3.48113E+03 1.32485E+03-1.68561E+05-1.09301E+04-3.32192E+03
 -1       115-1.00924E+00-1.98465E+01 8.15191E+00-1.15451E+05 1.50887E+04 2.81290E+01
 -1       116 2.50004E+06 9.11648E+02 8.93755E+02-1.73613E+05 2.48822E+03-2.96097E+03
 -1       117 1.91073E+01-2.82813E+01-1.13435E+01-1.15714E+05-3.45392E+03-1.34860E+01
 -1       118 2.08354E+06-1.53460E+02-1.59421E+02-1.72677E+05-6.33448E+02-2.73786E+03
 -1       119-2.95115E+01-2.23227E+01-2.06325E+01-1.16212E+05 8.67632E+02-3.81922E-01
 -1       120 1.66672E+06 9.74118E+01 3.44171E+01-1.72932E+05 1.00464E+02-2.78655E+03
 -1       121-2.29818E+00 1.71173E+01-3.62204E+00-1.15951E+05-2.13967E+02-1.33176E+01
 -1       122 1.25002E+06-1.76687E+02-3.66222E+01-1.72846E+05 3.28608E+01-2.75675E+03
 -1       123 1.84064E+01 3.80160E+01 1.97416E+01-1.16019E+05 8.61480E+01-1.27564E+00
 -1       124 8.32908E+05-8.72610E+02-4.12997E+02-1.72781E+05-1.96424E+02-2.93273E+03
 -1       125 3.34566E+01-2.46570E+01 4.06455E+01-1.16111E+05-1.42859E+02-1.37765E+01
 -1       126 4.11641E+05-7.70822E+03-4.29909E+03-1.71447E+05 1.47481E+03-2.96098E+03
 -1       127-5.30255E+01-4.19210E+01-2.51996E+01-1.15591E+05 5.12582E+02-6.61508E+00
 -1       128-2.12268E+01 1.74839E+01 2.55975E+00-1.17107E+05-2.84045E+03 2.30969E+01
 -1       129-3.98964E+06-2.80846E+05-2.20538E+05-4.81693E+04-2.31253E+05 7.04893E+04
 -1       130-3.35362E+06-3.79079E+04-3.59976E+04-1.77912E+05 3.37943E+04 1.03804E+04
 -1       131-2.92156E+06-3.52181E+03-1.27764E+03-1.68545E+05-1.09399E+04 3.34707E+03
 -1       132-2.50009E+06-9.73032E+02-9.62783E+02-1.73619E+05 2.49580E+03 2.90472E+03
 -1       133-2.08365E+06-5.33107E+01 6.91102E+01-1.72666E+05-6.50981E+02 2.76949E+03
 -1       134-1.66669E+06 1.00237E+02-3.61724E+00-1.72928E+05 1.36930E+02 2.79333E+03
 -1       135-1.24992E+06 1.50707E+02 7.28537E+01-1.72849E+05 6.21966E+00 2.73824E+03
 -1       136-8.33013E+05 7.59388E+02 3.57526E+02-1.72744E+05-2.20073E+02 2.88461E+03
 -1       137-4.11676E+05 7.72293E+03 4.25660E+03-1.71455E+05 1.47526E+03 3.00505E+03
 -1       138-3.99595E+01-1.18761E+01 9.66577E+00-2.12084E+05-2.09408E+01-1.49079E+01
 -1       139-5.89407E+01-6.09501E+01-3.08632E+01-2.30901E+05-1.86037E+03-2.73935E+01
 -1       140 2.38032E+01 9.34561E+01-2.86700E+01-2.32408E+05 2.94785E+02 3.78383E+01
 -1       141 4.51111E+01 4.81647E+01 3.42010E+01-2.31850E+05-1.58800E+01-1.58292E+01
 -1       142-5.35568E+01-2.13036E+02-5.53992E+01-2.32080E+05-1.21004E+02 6.07090E+00
 -1       143-3.94764E+01 5.90026E+01-3.13390E+01-2.31554E+05 5.95565E+02-1.25661E+01
 -1       144-9.75715E-01-2.59698E+01-2.92085E+00-2.33227E+05-2.30687E+03 3.28018E+01
 -1       145 1.63573E+01 4.71984E+01-1.63852E+01-2.27808E+05 1.04770E+04-1.43005E+01
 -1       146-2.06602E+01-6.42796E+01-8.53461E+00-2.42562E+05-3.27244E+04-4.06602E+01
 -1       147-4.74118E+01-1.34502E+02-1.96531E+01-1.79624E+05 2.28245E+05 3.98779E+01
 -1       148 4.11627E+05-7.73478E+03-4.30518E+03-1.71400E+05-1.47200E+03 2.93343E+03
 -1       149-2.52107E+00-2.23638E+01 6.59265E-01-1.17109E+05 2.82912E+03-1.85491E+01
 -1       150 8.32971E+05-7.43361E+02-4.08392E+02-1.72784E+05 2.11492E+02 2.93592E+03
 -1       151-6.80190E+01-1.08172E+01-4.56940E+01-1.15606E+05-5.32379E+02 7.76486E+00
 -1       152 1.25000E+06-1.37018E+02-4.71399E+01-1.72862E+05-2.13764E+01 2.74820E+03
 -1       153 2.41514E+01-5.71822E+00-5.69988E+00-1.16122E+05 1.39160E+02 1.20872E+01
 -1       154 1.66670E+06-7.00803E+01 4.80972E+00-1.72939E+05-1.51965E+02 2.78772E+03
 -1       155 1.59857E+01-2.38645E+01 1.83683E+01-1.16010E+05-6.49522E+01-7.00590E-01
 -1       156 2.08355E+06-4.09050E+01-1.24742E+02-1.72657E+05 6.49243E+02 2.76442E+03
 -1       157-4.10837E+01-3.34689E+01-2.79997E+01-1.15939E+05 2.24422E+02-2.32440E+01
 -1       158 2.50009E+06 9.50362E+02 9.58829E+02-1.73605E+05-2.49437E+03 2.97888E+03
 -1       159-2.74615E+01 9.99403E+00-2.34776E+01-1.16188E+05-8.69227E+02 9.54709E+00
 -1       160 2.92165E+06 3.52082E+03 1.28162E+03-1.68553E+05 1.09568E+04 3.32224E+03
 -1       161 3.50587E+01 8.92559E+00-1.08998E+01-1.15707E+05 3.46302E+03 1.04087E+01
 -1       162 3.35352E+06 3.78685E+04 3.59525E+04-1.77916E+05-3.37788E+04 1.03108E+04
 -1       163 3.28073E+01 2.25447E+01 1.36737E+01-1.15473E+05-1.51048E+04-6.74444E+00
 -1       164 3.98960E+06 2.80815E+05 2.20531E+05-4.81845E+04 2.31234E+05 7.05311E+04
 -1       165-7.28536E+01-1.58568E+01 3.74304E+00-1.25508E+05 5.11806E+04-4.03092E+00
 -1       166 2.78582E+01-3.67171E+01 6.31490E+00-5.86492E+04-2.99889E+05 1.55157E+01
 -1       167-4.11714E+05 7.68117E+03 4.26231E+03-1.71420E+05-1.47506E+03-3.00757E+03
 -1       168-8.32948E+05 8.48989E+02 3.79779E+02-1.72789E+05 2.05167E+02-2.87105E+03
 -1       169-1.24996E+06 1.52659E+02 2.38225E+01-1.72855E+05-4.64114E-01-2.74910E+03
 -1       170-1.66674E+06-1.35805E+02-6.10002E+01-1.72913E+05-1.13964E+02-2.79757E+03
 -1       171-2.08366E+06 3.69290E+01 5.24692E+01-1.72681E+05 6.54898E+02-2.78279E+03
 -1       172-2.50006E+06-9.53083E+02-9.29363E+02-1.73589E+05-2.47920E+03-2.90084E+03
 -1       173-2.92159E+06-3.45182E+03-1.28601E+03-1.68559E+05 1.09505E+04-3.35307E+03
 -1       174-3.35360E+06-3.80021E+04-3.59930E+04-1.77937E+05-3.37784E+04-1.03694E+04
 -1       175-3.98968E+06-2.80994E+05-2.20552E+05-4.81859E+04 2.31253E+05-7.04711E+04
 -1       176 2.56341E+01 9.96844E+00 9.96871E+00 1.72273E+05-1.89401E-04 7.22794E+00
 -1       177 7.77208E+06-1.64068E+04 2.27817E+05 1.91099E+04-2.43660E+01-1.09088E+01
 -1       178 6.73690E+06 1.50639E+05 9.79515E+04-6.95482E+04-4.43172E+00-7.38156E+00
 -1       179 5.83121E+06-2.21681E+04-7.40665E+03-9.10557E+04 2.47755E+00-3.48408E+00
 -1       180 5.00269E+06 7.98456E+03 3.75045E+03-8.91755E+04-1.14249E+01 1.08482E+01
 -1       181 4.16627E+06-1.85978E+03-7.69324E+02-9.05808E+04-3.17853E+00 2.33384E+01
 -1       182 3.33352E+06 3.88503E+02 1.18023E+02-9.01826E+04-1.85015E+01-5.56081E+00
 -1       183 2.50006E+06-7.47644E+01 6.66621E+01-9.03731E+04 7.47118E+00-5.88894E+00
 -1       184 1.66565E+06-1.65882E+03-1.07794E+03-8.95686E+04 2.25748E+00 4.62155E+00
 -1       185 8.28124E+05-5.23704E+03-3.39870E+03-8.87602E+04 1.37726E+01-1.14499E+01
 -1       186-7.77210E+06 1.63943E+04-2.27819E+05 1.90975E+04 9.62468E+00 5.91512E+00
 -1       187-6.73698E+06-1.50694E+05-9.79658E+04-6.95258E+04 5.23980E+00 1.43932E+01
 -1       188-5.83109E+06 2.22426E+04 7.48494E+03-9.11037E+04 7.92154E+00-5.43563E+00
 -1       189-5.00269E+06-7.98872E+03-3.75555E+03-8.91474E+04 1.25990E+01 6.67877E+00
 -1       190-4.16637E+06 1.79031E+03 7.04108E+02-9.05964E+04 4.72995E+00-3.87566E+00
 -1       191-3.33354E+06-4.28525E+02-1.83903E+02-9.01567E+04 1.34623E+01-1.21512E+01
 -1       192-2.49999E+06 1.04128E+02-2.99539E+01-9.03590E+04-5.95159E+00-1.14905E+00
 -1       193-1.66565E+06 1.71640E+03 1.08027E+03-8.95794E+04 1.08583E+01 1.09251E+00
 -1       194-8.28162E+05 5.24836E+03 3.38127E+03-8.87783E+04-1.13005E+01 1.74968E+01
 -1       195-5.54136E+00-1.81342E+00 3.63296E+00-2.18753E+05-1.22797E+01 9.14578E+00
 -1       196-2.58309E+01-2.04914E+01-9.29818E+00-2.13984E+05 7.78630E+00-5.74805E+00
 -1       197 3.29102E+01 1.28103E+01 6.01372E+00-2.14284E+05 1.72729E+01-1.12406E+01
 -1       198-1.30359E+01-1.18654E+01-1.53016E+01-2.15839E+05-6.40901E-02 8.25490E+00
 -1       199-2.90469E+01-2.69928E+01-2.70779E+01-2.15094E+05 4.84287E+00-7.33980E-01
 -1       200-2.14227E+01-2.65670E+01-2.02568E+01-2.15372E+05-9.47451E+00 1.02438E+00
 -1       201 5.02502E+01 3.24008E+01 4.06621E+01-2.15183E+05 7.13988E+00-8.83885E+00
 -1       202-1.19037E+01 2.14136E+01-1.92325E+01-2.15726E+05 1.71568E+00 6.95331E-01
 -1       203-1.47364E+01-7.19703E+00-1.80372E+01-2.14299E+05 2.72667E+00-1.58888E+00
 -3
    1PSTEP                         3           1           1          
  100CL  101 1.000000000         203                     0    1           1
 -4  TOSTRAIN    6    1
 -5  EXX         1    4    1    1
 -5  EYY         1    4    2    2
 -5  EZZ         1    4    3    3
 -5  EXY         1    4    1    2
 -5  EYZ         1    4    2    3
 -5  EZX         1    4    3    1
 -1         1 3.44348E-05 1.95719E-10 1.74577E-10-1.16211E-06 1.03649E-11 4.18527E-06
 -1         2-3.44345E-05-1.95719E-10-1.74577E-10-1.16204E-06 1.03659E-11-4.18507E-06
 -1         3-3.73622E-07 2.03357E-07 9.92833E-08-6.37291E-07 1.83871E-08 2.05506E-08
 -1         4 3.73453E-07-2.03157E-07-9.88642E-08-6.36959E-07 1.87015E-08-2.05113E-08
 -1         5-3.73424E-07 2.02997E-07 9.92220E-08-6.37230E-07-1.85670E-08-2.06074E-08
 -1         6 3.73355E-07-2.03159E-07-9.91440E-08-6.37030E-07-1.85335E-08 2.05158E-08
 -1         7-3.44346E-05-1.95717E-10-1.74577E-10-1.16203E-06-1.03630E-11 4.18530E-06
 -1         8 3.44349E-05 1.95722E-10 1.74577E-10-1.16207E-06-1.03634E-11-4.18505E-06
 -1         9 2.10596E-10 1.03067E-15-3.79904E-17 1.70937E-06 1.04895E-11 6.45803E-11
 -1        10 1.71579E-05-2.09025E-10-1.96858E-10 5.16678E-07 1.04260E-11 2.09464E-06
 -1        11-1.71575E-05 2.09020E-10 1.96859E-10 5.16697E-07 1.04245E-11-2.09447E-06
 -1        12-3.67111E-05 1.07576E-05 9.25563E-06 3.55887E-07-1.42771E-06 8.58411E-07
 -1        13-3.17281E-05 8.38414E-06 8.71659E-06-5.97230E-07 2.12427E-07 1.24830E-07
 -1        14-2.78076E-05 7.87519E-06 7.78039E-06-6.38430E-07-6.96275E-08 4.16120E-08
 -1        15-2.38049E-05 6.63483E-06 6.66269E-06-6.49173E-07 1.63071E-08 3.51843E-08
 -1        16-1.98424E-05 5.56304E-06 5.55594E-06-6.52587E-07-4.36450E-09 3.39010E-08
 -1        17-1.58724E-05 4.44267E-06 4.44424E-06-6.51418E-07 9.15696E-10 3.39815E-08
 -1        18-1.19043E-05 3.33388E-06 3.33303E-06-6.52393E-07 2.70850E-11 3.33576E-08
 -1        19-7.93473E-06 2.22699E-06 2.22353E-06-6.47620E-07-8.11312E-10 3.56025E-08
 -1        20-3.95760E-06 1.12705E-06 1.11320E-06-6.41726E-07 6.56954E-09 3.52905E-08
 -1        21-3.62534E-05 9.09580E-06 1.06845E-05-5.93051E-07 1.80959E-06-1.12720E-06
 -1        22-3.37519E-05 1.00732E-05 9.66794E-06-8.26837E-09-3.23859E-07 3.53882E-08
 -1        23-2.97083E-05 8.19597E-06 8.30677E-06 5.38287E-08 9.54330E-08 5.89999E-09
 -1        24-2.58045E-05 7.26328E-06 7.23087E-06 4.98008E-08-2.28954E-08 3.72046E-08
 -1        25-2.18224E-05 6.10094E-06 6.10968E-06 5.61124E-08 6.01287E-09 3.29270E-08
 -1        26-1.78587E-05 5.00292E-06 5.00070E-06 5.41891E-08-1.66541E-09 3.42047E-08
 -1        27-1.38887E-05 3.88788E-06 3.88904E-06 5.45863E-08 4.20123E-10 3.36260E-08
 -1        28-9.92209E-06 2.77838E-06 2.77844E-06 5.54508E-08-4.10879E-10 3.38913E-08
 -1        29-5.95143E-06 1.66220E-06 1.66472E-06 4.89374E-08 1.30359E-09 3.25244E-08
 -1        30-2.01467E-06 5.45847E-07 5.58826E-07 5.63004E-08-7.25689E-09 3.13207E-08
 -1        31-2.39200E-10 5.78679E-11 1.65535E-10-1.38023E-06-6.55900E-09 7.88776E-12
 -1        32 1.79939E-07-1.67631E-07-3.84835E-08-1.02785E-06 6.08209E-09-1.19272E-08
 -1        33-1.80336E-07 1.67788E-07 3.88414E-08-1.02798E-06 5.89763E-09 1.19510E-08
 -1        34 3.67111E-05-1.07574E-05-9.25581E-06 3.55930E-07-1.42795E-06-8.58721E-07
 -1        35 3.17277E-05-8.38385E-06-8.71649E-06-5.97442E-07 2.12152E-07-1.24617E-07
 -1        36 2.78081E-05-7.87534E-06-7.78023E-06-6.38117E-07-6.96333E-08-4.13498E-08
 -1        37 2.38049E-05-6.63509E-06-6.66287E-06-6.49277E-07 1.62729E-08-3.55861E-08
 -1        38 1.98421E-05-5.56323E-06-5.55608E-06-6.52683E-07-4.20280E-09-3.36225E-08
 -1        39 1.58724E-05-4.44263E-06-4.44444E-06-6.51466E-07 7.61862E-10-3.39572E-08
 -1        40 1.19048E-05-3.33406E-06-3.33282E-06-6.52219E-07 7.28812E-11-3.35831E-08
 -1        41 7.93447E-06-2.22694E-06-2.22364E-06-6.47737E-07-6.14369E-10-3.57876E-08
 -1        42 3.95738E-06-1.12703E-06-1.11327E-06-6.41958E-07 6.67795E-09-3.48650E-08
 -1        43 3.62535E-05-9.09595E-06-1.06846E-05-5.92992E-07 1.80960E-06 1.12718E-06
 -1        44 3.37516E-05-1.00734E-05-9.66802E-06-8.32864E-09-3.23789E-07-3.55367E-08
 -1        45 2.97083E-05-8.19600E-06-8.30676E-06 5.38260E-08 9.54149E-08-5.68408E-09
 -1        46 2.58049E-05-7.26343E-06-7.23095E-06 4.98946E-08-2.29788E-08-3.72720E-08
 -1        47 2.18223E-05-6.10063E-06-6.10989E-06 5.60522E-08 6.03270E-09-3.30917E-08
 -1        48 1.78587E-05-5.00302E-06-5.00065E-06 5.41992E-08-1.53546E-09-3.39586E-08
 -1        49 1.38888E-05-3.88832E-06-3.88879E-06 5.45421E-08 5.29288E-10-3.38194E-08
 -1        50 9.92223E-06-2.77832E-06-2.77815E-06 5.55414E-08-4.05292E-10-3.41226E-08
 -1        51 5.95126E-06-1.66217E-06-1.66463E-06 4.89912E-08 1.36257E-09-3.25029E-08
 -1        52 2.01448E-06-5.45740E-07-5.58793E-07 5.62294E-08-7.04238E-09-3.09923E-08
 -1        53-3.67096E-07 2.12734E-07 9.92784E-08-5.51350E-07-8.57944E-11-2.24393E-11
 -1        54-1.16042E-10-2.37444E-10 6.47463E-11-1.38056E-06 6.28096E-09-2.04617E-10
 -1        55 1.79968E-07-1.67727E-07-3.86739E-08-1.02805E-06-6.12593E-09 1.17793E-08
 -1        56-1.80103E-07 1.67409E-07 3.87604E-08-1.02812E-06-6.14890E-09-1.20338E-08
 -1        57 3.66936E-07-2.12567E-07-9.90299E-08-5.51101E-07 1.02667E-10 8.23277E-12
 -1        58-3.95771E-06 1.12715E-06 1.11333E-06-6.41901E-07-6.70521E-09-3.50845E-08
 -1        59-7.93456E-06 2.22677E-06 2.22371E-06-6.47723E-07 8.28733E-10-3.55763E-08
 -1        60-1.19044E-05 3.33372E-06 3.33274E-06-6.52321E-07-5.90889E-11-3.33648E-08
 -1        61-1.58724E-05 4.44243E-06 4.44420E-06-6.51222E-07-6.90942E-10-3.41345E-08
 -1        62-1.98425E-05 5.56288E-06 5.55581E-06-6.52893E-07 4.39883E-09-3.39516E-08
 -1        63-2.38049E-05 6.63505E-06 6.66275E-06-6.49164E-07-1.61414E-08-3.51092E-08
 -1        64-2.78077E-05 7.87535E-06 7.78046E-06-6.38355E-07 6.96548E-08-4.16809E-08
 -1        65-3.17280E-05 8.38373E-06 8.71674E-06-5.97236E-07-2.12372E-07-1.24656E-07
 -1        66-3.67111E-05 1.07574E-05 9.25575E-06 3.55793E-07 1.42785E-06-8.58334E-07
 -1        67-2.01451E-06 5.45903E-07 5.58860E-07 5.62073E-08 7.16773E-09-3.12169E-08
 -1        68-5.95159E-06 1.66201E-06 1.66487E-06 4.89481E-08-1.38935E-09-3.24708E-08
 -1        69-9.92203E-06 2.77780E-06 2.77838E-06 5.54841E-08 3.99374E-10-3.38750E-08
 -1        70-1.38886E-05 3.88834E-06 3.88887E-06 5.45653E-08-5.87529E-10-3.38156E-08
 -1        71-1.78589E-05 5.00301E-06 5.00062E-06 5.42874E-08 1.59906E-09-3.41348E-08
 -1        72-2.18224E-05 6.10067E-06 6.10965E-06 5.59332E-08-5.91370E-09-3.30096E-08
 -1        73-2.58046E-05 7.26343E-06 7.23094E-06 4.98013E-08 2.29783E-08-3.71543E-08
 -1        74-2.97083E-05 8.19578E-06 8.30688E-06 5.38683E-08-9.55506E-08-5.87106E-09
 -1        75-3.37520E-05 1.00736E-05 9.66808E-06-8.24000E-09 3.23689E-07-3.54593E-08
 -1        76-3.62532E-05 9.09577E-06 1.06846E-05-5.92957E-07-1.80965E-06 1.12734E-06
 -1        77 6.53691E-11 1.56643E-15-4.20705E-16 1.70934E-06-1.04873E-11 3.87559E-11
 -1        78 1.71579E-05-2.09023E-10-1.96858E-10 5.16666E-07-1.04265E-11-2.09448E-06
 -1        79-1.71576E-05 2.09021E-10 1.96858E-10 5.16701E-07-1.04284E-11 2.09464E-06
 -1        80 3.95749E-06-1.12698E-06-1.11336E-06-6.41442E-07-6.55743E-09 3.47196E-08
 -1        81 7.93457E-06-2.22665E-06-2.22374E-06-6.47657E-07 7.01454E-10 3.58428E-08
 -1        82 1.19046E-05-3.33385E-06-3.33287E-06-6.52500E-07 2.61527E-11 3.35096E-08
 -1        83 1.58725E-05-4.44242E-06-4.44447E-06-6.51640E-07-1.04631E-09 3.38797E-08
 -1        84 1.98420E-05-5.56317E-06-5.55582E-06-6.52632E-07 4.26856E-09 3.38980E-08
 -1        85 2.38050E-05-6.63498E-06-6.66262E-06-6.49205E-07-1.63853E-08 3.57317E-08
 -1        86 2.78081E-05-7.87530E-06-7.78039E-06-6.38378E-07 6.96827E-08 4.13187E-08
 -1        87 3.17277E-05-8.38415E-06-8.71661E-06-5.97110E-07-2.12252E-07 1.24512E-07
 -1        88 3.67110E-05-1.07577E-05-9.25550E-06 3.55871E-07 1.42767E-06 8.58584E-07
 -1        89 2.01456E-06-5.45695E-07-5.58977E-07 5.65057E-08 7.14747E-09 3.11106E-08
 -1        90 5.95119E-06-1.66195E-06-1.66472E-06 4.89255E-08-1.37111E-09 3.24098E-08
 -1        91 9.92224E-06-2.77848E-06-2.77822E-06 5.54791E-08 3.38389E-10 3.40388E-08
 -1        92 1.38889E-05-3.88797E-06-3.88883E-06 5.45160E-08-4.13560E-10 3.37128E-08
 -1        93 1.78585E-05-5.00279E-06-5.00054E-06 5.40383E-08 1.65405E-09 3.39685E-08
 -1        94 2.18223E-05-6.10081E-06-6.10964E-06 5.60935E-08-6.16999E-09 3.31310E-08
 -1        95 2.58049E-05-7.26346E-06-7.23090E-06 4.97450E-08 2.28207E-08 3.72556E-08
 -1        96 2.97084E-05-8.19584E-06-8.30691E-06 5.38225E-08-9.55174E-08 5.60798E-09
 -1        97 3.37515E-05-1.00731E-05-9.66792E-06-8.15598E-09 3.23919E-07 3.54612E-08
 -1        98 3.62535E-05-9.09583E-06-1.06844E-05-5.93012E-07-1.80952E-06-1.12706E-06
 -1        99-3.44213E-05 1.96984E-10 1.97626E-10-1.81934E-06-2.34024E-15 1.14893E-10
 -1       100 3.44216E-05-1.96987E-10-1.97625E-10-1.81940E-06 1.03002E-16 9.71264E-11
 -1       101-8.83823E-11 5.24595E-10-9.47554E-11-1.09470E-06-1.39134E-06-1.28131E-10
 -1       102-2.06803E-10 2.37161E-10-3.76417E-11-1.47816E-06 1.99531E-07 1.61994E-10
 -1       103 3.13310E-10-3.48088E-10 9.81209E-11-1.38860E-06-6.36742E-08-4.94566E-11
 -1       104-1.06417E-10 3.52210E-12-1.01338E-10-1.42177E-06 1.40796E-08-9.87179E-11
 -1       105 5.99053E-11-6.22082E-10 6.68281E-11-1.41154E-06-3.53049E-09 7.15509E-11
 -1       106-1.71921E-10 8.36055E-10-1.56602E-10-1.41462E-06 6.22915E-10-1.97523E-11
 -1       107 2.36243E-10-2.08887E-10 1.28356E-10-1.41316E-06 2.08084E-10-3.08110E-11
 -1       108-1.78355E-10-3.48074E-10 8.43424E-11-1.41629E-06-1.80356E-09-2.15001E-10
 -1       109-7.92047E-12 1.61990E-10-1.26180E-10-1.40772E-06 1.13500E-08 1.56241E-10
 -1       110 1.83297E-05-4.27556E-06-4.64402E-06-2.93564E-07-1.40963E-06-4.29929E-07
 -1       111 5.73983E-11 1.23975E-10-7.99776E-11-3.57469E-07 1.82781E-06-8.22309E-11
 -1       112 1.58706E-05-4.33859E-06-4.35065E-06-1.08445E-06 2.05834E-07-6.30354E-08
 -1       113-1.22288E-10 1.90108E-10-4.08828E-11-7.64828E-07-3.11952E-07 1.17771E-11
 -1       114 1.39064E-05-3.88077E-06-3.89391E-06-1.02742E-06-6.66216E-08-2.02479E-08
 -1       115 1.07868E-11-1.04031E-10 6.66262E-11-7.03699E-07 9.19691E-08 1.71453E-10
 -1       116 1.19025E-05-3.33023E-06-3.33034E-06-1.05821E-06 1.51663E-08-1.80478E-08
 -1       117 1.43820E-10-1.45025E-10-4.17847E-11-7.05305E-07-2.10525E-08-8.22004E-11
 -1       118 9.92204E-06-2.77857E-06-2.77861E-06-1.05251E-06-3.86102E-09-1.66879E-08
 -1       119-8.32576E-11-3.94397E-11-2.91377E-11-7.08343E-07 5.28843E-09-2.32791E-12
 -1       120 7.93660E-06-2.22188E-06-2.22226E-06-1.05406E-06 6.12349E-10-1.69847E-08
 -1       121-2.89374E-11 8.94046E-11-3.70066E-11-7.06752E-07-1.30418E-09-8.11742E-11
 -1       122 5.95277E-06-1.66749E-06-1.66663E-06-1.05354E-06 2.00294E-10-1.68030E-08
 -1       123 1.06392E-11 1.30165E-10 1.87778E-11-7.07162E-07 5.25093E-10-7.77531E-12
 -1       124 3.96794E-06-1.11415E-06-1.11135E-06-1.05314E-06-1.19725E-09-1.78757E-08
 -1       125 1.37999E-10-2.16217E-10 1.81817E-10-7.07724E-07-8.70761E-10-8.39710E-11
 -1       126 1.97620E-06-5.79828E-07-5.59049E-07-1.04501E-06 8.98935E-09-1.80479E-08
 -1       127-1.63008E-10-9.53238E-11 6.59727E-12-7.04556E-07 3.12431E-09-4.03205E-11
 -1       128-1.27805E-10 1.08146E-10 1.71798E-11-7.13798E-07-1.73132E-08 1.40781E-10
 -1       129-1.83298E-05 4.27620E-06 4.64380E-06-2.93603E-07-1.40954E-06 4.29649E-07
 -1       130-1.58711E-05 4.33897E-06 4.35061E-06-1.08441E-06 2.05985E-07 6.32708E-08
 -1       131-1.39058E-05 3.88035E-06 3.89402E-06-1.02732E-06-6.66815E-08 2.04012E-08
 -1       132-1.19026E-05 3.33011E-06 3.33017E-06-1.05825E-06 1.52125E-08 1.77050E-08
 -1       133-9.92216E-06 2.77785E-06 2.77860E-06-1.05244E-06-3.96788E-09 1.68807E-08
 -1       134-7.93676E-06 2.22274E-06 2.22211E-06-1.05404E-06 8.34619E-10 1.70260E-08
 -1       135-5.95232E-06 1.66719E-06 1.66671E-06-1.05356E-06 3.79103E-11 1.66903E-08
 -1       136-3.96822E-06 1.11382E-06 1.11137E-06-1.05291E-06-1.34140E-09 1.75824E-08
 -1       137-1.97633E-06 5.80001E-07 5.58873E-07-1.04506E-06 8.99204E-09 1.83165E-08
 -1       138-1.87336E-10-1.61610E-11 1.15142E-10-1.29271E-06-1.27639E-10-9.08671E-11
 -1       139-1.58252E-10-1.70500E-10 1.28869E-11-1.40740E-06-1.13394E-08-1.66970E-10
 -1       140 2.69672E-11 4.51518E-10-2.92869E-10-1.41658E-06 1.79679E-09 2.30634E-10
 -1       141 1.04994E-10 1.23606E-10 3.84942E-11-1.41318E-06-9.67926E-11-9.64825E-11
 -1       142 1.02881E-10-8.69181E-10 9.16510E-11-1.41458E-06-7.37547E-10 3.70036E-11
 -1       143-2.24867E-10 3.75385E-10-1.75268E-10-1.41138E-06 3.63011E-09-7.65931E-11
 -1       144 3.38747E-11-1.18470E-10 2.20186E-11-1.42157E-06-1.40609E-08 1.99935E-10
 -1       145 3.68075E-11 2.24791E-10-1.62766E-10-1.38854E-06 6.38598E-08-8.71652E-11
 -1       146-1.29619E-12-2.67167E-10 7.26121E-11-1.47847E-06-1.99463E-07-2.47834E-10
 -1       147-2.02299E-11-5.51067E-10 1.48966E-10-1.09485E-06 1.39121E-06 2.43065E-10
 -1       148 1.97618E-06-5.79928E-07-5.59023E-07-1.04473E-06-8.97219E-09 1.78800E-08
 -1       149 1.69342E-11-1.04012E-10 3.63191E-11-7.13804E-07 1.72442E-08-1.13061E-10
 -1       150 3.96806E-06-1.11362E-06-1.11158E-06-1.05316E-06 1.28909E-09 1.78951E-08
 -1       151-2.48552E-10 1.00107E-10-1.12476E-10-7.04645E-07-3.24498E-09 4.73287E-11
 -1       152 5.95261E-06-1.66725E-06-1.66670E-06-1.05363E-06-1.30294E-10 1.67510E-08
 -1       153 1.30231E-10-5.18316E-11-5.17198E-11-7.07793E-07 8.48211E-10 7.36744E-11
 -1       154 7.93678E-06-2.22261E-06-2.22216E-06-1.05411E-06-9.26260E-10 1.69918E-08
 -1       155 8.34506E-11-1.59446E-10 9.79734E-11-7.07108E-07-3.95899E-10-4.27027E-12
 -1       156 9.92187E-06-2.77809E-06-2.77860E-06-1.05239E-06 3.95729E-09 1.68498E-08
 -1       157-1.13679E-10-6.72643E-11-3.39286E-11-7.06679E-07 1.36790E-09-1.41678E-10
 -1       158 1.19026E-05-3.33020E-06-3.33015E-06-1.05816E-06-1.52038E-08 1.81570E-08
 -1       159-1.12791E-10 1.15509E-10-8.85080E-11-7.08191E-07-5.29814E-09 5.81918E-11
 -1       160 1.39062E-05-3.88048E-06-3.89413E-06-1.02737E-06 6.67841E-08 2.02499E-08
 -1       161 1.69579E-10 1.02910E-11-1.10550E-10-7.05259E-07 2.11079E-08 6.34436E-11
 -1       162 1.58707E-05-4.33898E-06-4.35065E-06-1.08444E-06-2.05890E-07 6.28467E-08
 -1       163 1.07934E-10 4.53811E-11-8.68996E-12-7.03835E-07-9.20676E-08-4.11090E-11
 -1       164 1.83296E-05-4.27629E-06-4.64374E-06-2.93696E-07 1.40943E-06 4.29904E-07
 -1       165-3.30770E-10 1.66386E-11 1.36105E-10-7.65003E-07 3.11958E-07-2.45694E-11
 -1       166 1.73194E-10-2.20407E-10 4.18827E-11-3.57481E-07-1.82789E-06 9.45717E-11
 -1       167-1.97647E-06 5.79846E-07 5.59007E-07-1.04485E-06-8.99083E-09-1.83319E-08
 -1       168-3.96805E-06 1.11413E-06 1.11127E-06-1.05319E-06 1.25054E-09-1.74998E-08
 -1       169-5.95243E-06 1.66731E-06 1.66652E-06-1.05359E-06-2.82888E-12-1.67564E-08
 -1       170-7.93659E-06 2.22175E-06 2.22221E-06-1.05395E-06-6.94639E-10-1.70518E-08
 -1       171-9.92231E-06 2.77832E-06 2.77841E-06-1.05253E-06 3.99176E-09-1.69618E-08
 -1       172-1.19026E-05 3.33012E-06 3.33026E-06-1.05807E-06-1.51113E-08-1.76813E-08
 -1       173-1.39060E-05 3.88073E-06 3.89393E-06-1.02741E-06 6.67458E-08-2.04378E-08
 -1       174-1.58709E-05 4.33850E-06 4.35074E-06-1.08457E-06-2.05887E-07-6.32038E-08
 -1       175-1.83297E-05 4.27557E-06 4.64398E-06-2.93704E-07 1.40954E-06-4.29538E-07
 -1       176 9.54840E-11-1.55625E-15 2.84061E-17 1.05005E-06-1.15444E-15 4.40560E-11
 -1       177 3.67280E-05-1.07447E-05-9.25606E-06 1.16479E-07-1.48517E-10-6.64918E-11
 -1       178 3.17490E-05-8.39580E-06-8.71695E-06-4.23913E-07-2.70124E-11-4.49923E-11
 -1       179 2.78071E-05-7.87063E-06-7.78066E-06-5.55006E-07 1.51013E-11-2.12363E-11
 -1       180 2.38067E-05-6.63723E-06-6.66304E-06-5.43546E-07-6.96373E-11 6.61224E-11
 -1       181 1.98429E-05-5.56285E-06-5.55620E-06-5.52111E-07-1.93739E-11 1.42253E-10
 -1       182 1.58732E-05-4.44301E-06-4.44465E-06-5.49684E-07-1.12771E-10-3.38944E-11
 -1       183 1.19051E-05-3.33386E-06-3.33300E-06-5.50846E-07 4.55386E-11-3.58945E-11
 -1       184 7.93532E-06-2.22733E-06-2.22379E-06-5.45942E-07 1.37599E-11 2.81694E-11
 -1       185 3.95496E-06-1.12457E-06-1.11337E-06-5.41014E-07 8.39474E-11-6.97899E-11
 -1       186-3.67281E-05 1.07446E-05 9.25609E-06 1.16404E-07 5.86647E-11 3.60541E-11
 -1       187-3.17493E-05 8.39567E-06 8.71706E-06-4.23776E-07 3.19378E-11 8.77302E-11
 -1       188-2.78067E-05 7.87072E-06 7.78077E-06-5.55298E-07 4.82837E-11-3.31315E-11
 -1       189-2.38067E-05 6.63722E-06 6.66302E-06-5.43375E-07 7.67938E-11 4.07087E-11
 -1       190-1.98432E-05 5.56275E-06 5.55613E-06-5.52207E-07 2.88302E-11-2.36231E-11
 -1       191-1.58732E-05 4.44293E-06 4.44442E-06-5.49527E-07 8.20561E-11-7.40643E-11
 -1       192-1.19048E-05 3.33385E-06 3.33303E-06-5.50759E-07-3.62764E-11-7.00376E-12
 -1       193-7.93538E-06 2.22760E-06 2.22372E-06-5.46008E-07 6.61837E-11 6.65909E-12
 -1       194-3.95513E-06 1.12470E-06 1.11332E-06-5.41125E-07-6.88792E-11 1.06647E-10
 -1       195-2.88135E-11-6.09077E-12 2.71062E-11-1.33335E-06-7.48480E-11 5.57457E-11
 -1       196-8.32847E-11-5.07395E-11 1.74860E-11-1.30428E-06 4.74593E-11-3.50357E-11
 -1       197 1.31617E-10 9.10289E-12-3.23239E-11-1.30611E-06 1.05282E-10-6.85143E-11
 -1       198-2.58529E-11-1.87187E-11-3.96632E-11-1.31559E-06-3.90645E-13 5.03156E-11
 -1       199-6.62245E-11-5.37042E-11-5.42227E-11-1.31105E-06 2.95185E-11-4.47378E-12
 -1       200-3.95809E-11-7.09370E-11-3.24746E-11-1.31274E-06-5.77494E-11 6.24384E-12
 -1       201 1.41869E-10 3.30732E-11 8.34276E-11-1.31159E-06 4.35193E-11-5.38749E-11
 -1       202-5.95926E-11 1.43485E-10-1.04263E-10-1.31490E-06 1.04575E-11 4.23821E-12
 -1       203-3.65279E-11 9.42661E-12-5.66468E-11-1.30620E-06 1.66197E-11-9.68463E-12
 -3
    1PSTEP                         4           1           1          
  100CL  101 1.000000000         203                     0    1           1
 -4  FORC        4    1
 -5  F1          1    2    1    0
 -5  F2          1    2    2    0
 -5  F3          1    2    3    0
 -5  ALL         1    2    0    0    1ALL
 -1         1 4.13726E+02 3.31089E+03-8.72896E+02
 -1         2-4.13702E+02 3.31088E+03 8.72904E+02
 -1         3 3.38499E-10 4.16672E+01-1.17646E-09
 -1         4 9.44142E-10 4.16672E+01 5.79407E-10
 -1         5 4.71183E-10 4.16672E+01 2.53689E-10
 -1         6-5.42166E-10 4.16672E+01-3.69697E-09
 -1         7-4.13716E+02 3.31086E+03-8.72932E+02
 -1         8 4.13722E+02 3.31095E+03 8.72951E+02
 -1         9 5.11201E-02 3.69490E+03 3.82481E-02
 -1        10-7.22633E+03-5.90003E+03-2.02278E+03
 -1        11 7.22620E+03-5.90005E+03 2.02274E+03
 -1        12 3.87603E-11 6.01755E-10 2.12344E-10
 -1        13 3.14461E-03-6.46420E-02 5.01281E-02
 -1        14 4.47633E-02-9.75157E-02-3.95864E-03
 -1        15-5.00823E-02 9.03985E-02 2.08720E-03
 -1        16-5.75486E-02 1.21095E-01-4.01560E-02
 -1        17 4.84269E-02-1.20234E-01 1.37379E-02
 -1        18 5.43175E-02-4.40326E-02 4.98665E-03
 -1        19-2.81598E-03 9.41875E-03-7.05592E-02
 -1        20-1.23683E-02-2.58261E-02 4.95101E-02
 -1        21-8.38134E-03 5.28851E-02 1.01986E-02
 -1        22 8.65749E-03 1.78818E-02-2.54646E-02
 -1        23-1.07490E-01 4.08904E-02 3.87376E-02
 -1        24 4.11257E-02 5.56612E-03-2.68724E-02
 -1        25 1.03317E-01-6.80977E-02 7.10289E-03
 -1        26-3.52834E-02 2.26489E-02 5.15115E-03
 -1        27 2.77806E-03 1.08164E-02-7.88277E-02
 -1        28 4.14873E-02-1.95207E-03-8.45413E-03
 -1        29 7.77328E-02-9.32609E-02-2.58941E-02
 -1        30-7.53458E-02-1.70948E-01 8.15050E-02
 -1        31-1.85671E-02 8.33349E+01-1.55713E-02
 -1        32-8.48850E-02-1.66701E+02-7.36414E-02
 -1        33-7.95077E-02-1.66576E+02-4.36882E-02
 -1        34-8.69668E-12-4.99509E-10-8.65933E-11
 -1        35-6.67675E-02-8.48471E-02 3.19147E-03
 -1        36 5.62742E-02-5.24797E-02-1.90754E-02
 -1        37 1.28077E-02 2.57255E-02 5.61223E-02
 -1        38-2.71913E-02-2.66005E-02 8.18474E-02
 -1        39-3.72632E-03-1.03782E-01-6.43106E-02
 -1        40 1.19689E-03-1.26816E-01-5.71508E-02
 -1        41-2.08828E-02 9.49603E-02-6.58332E-03
 -1        42-1.49451E-01-6.96058E-03 2.82672E-03
 -1        43 2.64859E-02 4.31812E-02 1.48928E-02
 -1        44 9.55795E-02 8.40883E-02 4.20812E-02
 -1        45-1.01523E-01-5.91508E-02-5.71948E-02
 -1        46 1.08411E-01 8.25583E-02-5.74576E-02
 -1        47 4.99090E-03 1.93436E-02 1.51065E-03
 -1        48-1.10478E-01-1.97746E-02 7.36896E-02
 -1        49-2.10642E-02 3.71018E-02 2.78408E-02
 -1        50 8.48368E-02-3.38209E-02-2.89329E-02
 -1        51 5.11373E-02-1.35289E-01 4.23362E-02
 -1        52 6.47635E-02-5.55031E-02-8.23407E-04
 -1        53 3.22287E-02-1.66828E+02 4.99330E-02
 -1        54-2.59153E-02 8.32630E+01-6.60862E-03
 -1        55-1.55483E-01-1.66742E+02-1.00338E-01
 -1        56-4.70370E-02-1.66566E+02 3.95494E-02
 -1        57 9.10258E-02-1.66613E+02 7.30733E-02
 -1        58-2.21216E-02-2.26869E-02 4.09877E-03
 -1        59 2.26943E-02 1.65592E-01-5.65958E-02
 -1        60 7.70145E-02 4.17210E-02-7.84226E-02
 -1        61 1.08527E-02-4.31024E-02-8.81312E-02
 -1        62 2.19823E-02 1.55406E-01-5.87912E-02
 -1        63-2.21123E-02 8.81404E-02-8.85480E-03
 -1        64-1.87357E-03-1.31382E-01 7.16223E-02
 -1        65-8.18608E-03-1.11321E-02 6.81282E-02
 -1        66 2.35610E-02 1.94129E-02-1.72876E-02
 -1        67-1.39057E-02-1.82353E-01-2.61569E-04
 -1        68 9.15432E-02-1.02817E-01 8.16734E-02
 -1        69 4.64413E-02 4.08615E-02 6.97551E-02
 -1        70-5.24942E-02-1.05661E-01 8.33821E-02
 -1        71-6.88869E-02 2.97652E-02-8.10035E-04
 -1        72 6.50205E-02-1.51300E-02-1.19056E-02
 -1        73 4.25699E-02-2.38709E-02-9.77891E-02
 -1        74-8.03562E-03 3.01585E-02 1.94536E-02
 -1        75-2.17010E-02-9.02401E-03 2.78969E-02
 -1        76 3.26599E-02 8.54977E-02 9.45926E-02
 -1        77 1.72185E-02 3.69490E+03 3.32345E-02
 -1        78-7.22628E+03-5.90010E+03 2.02275E+03
 -1        79 7.22628E+03-5.90003E+03-2.02273E+03
 -1        80-6.56677E-02 3.56924E-02 3.82418E-02
 -1        81 2.38281E-02 1.98557E-01-9.68733E-02
 -1        82-2.41948E-02-2.02640E-02-6.18406E-02
 -1        83-5.76005E-02-2.63952E-02-6.72084E-02
 -1        84 7.48477E-03 7.34257E-02 3.14260E-02
 -1        85 2.51015E-02 3.51007E-02 7.94801E-02
 -1        86 2.62861E-02-3.83343E-02 3.88009E-02
 -1        87-9.51807E-03-9.52124E-02 7.47785E-02
 -1        88 5.45403E-03-2.33218E-02 4.24216E-02
 -1        89 1.44270E-01-4.75037E-02 9.84973E-03
 -1        90-4.74567E-02-9.11737E-02-2.67647E-02
 -1        91 2.31159E-02-7.97335E-02 8.11425E-02
 -1        92-2.15119E-02 1.65177E-02 7.81173E-02
 -1        93-1.38774E-01-2.03351E-02 1.09728E-02
 -1        94 6.03321E-02 1.09104E-02-1.19834E-01
 -1        95 5.62825E-02 6.43182E-02-5.93043E-02
 -1        96-1.10597E-01 2.81449E-02-8.84374E-02
 -1        97 3.03173E-02 4.95941E-02-4.46344E-02
 -1        98 6.56592E-02 3.32996E-02 2.60969E-02
 -1        99 1.02677E+04 3.91575E+03 3.59571E-03
 -1       100-1.02679E+04 3.91574E+03-5.56152E-02
 -1       101-1.94898E-02-2.06666E-02-1.10101E-02
 -1       102-8.84027E-02-1.50117E-01 6.12908E-02
 -1       103 9.12386E-02-1.23699E-01-7.06170E-02
 -1       104-3.06592E-02 7.98649E-02-2.42116E-03
 -1       105-6.08297E-02 6.73264E-02 2.01984E-02
 -1       106-2.70422E-03-1.54238E-01-1.97000E-02
 -1       107 3.26682E-02-2.03092E-01-5.61917E-02
 -1       108 8.09672E-02 4.89886E-02-4.66193E-02
 -1       109-1.46321E-01-1.98155E-01 4.45584E-02
 -1       110 6.55633E-02 2.40042E-01 1.49885E-01
 -1       111-1.25162E-02-1.86363E-02-6.24446E-02
 -1       112 7.10312E-02 2.23200E-01 1.22554E-01
 -1       113 7.64691E-02-5.41766E-02-2.94690E-02
 -1       114-2.58945E-01-3.28846E-02 5.67763E-03
 -1       115-1.07446E-01 1.36676E-01 8.04946E-03
 -1       116 8.63268E-02-1.49337E-01 1.22631E-01
 -1       117 1.82268E-01-1.15255E-01 5.42178E-02
 -1       118 3.42504E-02-1.64148E-01 1.39391E-01
 -1       119 6.48285E-03 1.12638E-01 4.94350E-02
 -1       120 1.28916E-01 4.96898E-01 1.10327E-01
 -1       121 6.31489E-02-8.62241E-02 4.30708E-02
 -1       122-6.92758E-02 1.55721E-01-1.59237E-01
 -1       123-4.77097E-03-1.38622E-02-1.34573E-01
 -1       124 1.69345E-01-3.65819E-01-3.37432E-02
 -1       125 1.72474E-01 1.08213E-01-1.87436E-01
 -1       126 1.01087E-01-3.98280E-03 5.94159E-03
 -1       127-8.13412E-03 3.33773E-01 1.18907E-01
 -1       128 1.72833E-02 1.50217E-01 1.31380E-02
 -1       129 1.11960E-01-9.40320E-02 5.35219E-03
 -1       130-7.67520E-02 5.46985E-02-8.29014E-02
 -1       131-1.65885E-01 1.91519E-01 4.33497E-02
 -1       132 8.61247E-02-7.56694E-02 1.42156E-01
 -1       133 3.90828E-03 3.86534E-02 6.79592E-02
 -1       134-1.09477E-01 6.68699E-02-9.39310E-02
 -1       135-1.49425E-02 1.54088E-01-8.07845E-02
 -1       136-9.64728E-02 5.21702E-02 9.02225E-02
 -1       137-5.61577E-02 1.30218E-01-1.25672E-01
 -1       138 5.75726E-02-3.33099E+02 3.08187E-02
 -1       139-1.02510E-01-1.81752E-01 4.87589E-03
 -1       140 5.65021E-02 1.88280E-01-1.66307E-01
 -1       141 3.41148E-02-8.66891E-03-8.12210E-03
 -1       142-9.87162E-03-8.52033E-02-1.28072E-01
 -1       143-6.85347E-02 1.82238E-01-5.19717E-03
 -1       144 7.01731E-02 4.73323E-02-4.01794E-03
 -1       145-4.71341E-02-7.85185E-02 1.31490E-03
 -1       146-1.29337E-01-1.37395E-01 1.22277E-01
 -1       147 6.22461E-02 2.74823E-04 3.63159E-02
 -1       148-1.44369E-01-1.26535E-01-2.67699E-01
 -1       149 6.34205E-02 1.67072E-01 6.62843E-02
 -1       150 8.52150E-02-2.32177E-01 7.44692E-02
 -1       151 8.36405E-02 8.71090E-03-4.53921E-02
 -1       152-3.43067E-02 1.01340E-01 1.87142E-01
 -1       153 1.10751E-01-1.14097E-02 4.27656E-02
 -1       154 1.53227E-01-1.69366E-01-2.79716E-02
 -1       155-1.05912E-01 1.71421E-01 1.20470E-01
 -1       156 2.05672E-01-8.36240E-02-4.11903E-02
 -1       157-5.89424E-02-6.35176E-02-1.46150E-01
 -1       158 1.69617E-01-2.03831E-01 8.89846E-02
 -1       159 4.89410E-03 3.66299E-02-6.67305E-02
 -1       160-1.37173E-01 9.91507E-02 1.09258E-01
 -1       161 1.43725E-01-3.35054E-02-5.45010E-02
 -1       162-2.36656E-01 1.13730E-01-1.77971E-01
 -1       163 6.49024E-02-1.04944E-01 4.49600E-04
 -1       164 2.10277E-02-1.36747E-01-7.44298E-02
 -1       165-1.82263E-02-4.08698E-02-1.80409E-02
 -1       166 5.47695E-02-1.43390E-01-6.54843E-02
 -1       167-2.23621E-01 2.22545E-01-2.96916E-02
 -1       168 2.78746E-02-3.92389E-01 2.99386E-02
 -1       169-4.43376E-03-8.17850E-02-1.11736E-01
 -1       170-1.85640E-01 4.37327E-01 1.12533E-01
 -1       171-1.40205E-01-2.54165E-01-7.65287E-02
 -1       172-1.60284E-02-2.10744E-02 4.30992E-02
 -1       173-5.08405E-02 1.57872E-01-8.58713E-02
 -1       174 1.97704E-02 1.44817E-01-7.26394E-02
 -1       175 2.56567E-01 1.41053E-01 1.59925E-01
 -1       176-1.44919E-01-3.86473E+03-1.23972E-01
 -1       177 1.70004E-01-6.31924E-02-1.29284E-01
 -1       178-3.43584E-02-1.63376E-01-3.76159E-02
 -1       179 3.25574E-02 2.11580E-01 3.11637E-02
 -1       180-1.95203E-01 3.98042E-02-2.20689E-01
 -1       181-3.82668E-02-1.51743E-01-1.06943E-01
 -1       182 8.14131E-02-2.25469E-01-2.50836E-02
 -1       183-1.35480E-02 6.99835E-02 1.02092E-01
 -1       184 3.35732E-02 2.23375E-01 6.70963E-02
 -1       185 1.97102E-01-1.79639E-02 1.42282E-02
 -1       186-1.35198E-01-3.17477E-02 3.37211E-02
 -1       187 2.08102E-02 4.32452E-02-8.31753E-02
 -1       188 5.15844E-02 3.77541E-03-7.98682E-02
 -1       189-4.63977E-02-9.96792E-02-7.28342E-02
 -1       190 2.18629E-01-4.42816E-02 8.44121E-02
 -1       191-2.21192E-01-1.31818E-01 8.80621E-02
 -1       192-2.25228E-01-1.28601E-01 1.45478E-01
 -1       193-9.66461E-02 1.89830E-02 1.18922E-01
 -1       194 1.14759E-01-1.56764E-01-2.47174E-02
 -1       195-6.34389E-02-6.94291E-02-5.91687E-02
 -1       196 1.64135E-01 1.52960E-01-5.87609E-02
 -1       197-4.82409E-03-2.11295E-01 1.29935E-01
 -1       198-5.39344E-02 1.68175E-01-1.34536E-02
 -1       199 1.17110E-01 5.31459E-02 4.79763E-02
 -1       200-2.72399E-02-4.92611E-03 1.59319E-01
 -1       201-3.80452E-02 5.47644E-02 3.32223E-02
 -1       202-6.98036E-02 6.02115E-02 1.60591E-01
 -1       203 9.13565E-02 4.02281E-01 1.91380E-03
 -3
 9999
