    1C
    1UHash: OGh96ktr, Date: 03/09/2026, Unit system: M_KG_S_C           
    1UUSER                                                              
    1UDATE              09.march.2026                                   
    1UTIME              19:17:14                                        
    1UHOST                                                              
    1UPGM               CalculiX                                        
    1UVERSION           Version 2.23                             
    1UCOMPILETIME       Sun Jan 11 00:39:44 CET 2026                    
    1UDIR                                                               
    1UDBN                                                               
    1UMAT    1S235                                                      
    2C                           203                                     1
 -1         1-1.00000E+00 5.00000E-02-5.00000E-02
 -1         2-1.00000E+00-5.00000E-02-5.00000E-02
 -1         3 1.00000E+00-5.00000E-02-5.00000E-02
 -1         4 1.00000E+00 5.00000E-02-5.00000E-02
 -1         5 1.00000E+00-5.00000E-02 5.00000E-02
 -1         6 1.00000E+00 5.00000E-02 5.00000E-02
 -1         7-1.00000E+00-5.00000E-02 5.00000E-02
 -1         8-1.00000E+00 5.00000E-02 5.00000E-02
 -1         9-1.00000E+00-3.46945E-17-5.00000E-02
 -1        10-1.00000E+00 2.50000E-02-5.00000E-02
 -1        11-1.00000E+00-2.50000E-02-5.00000E-02
 -1        12-8.00000E-01-5.00000E-02-5.00000E-02
 -1        13-6.00000E-01-5.00000E-02-5.00000E-02
 -1        14-4.00000E-01-5.00000E-02-5.00000E-02
 -1        15-2.00000E-01-5.00000E-02-5.00000E-02
 -1        16 0.00000E+00-5.00000E-02-5.00000E-02
 -1        17 2.00000E-01-5.00000E-02-5.00000E-02
 -1        18 4.00000E-01-5.00000E-02-5.00000E-02
 -1        19 6.00000E-01-5.00000E-02-5.00000E-02
 -1        20 8.00000E-01-5.00000E-02-5.00000E-02
 -1        21-9.00000E-01-5.00000E-02-5.00000E-02
 -1        22-7.00000E-01-5.00000E-02-5.00000E-02
 -1        23-5.00000E-01-5.00000E-02-5.00000E-02
 -1        24-3.00000E-01-5.00000E-02-5.00000E-02
 -1        25-1.00000E-01-5.00000E-02-5.00000E-02
 -1        26 1.00000E-01-5.00000E-02-5.00000E-02
 -1        27 3.00000E-01-5.00000E-02-5.00000E-02
 -1        28 5.00000E-01-5.00000E-02-5.00000E-02
 -1        29 7.00000E-01-5.00000E-02-5.00000E-02
 -1        30 9.00000E-01-5.00000E-02-5.00000E-02
 -1        31 1.00000E+00-3.46945E-17-5.00000E-02
 -1        32 1.00000E+00 2.50000E-02-5.00000E-02
 -1        33 1.00000E+00-2.50000E-02-5.00000E-02
 -1        34-8.00000E-01 5.00000E-02-5.00000E-02
 -1        35-6.00000E-01 5.00000E-02-5.00000E-02
 -1        36-4.00000E-01 5.00000E-02-5.00000E-02
 -1        37-2.00000E-01 5.00000E-02-5.00000E-02
 -1        38 0.00000E+00 5.00000E-02-5.00000E-02
 -1        39 2.00000E-01 5.00000E-02-5.00000E-02
 -1        40 4.00000E-01 5.00000E-02-5.00000E-02
 -1        41 6.00000E-01 5.00000E-02-5.00000E-02
 -1        42 8.00000E-01 5.00000E-02-5.00000E-02
 -1        43-9.00000E-01 5.00000E-02-5.00000E-02
 -1        44-7.00000E-01 5.00000E-02-5.00000E-02
 -1        45-5.00000E-01 5.00000E-02-5.00000E-02
 -1        46-3.00000E-01 5.00000E-02-5.00000E-02
 -1        47-1.00000E-01 5.00000E-02-5.00000E-02
 -1        48 1.00000E-01 5.00000E-02-5.00000E-02
 -1        49 3.00000E-01 5.00000E-02-5.00000E-02
 -1        50 5.00000E-01 5.00000E-02-5.00000E-02
 -1        51 7.00000E-01 5.00000E-02-5.00000E-02
 -1        52 9.00000E-01 5.00000E-02-5.00000E-02
 -1        53 1.00000E+00-5.00000E-02 0.00000E+00
 -1        54 1.00000E+00-3.46945E-17 5.00000E-02
 -1        55 1.00000E+00 2.50000E-02 5.00000E-02
 -1        56 1.00000E+00-2.50000E-02 5.00000E-02
 -1        57 1.00000E+00 5.00000E-02 0.00000E+00
 -1        58 8.00000E-01-5.00000E-02 5.00000E-02
 -1        59 6.00000E-01-5.00000E-02 5.00000E-02
 -1        60 4.00000E-01-5.00000E-02 5.00000E-02
 -1        61 2.00000E-01-5.00000E-02 5.00000E-02
 -1        62 0.00000E+00-5.00000E-02 5.00000E-02
 -1        63-2.00000E-01-5.00000E-02 5.00000E-02
 -1        64-4.00000E-01-5.00000E-02 5.00000E-02
 -1        65-6.00000E-01-5.00000E-02 5.00000E-02
 -1        66-8.00000E-01-5.00000E-02 5.00000E-02
 -1        67 9.00000E-01-5.00000E-02 5.00000E-02
 -1        68 7.00000E-01-5.00000E-02 5.00000E-02
 -1        69 5.00000E-01-5.00000E-02 5.00000E-02
 -1        70 3.00000E-01-5.00000E-02 5.00000E-02
 -1        71 1.00000E-01-5.00000E-02 5.00000E-02
 -1        72-1.00000E-01-5.00000E-02 5.00000E-02
 -1        73-3.00000E-01-5.00000E-02 5.00000E-02
 -1        74-5.00000E-01-5.00000E-02 5.00000E-02
 -1        75-7.00000E-01-5.00000E-02 5.00000E-02
 -1        76-9.00000E-01-5.00000E-02 5.00000E-02
 -1        77-1.00000E+00-3.46945E-17 5.00000E-02
 -1        78-1.00000E+00 2.50000E-02 5.00000E-02
 -1        79-1.00000E+00-2.50000E-02 5.00000E-02
 -1        80 8.00000E-01 5.00000E-02 5.00000E-02
 -1        81 6.00000E-01 5.00000E-02 5.00000E-02
 -1        82 4.00000E-01 5.00000E-02 5.00000E-02
 -1        83 2.00000E-01 5.00000E-02 5.00000E-02
 -1        84 0.00000E+00 5.00000E-02 5.00000E-02
 -1        85-2.00000E-01 5.00000E-02 5.00000E-02
 -1        86-4.00000E-01 5.00000E-02 5.00000E-02
 -1        87-6.00000E-01 5.00000E-02 5.00000E-02
 -1        88-8.00000E-01 5.00000E-02 5.00000E-02
 -1        89 9.00000E-01 5.00000E-02 5.00000E-02
 -1        90 7.00000E-01 5.00000E-02 5.00000E-02
 -1        91 5.00000E-01 5.00000E-02 5.00000E-02
 -1        92 3.00000E-01 5.00000E-02 5.00000E-02
 -1        93 1.00000E-01 5.00000E-02 5.00000E-02
 -1        94-1.00000E-01 5.00000E-02 5.00000E-02
 -1        95-3.00000E-01 5.00000E-02 5.00000E-02
 -1        96-5.00000E-01 5.00000E-02 5.00000E-02
 -1        97-7.00000E-01 5.00000E-02 5.00000E-02
 -1        98-9.00000E-01 5.00000E-02 5.00000E-02
 -1        99-1.00000E+00-5.00000E-02 0.00000E+00
 -1       100-1.00000E+00 5.00000E-02 0.00000E+00
 -1       101-8.00000E-01-3.46945E-17-5.00000E-02
 -1       102-6.00000E-01-4.16334E-17-5.00000E-02
 -1       103-4.00000E-01-3.46945E-17-5.00000E-02
 -1       104-2.00000E-01-2.77556E-17-5.00000E-02
 -1       105 0.00000E+00-3.46945E-17-5.00000E-02
 -1       106 2.00000E-01-3.46945E-17-5.00000E-02
 -1       107 4.00000E-01-4.16334E-17-5.00000E-02
 -1       108 6.00000E-01-2.77556E-17-5.00000E-02
 -1       109 8.00000E-01-3.46945E-17-5.00000E-02
 -1       110-8.00000E-01 2.50000E-02-5.00000E-02
 -1       111-9.00000E-01-3.46945E-17-5.00000E-02
 -1       112-6.00000E-01 2.50000E-02-5.00000E-02
 -1       113-7.00000E-01-3.81639E-17-5.00000E-02
 -1       114-4.00000E-01 2.50000E-02-5.00000E-02
 -1       115-5.00000E-01-3.81639E-17-5.00000E-02
 -1       116-2.00000E-01 2.50000E-02-5.00000E-02
 -1       117-3.00000E-01-3.12250E-17-5.00000E-02
 -1       118 0.00000E+00 2.50000E-02-5.00000E-02
 -1       119-1.00000E-01-3.12250E-17-5.00000E-02
 -1       120 2.00000E-01 2.50000E-02-5.00000E-02
 -1       121 1.00000E-01-3.46945E-17-5.00000E-02
 -1       122 4.00000E-01 2.50000E-02-5.00000E-02
 -1       123 3.00000E-01-3.81639E-17-5.00000E-02
 -1       124 6.00000E-01 2.50000E-02-5.00000E-02
 -1       125 5.00000E-01-3.46945E-17-5.00000E-02
 -1       126 8.00000E-01 2.50000E-02-5.00000E-02
 -1       127 7.00000E-01-3.12250E-17-5.00000E-02
 -1       128 9.00000E-01-3.46945E-17-5.00000E-02
 -1       129-8.00000E-01-2.50000E-02-5.00000E-02
 -1       130-6.00000E-01-2.50000E-02-5.00000E-02
 -1       131-4.00000E-01-2.50000E-02-5.00000E-02
 -1       132-2.00000E-01-2.50000E-02-5.00000E-02
 -1       133 0.00000E+00-2.50000E-02-5.00000E-02
 -1       134 2.00000E-01-2.50000E-02-5.00000E-02
 -1       135 4.00000E-01-2.50000E-02-5.00000E-02
 -1       136 6.00000E-01-2.50000E-02-5.00000E-02
 -1       137 8.00000E-01-2.50000E-02-5.00000E-02
 -1       138 1.00000E+00-3.46945E-17 1.38778E-17
 -1       139 8.00000E-01-3.46945E-17 5.00000E-02
 -1       140 6.00000E-01-4.16334E-17 5.00000E-02
 -1       141 4.00000E-01-3.46945E-17 5.00000E-02
 -1       142 2.00000E-01-2.77556E-17 5.00000E-02
 -1       143 0.00000E+00-3.46945E-17 5.00000E-02
 -1       144-2.00000E-01-3.46945E-17 5.00000E-02
 -1       145-4.00000E-01-4.16334E-17 5.00000E-02
 -1       146-6.00000E-01-2.77556E-17 5.00000E-02
 -1       147-8.00000E-01-3.46945E-17 5.00000E-02
 -1       148 8.00000E-01 2.50000E-02 5.00000E-02
 -1       149 9.00000E-01-3.46945E-17 5.00000E-02
 -1       150 6.00000E-01 2.50000E-02 5.00000E-02
 -1       151 7.00000E-01-3.81639E-17 5.00000E-02
 -1       152 4.00000E-01 2.50000E-02 5.00000E-02
 -1       153 5.00000E-01-3.81639E-17 5.00000E-02
 -1       154 2.00000E-01 2.50000E-02 5.00000E-02
 -1       155 3.00000E-01-3.12250E-17 5.00000E-02
 -1       156 0.00000E+00 2.50000E-02 5.00000E-02
 -1       157 1.00000E-01-3.12250E-17 5.00000E-02
 -1       158-2.00000E-01 2.50000E-02 5.00000E-02
 -1       159-1.00000E-01-3.46945E-17 5.00000E-02
 -1       160-4.00000E-01 2.50000E-02 5.00000E-02
 -1       161-3.00000E-01-3.81639E-17 5.00000E-02
 -1       162-6.00000E-01 2.50000E-02 5.00000E-02
 -1       163-5.00000E-01-3.46945E-17 5.00000E-02
 -1       164-8.00000E-01 2.50000E-02 5.00000E-02
 -1       165-7.00000E-01-3.12250E-17 5.00000E-02
 -1       166-9.00000E-01-3.46945E-17 5.00000E-02
 -1       167 8.00000E-01-2.50000E-02 5.00000E-02
 -1       168 6.00000E-01-2.50000E-02 5.00000E-02
 -1       169 4.00000E-01-2.50000E-02 5.00000E-02
 -1       170 2.00000E-01-2.50000E-02 5.00000E-02
 -1       171 0.00000E+00-2.50000E-02 5.00000E-02
 -1       172-2.00000E-01-2.50000E-02 5.00000E-02
 -1       173-4.00000E-01-2.50000E-02 5.00000E-02
 -1       174-6.00000E-01-2.50000E-02 5.00000E-02
 -1       175-8.00000E-01-2.50000E-02 5.00000E-02
 -1       176-1.00000E+00-3.46945E-17 1.38778E-17
 -1       177-8.00000E-01 5.00000E-02 0.00000E+00
 -1       178-6.00000E-01 5.00000E-02 0.00000E+00
 -1       179-4.00000E-01 5.00000E-02 0.00000E+00
 -1       180-2.00000E-01 5.00000E-02 0.00000E+00
 -1       181 0.00000E+00 5.00000E-02 0.00000E+00
 -1       182 2.00000E-01 5.00000E-02 0.00000E+00
 -1       183 4.00000E-01 5.00000E-02 0.00000E+00
 -1       184 6.00000E-01 5.00000E-02 0.00000E+00
 -1       185 8.00000E-01 5.00000E-02 0.00000E+00
 -1       186-8.00000E-01-5.00000E-02 0.00000E+00
 -1       187-6.00000E-01-5.00000E-02 0.00000E+00
 -1       188-4.00000E-01-5.00000E-02 0.00000E+00
 -1       189-2.00000E-01-5.00000E-02 0.00000E+00
 -1       190 0.00000E+00-5.00000E-02 0.00000E+00
 -1       191 2.00000E-01-5.00000E-02 0.00000E+00
 -1       192 4.00000E-01-5.00000E-02 0.00000E+00
 -1       193 6.00000E-01-5.00000E-02 0.00000E+00
 -1       194 8.00000E-01-5.00000E-02 0.00000E+00
 -1       195-8.00000E-01-3.46945E-17 1.38778E-17
 -1       196-6.00000E-01-3.46945E-17 1.38778E-17
 -1       197-4.00000E-01-3.81639E-17 1.38778E-17
 -1       198-2.00000E-01-3.12250E-17 1.38778E-17
 -1       199 0.00000E+00-3.46945E-17 1.38778E-17
 -1       200 2.00000E-01-3.12250E-17 1.38778E-17
 -1       201 4.00000E-01-3.81639E-17 1.38778E-17
 -1       202 6.00000E-01-3.46945E-17 1.38778E-17
 -1       203 8.00000E-01-3.46945E-17 1.38778E-17
 -3
    3C                            20                                     1
 -1         1    4    0    1
 -2         1         9       101        34         8        77       147        88        10       111
 -2       110        43       100       176       195       177        78       166       164        98
 -1         2    4    0    1
 -2        34       101       102        35        88       147       146        87       110       113
 -2       112        44       177       195       196       178       164       165       162        97
 -1         3    4    0    1
 -2        35       102       103        36        87       146       145        86       112       115
 -2       114        45       178       196       197       179       162       163       160        96
 -1         4    4    0    1
 -2        36       103       104        37        86       145       144        85       114       117
 -2       116        46       179       197       198       180       160       161       158        95
 -1         5    4    0    1
 -2        37       104       105        38        85       144       143        84       116       119
 -2       118        47       180       198       199       181       158       159       156        94
 -1         6    4    0    1
 -2        38       105       106        39        84       143       142        83       118       121
 -2       120        48       181       199       200       182       156       157       154        93
 -1         7    4    0    1
 -2        39       106       107        40        83       142       141        82       120       123
 -2       122        49       182       200       201       183       154       155       152        92
 -1         8    4    0    1
 -2        40       107       108        41        82       141       140        81       122       125
 -2       124        50       183       201       202       184       152       153       150        91
 -1         9    4    0    1
 -2        41       108       109        42        81       140       139        80       124       127
 -2       126        51       184       202       203       185       150       151       148        90
 -1        10    4    0    1
 -2        42       109        31         4        80       139        54         6       126       128
 -2        32        52       185       203       138        57       148       149        55        89
 -1        11    4    0    1
 -2         9         2        12       101        77         7        66       147        11        21
 -2       129       111       176        99       186       195        79        76       175       166
 -1        12    4    0    1
 -2       101        12        13       102       147        66        65       146       129        22
 -2       130       113       195       186       187       196       175        75       174       165
 -1        13    4    0    1
 -2       102        13        14       103       146        65        64       145       130        23
 -2       131       115       196       187       188       197       174        74       173       163
 -1        14    4    0    1
 -2       103        14        15       104       145        64        63       144       131        24
 -2       132       117       197       188       189       198       173        73       172       161
 -1        15    4    0    1
 -2       104        15        16       105       144        63        62       143       132        25
 -2       133       119       198       189       190       199       172        72       171       159
 -1        16    4    0    1
 -2       105        16        17       106       143        62        61       142       133        26
 -2       134       121       199       190       191       200       171        71       170       157
 -1        17    4    0    1
 -2       106        17        18       107       142        61        60       141       134        27
 -2       135       123       200       191       192       201       170        70       169       155
 -1        18    4    0    1
 -2       107        18        19       108       141        60        59       140       135        28
 -2       136       125       201       192       193       202       169        69       168       153
 -1        19    4    0    1
 -2       108        19        20       109       140        59        58       139       136        29
 -2       137       127       202       193       194       203       168        68       167       151
 -1        20    4    0    1
 -2       109        20         3        31       139        58         5        54       137        30
 -2        33       128       203       194        53       138       167        67        56       149
 -3
    1PSTEP                         1           1           1          
  100CL  101 1.000000000         203                     0    1           1
 -4  DISP        4    1
 -5  D1          1    2    1    0
 -5  D2          1    2    2    0
 -5  D3          1    2    3    0
 -5  ALL         1    2    0    0    1ALL
 -1         1 0.00000E+00 0.00000E+00 0.00000E+00
 -1         2 0.00000E+00 0.00000E+00 0.00000E+00
 -1         3-5.67140E-05-1.50838E-03-1.07554E-08
 -1         4 5.67140E-05-1.50838E-03 1.09365E-08
 -1         5-5.67140E-05-1.50838E-03 1.09212E-08
 -1         6 5.67140E-05-1.50838E-03-1.06904E-08
 -1         7 0.00000E+00 0.00000E+00 0.00000E+00
 -1         8 0.00000E+00 0.00000E+00 0.00000E+00
 -1         9 0.00000E+00 0.00000E+00 0.00000E+00
 -1        10 0.00000E+00 0.00000E+00 0.00000E+00
 -1        11 0.00000E+00 0.00000E+00 0.00000E+00
 -1        12-1.04205E-05-2.06760E-05-6.80083E-07
 -1        13-2.01477E-05-8.24340E-05-6.24746E-07
 -1        14-2.87021E-05-1.80674E-04-5.60784E-07
 -1        15-3.61337E-05-3.10918E-04-4.79574E-07
 -1        16-4.24183E-05-4.68589E-04-4.00054E-07
 -1        17-4.75615E-05-6.49117E-04-3.19955E-07
 -1        18-5.15613E-05-8.47930E-04-2.39954E-07
 -1        19-5.44189E-05-1.06046E-03-1.60122E-07
 -1        20-5.61328E-05-1.28213E-03-8.03607E-08
 -1        21-5.08661E-06-5.26778E-06-7.44313E-07
 -1        22-1.53938E-05-4.67071E-05-7.01024E-07
 -1        23-2.45327E-05-1.27280E-04-5.96866E-07
 -1        24-3.25335E-05-2.42081E-04-5.20895E-07
 -1        25-3.93905E-05-3.86612E-04-4.39785E-07
 -1        26-4.51048E-05-5.56281E-04-3.60008E-07
 -1        27-4.96762E-05-7.46524E-04-2.79964E-07
 -1        28-5.31048E-05-9.52765E-04-1.99983E-07
 -1        29-5.53903E-05-1.17044E-03-1.19701E-07
 -1        30-5.65340E-05-1.39496E-03-4.00486E-08
 -1        31 1.43256E-11-1.50837E-03 1.00727E-10
 -1        32 2.83457E-05-1.50837E-03 5.01522E-09
 -1        33-2.83457E-05-1.50837E-03-4.80603E-09
 -1        34 1.04204E-05-2.06760E-05 6.79996E-07
 -1        35 2.01477E-05-8.24340E-05 6.24792E-07
 -1        36 2.87020E-05-1.80674E-04 5.60804E-07
 -1        37 3.61337E-05-3.10918E-04 4.79536E-07
 -1        38 4.24184E-05-4.68589E-04 4.00111E-07
 -1        39 4.75615E-05-6.49117E-04 3.20008E-07
 -1        40 5.15614E-05-8.47930E-04 2.40024E-07
 -1        41 5.44189E-05-1.06046E-03 1.60243E-07
 -1        42 5.61327E-05-1.28213E-03 8.05158E-08
 -1        43 5.08658E-06-5.26779E-06 7.44274E-07
 -1        44 1.53938E-05-4.67071E-05 7.00993E-07
 -1        45 2.45327E-05-1.27280E-04 5.96938E-07
 -1        46 3.25334E-05-2.42081E-04 5.20877E-07
 -1        47 3.93905E-05-3.86612E-04 4.39853E-07
 -1        48 4.51048E-05-5.56281E-04 3.60099E-07
 -1        49 4.96762E-05-7.46524E-04 2.79995E-07
 -1        50 5.31049E-05-9.52765E-04 2.00121E-07
 -1        51 5.53903E-05-1.17044E-03 1.19866E-07
 -1        52 5.65340E-05-1.39496E-03 4.01912E-08
 -1        53-5.67182E-05-1.50838E-03 8.40652E-11
 -1        54-3.99270E-11-1.50837E-03 1.21411E-10
 -1        55 2.83457E-05-1.50837E-03-4.78681E-09
 -1        56-2.83458E-05-1.50837E-03 5.00422E-09
 -1        57 5.67182E-05-1.50838E-03 1.24811E-10
 -1        58-5.61328E-05-1.28213E-03 8.05269E-08
 -1        59-5.44189E-05-1.06046E-03 1.60269E-07
 -1        60-5.15614E-05-8.47930E-04 2.40039E-07
 -1        61-4.75615E-05-6.49117E-04 3.20026E-07
 -1        62-4.24183E-05-4.68589E-04 4.00085E-07
 -1        63-3.61337E-05-3.10918E-04 4.79595E-07
 -1        64-2.87021E-05-1.80674E-04 5.60787E-07
 -1        65-2.01477E-05-8.24340E-05 6.24835E-07
 -1        66-1.04205E-05-2.06760E-05 6.79995E-07
 -1        67-5.65340E-05-1.39496E-03 4.01682E-08
 -1        68-5.53903E-05-1.17044E-03 1.19872E-07
 -1        69-5.31049E-05-9.52765E-04 2.00112E-07
 -1        70-4.96762E-05-7.46524E-04 2.79999E-07
 -1        71-4.51048E-05-5.56281E-04 3.60085E-07
 -1        72-3.93905E-05-3.86612E-04 4.39829E-07
 -1        73-3.25335E-05-2.42081E-04 5.20881E-07
 -1        74-2.45327E-05-1.27280E-04 5.96935E-07
 -1        75-1.53938E-05-4.67071E-05 7.01013E-07
 -1        76-5.08660E-06-5.26779E-06 7.44277E-07
 -1        77 0.00000E+00 0.00000E+00 0.00000E+00
 -1        78 0.00000E+00 0.00000E+00 0.00000E+00
 -1        79 0.00000E+00 0.00000E+00 0.00000E+00
 -1        80 5.61328E-05-1.28213E-03-8.03676E-08
 -1        81 5.44189E-05-1.06046E-03-1.60136E-07
 -1        82 5.15614E-05-8.47930E-04-2.39926E-07
 -1        83 4.75615E-05-6.49117E-04-3.19960E-07
 -1        84 4.24184E-05-4.68589E-04-4.00012E-07
 -1        85 3.61337E-05-3.10918E-04-4.79578E-07
 -1        86 2.87021E-05-1.80674E-04-5.60743E-07
 -1        87 2.01477E-05-8.24340E-05-6.24777E-07
 -1        88 1.04205E-05-2.06760E-05-6.80056E-07
 -1        89 5.65340E-05-1.39496E-03-3.99972E-08
 -1        90 5.53903E-05-1.17044E-03-1.19704E-07
 -1        91 5.31048E-05-9.52765E-04-1.99966E-07
 -1        92 4.96762E-05-7.46524E-04-2.79969E-07
 -1        93 4.51048E-05-5.56281E-04-3.59983E-07
 -1        94 3.93905E-05-3.86612E-04-4.39804E-07
 -1        95 3.25335E-05-2.42081E-04-5.20911E-07
 -1        96 2.45327E-05-1.27280E-04-5.96873E-07
 -1        97 1.53938E-05-4.67071E-05-7.01041E-07
 -1        98 5.08660E-06-5.26780E-06-7.44289E-07
 -1        99 0.00000E+00 0.00000E+00 0.00000E+00
 -1       100 0.00000E+00 0.00000E+00 0.00000E+00
 -1       101-2.61614E-11-2.03741E-05-2.88997E-11
 -1       102 7.09641E-12-8.21222E-05 2.64042E-11
 -1       103-5.34403E-12-1.80395E-04 1.39915E-11
 -1       104 2.06028E-11-3.10679E-04-1.22056E-11
 -1       105 2.06956E-11-4.68389E-04 2.49550E-11
 -1       106-2.58052E-11-6.48957E-04 3.72033E-11
 -1       107 4.11225E-11-8.47810E-04 3.83542E-11
 -1       108-7.11966E-12-1.06038E-03 5.57524E-11
 -1       109-3.38933E-11-1.28209E-03 7.88635E-11
 -1       110 5.19826E-06-2.04085E-05 3.41346E-07
 -1       111-1.93958E-11-4.83955E-06-1.70447E-11
 -1       112 1.00629E-05-8.22053E-05 3.11732E-07
 -1       113-6.93421E-12-4.63607E-05-1.82533E-11
 -1       114 1.43412E-05-1.80463E-04 2.80688E-07
 -1       115-4.41660E-12-1.26979E-04 2.76735E-11
 -1       116 1.80565E-05-3.10739E-04 2.39659E-07
 -1       117-1.29785E-11-2.41821E-04-1.04497E-11
 -1       118 2.11991E-05-4.68439E-04 2.00097E-07
 -1       119 2.34179E-11-3.86392E-04 2.98134E-11
 -1       120 2.37705E-05-6.48997E-04 1.60017E-07
 -1       121 6.83098E-12-5.56101E-04 4.50759E-11
 -1       122 2.57706E-05-8.47840E-04 1.20037E-07
 -1       123 1.31379E-11-7.46384E-04 1.27651E-11
 -1       124 2.71992E-05-1.06040E-03 8.01217E-08
 -1       125 1.04828E-11-9.52665E-04 6.50710E-11
 -1       126 2.80564E-05-1.28210E-03 4.04048E-08
 -1       127-1.84359E-11-1.17038E-03 8.35126E-11
 -1       128-2.42729E-11-1.39494E-03 8.25415E-11
 -1       129-5.19831E-06-2.04084E-05-3.41417E-07
 -1       130-1.00629E-05-8.22053E-05-3.11676E-07
 -1       131-1.43412E-05-1.80463E-04-2.80667E-07
 -1       132-1.80565E-05-3.10739E-04-2.39694E-07
 -1       133-2.11990E-05-4.68439E-04-2.00050E-07
 -1       134-2.37706E-05-6.48997E-04-1.59943E-07
 -1       135-2.57705E-05-8.47840E-04-1.19961E-07
 -1       136-2.71992E-05-1.06040E-03-8.00070E-08
 -1       137-2.80565E-05-1.28210E-03-4.02494E-08
 -1       138-1.89364E-11-1.50837E-03 1.15275E-10
 -1       139-1.58334E-11-1.28209E-03 8.61635E-11
 -1       140-1.52434E-11-1.06038E-03 7.28844E-11
 -1       141 4.22305E-12-8.47810E-04 4.91923E-11
 -1       142 1.91879E-11-6.48957E-04 3.46947E-11
 -1       143 2.68905E-11-4.68389E-04 3.85306E-11
 -1       144-2.83244E-11-3.10679E-04-3.87084E-12
 -1       145-6.53486E-13-1.80395E-04 2.03322E-11
 -1       146-1.95900E-11-8.21222E-05 2.78926E-11
 -1       147-1.27327E-11-2.03741E-05-4.01853E-11
 -1       148 2.80564E-05-1.28210E-03-4.02494E-08
 -1       149-2.43335E-11-1.39494E-03 7.87912E-11
 -1       150 2.71992E-05-1.06040E-03-8.00022E-08
 -1       151-1.42417E-11-1.17038E-03 8.21597E-11
 -1       152 2.57705E-05-8.47840E-04-1.19944E-07
 -1       153-8.00411E-13-9.52665E-04 7.99076E-11
 -1       154 2.37706E-05-6.48997E-04-1.59958E-07
 -1       155 5.80534E-12-7.46384E-04 1.23031E-11
 -1       156 2.11991E-05-4.68439E-04-2.00019E-07
 -1       157 1.83875E-11-5.56101E-04 4.47792E-11
 -1       158 1.80565E-05-3.10739E-04-2.39686E-07
 -1       159-1.61434E-12-3.86392E-04 2.00737E-11
 -1       160 1.43412E-05-1.80463E-04-2.80642E-07
 -1       161 3.77374E-12-2.41821E-04 7.19972E-13
 -1       162 1.00629E-05-8.22053E-05-3.11692E-07
 -1       163-1.01826E-11-1.26979E-04 3.29021E-11
 -1       164 5.19830E-06-2.04085E-05-3.41413E-07
 -1       165-3.29593E-11-4.63607E-05-1.34341E-11
 -1       166-8.32850E-12-4.83956E-06-1.49313E-11
 -1       167-2.80564E-05-1.28210E-03 4.04143E-08
 -1       168-2.71992E-05-1.06040E-03 8.01419E-08
 -1       169-2.57705E-05-8.47840E-04 1.20046E-07
 -1       170-2.37705E-05-6.48997E-04 1.60021E-07
 -1       171-2.11990E-05-4.68439E-04 2.00098E-07
 -1       172-1.80565E-05-3.10739E-04 2.39693E-07
 -1       173-1.43412E-05-1.80463E-04 2.80687E-07
 -1       174-1.00629E-05-8.22053E-05 3.11746E-07
 -1       175-5.19832E-06-2.04085E-05 3.41343E-07
 -1       176 0.00000E+00 0.00000E+00 0.00000E+00
 -1       177 1.04163E-05-2.11285E-05-3.17031E-11
 -1       178 2.01557E-05-8.27313E-05 8.12314E-12
 -1       179 2.87083E-05-1.80960E-04 2.95245E-11
 -1       180 3.61405E-05-3.11157E-04-2.35953E-11
 -1       181 4.24250E-05-4.68789E-04 5.71638E-11
 -1       182 4.75682E-05-6.49277E-04 1.80820E-11
 -1       183 5.15681E-05-8.48050E-04 4.86786E-11
 -1       184 5.44254E-05-1.06054E-03 5.63685E-11
 -1       185 5.61398E-05-1.28217E-03 7.23383E-11
 -1       186-1.04163E-05-2.11285E-05-4.85660E-11
 -1       187-2.01557E-05-8.27313E-05 4.78210E-11
 -1       188-2.87082E-05-1.80960E-04 1.64181E-12
 -1       189-3.61405E-05-3.11157E-04 1.32046E-11
 -1       190-4.24250E-05-4.68789E-04 1.60512E-11
 -1       191-4.75682E-05-6.49277E-04 3.18665E-11
 -1       192-5.15681E-05-8.48050E-04 4.03806E-11
 -1       193-5.44255E-05-1.06054E-03 7.54317E-11
 -1       194-5.61399E-05-1.28217E-03 8.54789E-11
 -1       195-1.25392E-11-2.08280E-05-3.25453E-11
 -1       196-9.51126E-12-8.24185E-05 2.60381E-11
 -1       197-1.89756E-12-1.80681E-04 1.69642E-11
 -1       198-1.49095E-13-3.10917E-04-8.71958E-12
 -1       199 1.39436E-11-4.68589E-04 3.35457E-11
 -1       200 7.07832E-12-6.49117E-04 3.29475E-11
 -1       201 1.70678E-11-8.47930E-04 4.64976E-11
 -1       202-1.22470E-11-1.06046E-03 6.51464E-11
 -1       203-1.93272E-11-1.28213E-03 8.13215E-11
 -3
    1PSTEP                         2           1           1          
  100CL  101 1.000000000         203                     0    1           1
 -4  STRESS      6    1
 -5  SXX         1    4    1    1
 -5  SYY         1    4    2    2
 -5  SZZ         1    4    3    3
 -5  SXY         1    4    1    2
 -5  SYZ         1    4    2    3
 -5  SZX         1    4    3    1
 -1         1 1.33236E+07 5.18149E+06 5.18148E+06-1.62083E+05 2.71939E+00 9.42174E+05
 -1         2-1.33237E+07-5.18152E+06-5.18152E+06-1.62077E+05 2.71927E+00-9.42204E+05
 -1         3-1.33391E+05 2.78901E+04 1.59864E+04-1.59311E+05 7.50595E+03 5.73348E+03
 -1         4 1.33426E+05-2.81762E+04-1.59277E+04-1.59417E+05 7.58854E+03-5.74902E+03
 -1         5-1.33456E+05 2.79462E+04 1.59644E+04-1.59367E+05-7.54307E+03-5.74908E+03
 -1         6 1.33437E+05-2.81112E+04-1.59358E+04-1.59394E+05-7.55375E+03 5.75962E+03
 -1         7-1.33236E+07-5.18148E+06-5.18148E+06-1.62079E+05-2.71947E+00 9.42180E+05
 -1         8 1.33236E+07 5.18150E+06 5.18149E+06-1.62096E+05-2.71956E+00-9.42174E+05
 -1         9-6.90247E+01-2.68429E+01-2.68432E+01 4.16677E+05 2.76515E+00-1.61103E+01
 -1        10 6.64612E+06 2.58452E+06 2.58452E+06 1.75106E+05 2.74243E+00 4.71639E+05
 -1        11-6.64624E+06-2.58456E+06-2.58457E+06 1.75110E+05 2.74236E+00-4.71669E+05
 -1        12-1.11247E+07 4.22706E+04-2.47009E+05 8.67080E+04-3.78226E+05 1.77353E+05
 -1        13-9.70065E+06-2.26660E+05-1.55549E+05-1.56495E+05 5.41833E+04 3.45739E+04
 -1        14-8.39562E+06 3.33477E+04 1.38222E+04-1.61336E+05-1.81946E+04 1.22392E+04
 -1        15-7.20389E+06-1.25679E+04-6.36686E+03-1.65681E+05 4.16767E+03 1.13680E+04
 -1        16-5.99914E+06 2.89798E+03 1.31783E+03-1.66111E+05-1.13385E+03 1.09032E+04
 -1        17-4.80009E+06-7.08231E+02-3.19706E+02-1.65957E+05 2.69986E+02 1.10314E+04
 -1        18-3.59991E+06 8.22201E+01-1.84936E+00-1.66094E+05 4.94667E+01 1.08172E+04
 -1        19-2.39810E+06 2.72011E+03 2.12090E+03-1.65078E+05-3.55495E+02 1.16675E+04
 -1        20-1.19284E+06 7.94037E+03 6.10480E+03-1.63395E+05 3.15783E+03 1.13996E+04
 -1        21-1.10529E+07-3.34343E+05-6.23278E+04-9.59913E+04 4.74147E+05-2.72063E+05
 -1        22-1.00793E+07 2.79876E+05 2.00502E+05 8.06544E+01-8.22970E+04 1.63482E+04
 -1        23-9.00392E+06-4.92897E+04-2.78363E+04 2.31555E+04 2.47470E+04 2.88478E+03
 -1        24-7.79630E+06 1.61415E+04 9.35769E+03 2.08365E+04-5.86028E+03 1.20748E+04
 -1        25-6.60068E+06-3.82554E+03-2.01079E+03 2.26483E+04 1.51102E+03 1.06045E+04
 -1        26-5.40006E+06 1.07721E+03 5.06900E+02 2.21448E+04-3.99718E+02 1.10292E+04
 -1        27-4.20004E+06-3.36244E+02-1.76250E+02 2.22511E+04 1.33264E+02 1.08933E+04
 -1        28-3.00050E+06 4.80666E+01 9.74688E+01 2.24793E+04-2.10901E+02 1.10082E+04
 -1        29-1.80079E+06-2.38741E+03-1.75372E+03 2.08458E+04 5.57488E+02 1.03093E+04
 -1        30-6.13764E+05-7.19658E+03-5.39375E+03 2.29492E+04-3.71171E+03 1.00027E+04
 -1        31 1.92005E+01-3.23225E+02-6.35850E+00-3.06071E+05 2.21327E+03-4.37696E+01
 -1        32 5.72177E+04-3.65216E+04-1.47684E+04-2.36482E+05 4.92477E+03-3.14194E+03
 -1        33-5.72359E+04 3.60102E+04 1.46850E+04-2.36401E+05 4.83398E+03 3.10168E+03
 -1        34 1.11248E+07-4.22965E+04 2.47013E+05 8.67076E+04-3.78222E+05-1.77351E+05
 -1        35 9.70066E+06 2.26680E+05 1.55613E+05-1.56465E+05 5.41509E+04-3.46187E+04
 -1        36 8.39560E+06-3.33125E+04-1.37749E+04-1.61371E+05-1.82507E+04-1.22285E+04
 -1        37 7.20401E+06 1.25379E+04 6.51029E+03-1.65685E+05 4.20206E+03-1.14133E+04
 -1        38 5.99910E+06-2.96784E+03-1.24546E+03-1.66138E+05-1.06736E+03-1.08365E+04
 -1        39 4.80013E+06 7.52440E+02 2.88961E+02-1.65944E+05 2.22852E+02-1.09912E+04
 -1        40 3.59988E+06-1.68060E+02 3.72192E+01-1.66111E+05 7.87440E+01-1.08316E+04
 -1        41 2.39806E+06-2.76632E+03-2.07415E+03-1.65057E+05-3.39379E+02-1.16338E+04
 -1        42 1.19281E+06-8.00735E+03-6.11948E+03-1.63443E+05 3.19227E+03-1.14266E+04
 -1        43 1.10528E+07 3.34303E+05 6.23313E+04-9.59824E+04 4.74157E+05 2.72044E+05
 -1        44 1.00794E+07-2.79901E+05-2.00492E+05 1.02635E+02-8.22698E+04-1.63762E+04
 -1        45 9.00389E+06 4.93311E+04 2.78289E+04 2.31693E+04 2.47344E+04-2.89499E+03
 -1        46 7.79634E+06-1.61649E+04-9.37617E+03 2.08259E+04-5.82903E+03-1.20773E+04
 -1        47 6.60066E+06 3.82793E+03 1.94844E+03 2.26227E+04 1.56467E+03-1.05946E+04
 -1        48 5.39998E+06-1.06095E+03-5.08674E+02 2.21424E+04-3.99649E+02-1.09740E+04
 -1        49 4.20018E+06 3.15903E+02 1.55576E+02 2.22423E+04 1.68603E+02-1.08964E+04
 -1        50 3.00036E+06-8.07241E+01-1.13571E+02 2.24879E+04-1.90265E+02-1.10096E+04
 -1        51 1.80077E+06 2.42940E+03 1.79196E+03 2.08502E+04 5.42900E+02-1.03004E+04
 -1        52 6.13930E+05 7.30598E+03 5.54567E+03 2.29368E+04-3.68949E+03-1.00364E+04
 -1        53-1.28584E+05 3.18584E+04 1.84419E+04-1.38188E+05-1.35853E+01-8.31090E+00
 -1        54-9.89964E+01-1.48746E+02-6.12601E+01-3.06053E+05-2.26949E+03 3.10954E+01
 -1        55 5.71786E+04-3.64202E+04-1.48011E+04-2.36441E+05-4.94561E+03 3.14901E+03
 -1        56-5.73230E+04 3.61511E+04 1.46549E+04-2.36442E+05-4.87405E+03-3.11675E+03
 -1        57 1.28719E+05-3.17896E+04-1.82800E+04-1.38217E+05 1.33804E+01 6.73800E+00
 -1        58-1.19281E+06 8.01089E+03 6.09445E+03-1.63425E+05-3.18889E+03-1.13924E+04
 -1        59-2.39814E+06 2.71724E+03 2.07134E+03-1.65052E+05 3.02034E+02-1.16637E+04
 -1        60-3.59988E+06 1.14142E+02 4.93721E+01-1.66172E+05-7.09928E+01-1.08081E+04
 -1        61-4.80006E+06-6.87159E+02-2.41895E+02-1.65923E+05-2.08717E+02-1.09764E+04
 -1        62-5.99914E+06 2.88346E+03 1.30848E+03-1.66113E+05 1.11116E+03-1.08761E+04
 -1        63-7.20399E+06-1.25832E+04-6.44372E+03-1.65699E+05-4.18035E+03-1.13811E+04
 -1        64-8.39557E+06 3.33713E+04 1.38404E+04-1.61360E+05 1.81760E+04-1.22918E+04
 -1        65-9.70064E+06-2.26708E+05-1.55611E+05-1.56444E+05-5.41797E+04-3.45704E+04
 -1        66-1.11248E+07 4.22559E+04-2.46950E+05 8.66828E+04 3.78242E+05-1.77371E+05
 -1        67-6.13864E+05-7.17350E+03-5.44557E+03 2.29473E+04 3.71529E+03-1.00294E+04
 -1        68-1.80078E+06-2.44538E+03-1.80571E+03 2.08889E+04-5.60713E+02-1.03242E+04
 -1        69-3.00047E+06 4.80548E+01 1.03555E+02 2.24647E+04 2.17805E+02-1.10132E+04
 -1        70-4.20014E+06-3.62718E+02-1.63296E+02 2.22265E+04-1.34611E+02-1.08920E+04
 -1        71-5.40000E+06 1.05047E+03 5.45318E+02 2.22122E+04 4.18962E+02-1.10040E+04
 -1        72-6.60064E+06-3.81453E+03-2.02066E+03 2.26082E+04-1.50900E+03-1.06350E+04
 -1        73-7.79633E+06 1.61666E+04 9.33055E+03 2.08735E+04 5.85005E+03-1.20476E+04
 -1        74-9.00391E+06-4.93141E+04-2.78664E+04 2.31317E+04-2.47410E+04-2.92823E+03
 -1        75-1.00794E+07 2.79836E+05 2.00498E+05 9.76766E+01 8.22895E+04-1.63217E+04
 -1        76-1.10529E+07-3.34328E+05-6.22815E+04-9.60474E+04-4.74141E+05 2.72055E+05
 -1        77-2.76262E+01-1.07435E+01-1.07440E+01 4.16679E+05-2.76522E+00-8.01423E+00
 -1        78 6.64617E+06 2.58454E+06 2.58454E+06 1.75101E+05-2.74220E+00-4.71652E+05
 -1        79-6.64618E+06-2.58454E+06-2.58454E+06 1.75109E+05-2.74222E+00 4.71647E+05
 -1        80 1.19278E+06-7.99349E+03-6.09288E+03-1.63357E+05-3.19503E+03 1.14631E+04
 -1        81 2.39810E+06-2.68334E+03-2.09228E+03-1.65097E+05 3.27845E+02 1.16398E+04
 -1        82 3.59987E+06-1.68684E+02 4.40744E+01-1.66111E+05-1.02791E+02 1.08502E+04
 -1        83 4.80011E+06 6.89087E+02 3.62205E+02-1.65950E+05-2.23609E+02 1.09727E+04
 -1        84 5.99916E+06-2.86226E+03-1.32924E+03-1.66152E+05 1.09728E+03 1.08839E+04
 -1        85 7.20396E+06 1.25505E+04 6.53975E+03-1.65657E+05-4.16533E+03 1.13936E+04
 -1        86 8.39561E+06-3.33128E+04-1.37582E+04-1.61373E+05 1.82133E+04 1.21717E+04
 -1        87 9.70076E+06 2.26725E+05 1.55643E+05-1.56449E+05-5.41850E+04 3.46155E+04
 -1        88 1.11247E+07-4.23134E+04 2.47014E+05 8.66984E+04 3.78231E+05 1.77388E+05
 -1        89 6.13845E+05 7.21929E+03 5.49772E+03 2.29297E+04 3.73112E+03 1.00619E+04
 -1        90 1.80078E+06 2.40744E+03 1.77629E+03 2.08712E+04-5.53660E+02 1.03418E+04
 -1        91 3.00042E+06-6.52434E+01-1.14830E+02 2.24895E+04 1.79286E+02 1.09927E+04
 -1        92 4.20011E+06 3.36385E+02 1.94988E+02 2.22383E+04-1.45880E+02 1.09115E+04
 -1        93 5.39998E+06-1.11674E+03-5.39371E+02 2.21687E+04 4.09398E+02 1.09872E+04
 -1        94 6.60070E+06 3.81766E+03 1.91266E+03 2.26150E+04-1.56699E+03 1.06141E+04
 -1        95 7.79632E+06-1.60762E+04-9.33252E+03 2.08618E+04 5.82215E+03 1.20388E+04
 -1        96 9.00394E+06 4.93108E+04 2.78390E+04 2.31537E+04-2.47431E+04 2.91286E+03
 -1        97 1.00793E+07-2.79899E+05-2.00509E+05 1.09178E+02 8.22662E+04 1.63576E+04
 -1        98 1.10529E+07 3.34278E+05 6.23495E+04-9.60181E+04-4.74140E+05-2.72045E+05
 -1        99-1.33186E+07-5.17936E+06-5.17936E+06-3.47709E+05 9.21646E-05-1.36728E+01
 -1       100 1.33185E+07 5.17934E+06 5.17934E+06-3.47715E+05 5.84301E-05-8.89062E-01
 -1       101 1.25307E+01-2.49923E+01-1.04129E+01-2.01166E+05-3.64782E+05 2.72759E+01
 -1       102-1.96113E+01-2.98402E+01-2.00477E+01-3.32619E+05 4.85265E+04-3.72449E+00
 -1       103-2.08991E+01 7.10726E+00 7.79251E+00-3.08777E+05-1.59073E+04-1.58933E+01
 -1       104 6.35115E+01-2.10028E+01 2.36816E+01-3.18045E+05 3.37162E+03 2.82349E+00
 -1       105-1.92513E+01-5.43989E+01 2.30311E+01-3.15444E+05-8.58266E+02-2.48498E+01
 -1       106-2.28239E+01-4.19088E+01-4.86069E+01-3.16251E+05 1.72367E+02 4.17377E+01
 -1       107-9.55409E+00-1.72987E+01 3.81254E+01-3.15873E+05 7.74420E+01-9.55730E+00
 -1       108-1.60467E+01-1.52476E+01 3.41702E+01-3.16545E+05-5.35035E+02-3.33998E+00
 -1       109-4.62881E+01-5.75652E+01-2.37623E+01-3.13832E+05 4.11863E+03 2.29602E+01
 -1       110 5.72426E+06 4.14628E+05 2.85028E+05-4.22970E+04-3.71511E+05-8.87922E+04
 -1       111-3.63001E+01-2.67170E+01-4.81788E+00-5.05649E+04 4.80878E+05 8.55833E+00
 -1       112 4.83216E+06 6.04374E+04 6.06693E+04-2.53705E+05 5.13462E+04-1.75401E+04
 -1       113 3.36950E+01-2.16087E+01 1.72295E+01-1.45980E+05-7.83864E+04 7.31247E+00
 -1       114 4.20678E+06 5.76942E+03 6.57090E+02-2.37820E+05-1.70875E+04-6.00119E+03
 -1       115-5.84779E+00 1.71224E+01 8.64332E+00-1.26378E+05 2.30812E+04-1.33706E+01
 -1       116 3.60043E+06 1.60811E+03 1.88148E+03-2.46337E+05 3.77725E+03-5.76336E+03
 -1       117 3.74102E+01 4.74000E+00 3.15671E+01-1.27532E+05-5.09898E+03 1.08930E+01
 -1       118 3.00031E+06-1.35447E+02-1.95483E+02-2.44810E+05-9.73490E+02-5.41070E+03
 -1       119-3.20985E+00 3.77081E+00-1.55863E+01-1.27909E+05 1.25906E+03-1.53626E+01
 -1       120 2.40009E+06 6.27454E+01 2.76990E+01-2.45249E+05 2.06463E+02-5.47719E+03
 -1       121-6.95174E+01-3.81032E+01-3.57910E+01-1.27655E+05-3.13380E+02 1.53862E+01
 -1       122 1.79994E+06-2.76282E+02-6.76763E+01-2.45077E+05 7.79454E+01-5.42939E+03
 -1       123 6.94362E+01-1.58630E+01 1.28660E+01-1.27716E+05 1.13761E+02 2.30266E+00
 -1       124 1.19928E+06-1.33413E+03-8.34243E+02-2.44966E+05-4.35624E+02-5.78931E+03
 -1       125-3.41437E+01 1.75424E+01 4.14299E+01-1.27822E+05-2.86429E+02-1.30639E+01
 -1       126 5.92921E+05-1.12199E+04-6.51821E+03-2.42594E+05 3.65319E+03-5.80986E+03
 -1       127-3.06618E+01 3.00897E+00-1.21123E+01-1.27501E+05 9.25777E+02 2.02549E+01
 -1       128 2.68296E+01-7.60143E+01-8.98872E+00-1.28597E+05-5.88776E+03 7.93415E+00
 -1       129-5.72423E+06-4.14667E+05-2.85038E+05-4.23044E+04-3.71495E+05 8.88215E+04
 -1       130-4.83219E+06-6.04666E+04-6.06818E+04-2.53738E+05 5.13458E+04 1.75121E+04
 -1       131-4.20680E+06-5.73853E+03-6.10075E+02-2.37804E+05-1.70428E+04 5.98991E+03
 -1       132-3.60030E+06-1.63812E+03-1.76992E+03-2.46341E+05 3.78244E+03 5.73608E+03
 -1       133-3.00034E+06 5.49150E+01 2.80726E+02-2.44787E+05-9.89640E+02 5.42284E+03
 -1       134-2.40011E+06-9.54879E+01-1.27302E+02-2.45233E+05 2.10932E+02 5.55029E+03
 -1       135-1.79998E+06 2.09585E+02 1.07050E+02-2.45090E+05 6.40652E+01 5.39716E+03
 -1       136-1.19932E+06 1.29802E+03 8.97220E+02-2.44945E+05-4.47184E+02 5.81221E+03
 -1       137-5.92985E+05 1.11294E+04 6.48787E+03-2.42588E+05 3.64003E+03 5.81547E+03
 -1       138 5.18292E-01-9.78656E+01 1.61814E+01-2.84659E+05-2.76284E+01-4.12268E+00
 -1       139 1.72036E+01 4.74126E+01 4.34354E+01-3.13896E+05-4.12805E+03-1.60661E+01
 -1       140 1.28071E+01 5.96357E+01 4.93049E+01-3.16502E+05 5.22567E+02-8.90257E+00
 -1       141-3.97707E+01-1.13902E+02-4.31534E+01-3.15871E+05-8.80604E+01 3.57475E+01
 -1       142 1.65204E+01 6.74183E+01 4.34475E+01-3.16283E+05-1.65149E+02-2.60015E+01
 -1       143 1.30894E+01-2.43822E+01 1.02021E+01-3.15458E+05 8.27593E+02 4.97575E+01
 -1       144-2.38125E+01-7.45698E+00 1.44707E+01-3.18084E+05-3.33197E+03-4.01703E+01
 -1       145 4.53317E+01 1.02974E+01 3.05518E+01-3.08760E+05 1.58737E+04-1.96507E+01
 -1       146 4.78879E+01-2.35094E+00 2.52026E+01-3.32676E+05-4.84913E+04 1.44197E+01
 -1       147-6.28069E+01-1.42561E+01-6.20542E+01-2.01046E+05 3.64752E+05-1.61429E+01
 -1       148 5.92930E+05-1.11834E+04-6.48089E+03-2.42590E+05-3.66785E+03 5.80905E+03
 -1       149-3.38012E+01-2.88831E-01-3.00794E+01-1.28629E+05 5.90267E+03 1.53913E+01
 -1       150 1.19932E+06-1.24394E+03-8.32550E+02-2.44938E+05 4.20798E+02 5.80257E+03
 -1       151 3.01659E-01 3.53072E+00-2.39122E-01-1.27490E+05-9.23835E+02 1.55290E+00
 -1       152 1.79993E+06-3.20694E+02-1.02089E+02-2.45105E+05-9.69099E+01 5.44353E+03
 -1       153-2.69215E+01-2.48775E+01 1.73408E+00-1.27787E+05 3.03062E+02 1.14054E+01
 -1       154 2.40008E+06 4.41391E+01 9.32836E+01-2.45247E+05-2.01028E+02 5.48127E+03
 -1       155-2.11064E+01-1.05851E+01-8.67968E+00-1.27736E+05-1.22137E+02-7.91414E+00
 -1       156 3.00036E+06-8.05146E+01-2.47016E+02-2.44821E+05 9.64645E+02 5.44659E+03
 -1       157-1.55579E+01-2.08833E+01-5.79210E+00-1.27623E+05 3.03531E+02 7.02541E+00
 -1       158 3.60037E+06 1.65655E+03 1.90478E+03-2.46350E+05-3.73242E+03 5.72071E+03
 -1       159 6.06256E+01 1.37878E+01-4.32852E+00-1.27963E+05-1.24919E+03 6.92672E+00
 -1       160 4.20681E+06 5.76242E+03 6.73536E+02-2.37810E+05 1.70489E+04 5.96057E+03
 -1       161-5.28215E-01 5.84992E+01 4.33811E+01-1.27506E+05 5.09064E+03-4.08147E+00
 -1       162 4.83224E+06 6.04639E+04 6.07021E+04-2.53735E+05-5.13424E+04 1.75308E+04
 -1       163 2.47755E+01-4.64118E+00 2.21116E+01-1.26426E+05-2.30538E+04-4.28224E+00
 -1       164 5.72418E+06 4.14629E+05 2.85003E+05-4.22413E+04 3.71501E+05 8.88358E+04
 -1       165-8.70485E+00-7.29164E+00 1.91663E+00-1.45944E+05 7.83779E+04 5.96687E-01
 -1       166-2.42156E+01-2.18778E+01-1.68558E+01-5.05384E+04-4.80877E+05-1.87372E+01
 -1       167-5.92929E+05 1.12380E+04 6.52377E+03-2.42628E+05-3.65261E+03-5.80166E+03
 -1       168-1.19932E+06 1.32450E+03 8.78549E+02-2.44937E+05 4.16372E+02-5.81278E+03
 -1       169-1.79998E+06 1.73250E+02 8.94292E+01-2.45099E+05-7.75794E+01-5.39897E+03
 -1       170-2.40006E+06 6.76173E+00-2.98482E+01-2.45252E+05-1.81676E+02-5.50123E+03
 -1       171-3.00032E+06 8.06618E+01 2.77997E+02-2.44798E+05 9.62912E+02-5.39335E+03
 -1       172-3.60040E+06-1.67446E+03-1.82623E+03-2.46363E+05-3.76917E+03-5.76112E+03
 -1       173-4.20674E+06-5.71849E+03-5.88062E+02-2.37810E+05 1.70191E+04-6.03787E+03
 -1       174-4.83214E+06-6.04668E+04-6.06848E+04-2.53732E+05-5.13328E+04-1.74943E+04
 -1       175-5.72430E+06-4.14672E+05-2.85035E+05-4.22571E+04 3.71488E+05-8.88441E+04
 -1       176-3.90544E+01-1.51878E+01-1.51873E+01 2.30496E+05 1.29779E-04-1.12436E+01
 -1       177 1.11335E+07-3.28937E+04 2.51968E+05 1.88496E+04-1.22010E+00 1.90140E+01
 -1       178 9.70604E+06 2.24053E+05 1.56257E+05-1.09014E+05-1.42217E+01-1.46603E+00
 -1       179 8.39598E+06-3.14471E+04-1.32446E+04-1.39195E+05-1.96615E+01-2.90004E+01
 -1       180 7.20429E+06 1.18399E+04 6.32382E+03-1.37170E+05 1.58105E+01-8.13721E+00
 -1       181 5.99945E+06-2.64887E+03-1.19722E+03-1.39050E+05 2.46003E+01 2.29607E+01
 -1       182 4.80033E+06 6.70995E+02 3.10976E+02-1.38566E+05-4.90287E+00-1.09190E+01
 -1       183 3.60001E+06-7.18584E+01 5.98116E+01-1.38790E+05-1.72618E+01 1.10996E+01
 -1       184 2.39835E+06-2.92190E+03-2.09525E+03-1.37749E+05-2.02143E+00 2.74047E+00
 -1       185 1.19157E+06-7.82482E+03-6.41515E+03-1.36156E+05-2.29393E+00 1.79839E+01
 -1       186-1.11335E+07 3.29290E+04-2.51907E+05 1.88726E+04 1.89810E+01-8.36432E+00
 -1       187-9.70594E+06-2.23988E+05-1.56186E+05-1.09005E+05-5.03084E+00 2.77499E+00
 -1       188-8.39600E+06 3.14023E+04 1.32741E+04-1.39197E+05-9.89138E+00-2.63711E+01
 -1       189-7.20423E+06-1.18377E+04-6.19122E+03-1.37160E+05-1.18403E+01-6.50237E+00
 -1       190-5.99945E+06 2.62408E+03 1.22553E+03-1.39079E+05-8.88441E+00 1.22169E+01
 -1       191-4.80028E+06-5.82947E+02-2.44833E+02-1.38536E+05 3.18752E+01 2.69806E+01
 -1       192-3.59998E+06 1.13789E+02 4.90147E+01-1.38814E+05-2.89533E+00 5.78760E+00
 -1       193-2.39841E+06 2.86589E+03 2.08787E+03-1.37752E+05-2.90517E+01 2.80509E+00
 -1       194-1.19160E+06 7.81574E+03 6.41298E+03-1.36139E+05-2.14461E+01 3.38731E+00
 -1       195-1.15870E+01 2.00040E+01-2.13428E+01-2.68738E+05-1.23907E+01 5.33896E+00
 -1       196 1.80092E+01 2.36169E+00 8.82967E+00-2.85003E+05 1.55998E+01 4.89740E+00
 -1       197-1.07566E+00-3.56973E+01 3.01952E+00-2.86779E+05-1.75415E+01-1.76850E+01
 -1       198 1.90943E+01-1.34289E-01 2.28122E+01-2.89474E+05 1.57983E+01-1.82637E+01
 -1       199 4.59029E-01-4.00668E+01 1.74187E+01-2.88416E+05-9.28692E+00 1.19786E+01
 -1       200 1.35760E+01 4.95516E+01 1.24076E+01-2.88865E+05 1.96733E+00 8.05791E+00
 -1       201-1.08067E+01-1.31943E+01 1.60403E+01-2.88545E+05-3.99443E+00 1.38804E+01
 -1       202-3.55374E+00 9.05569E-01 3.52366E+01-2.89230E+05-5.52157E+00-6.92422E+00
 -1       203-1.43431E+01 2.86279E+00 1.21159E+01-2.86530E+05-8.12900E+00 4.14043E+00
 -3
    1PSTEP                         3           1           1          
  100CL  101 1.000000000         203                     0    1           1
 -4  TOSTRAIN    6    1
 -5  EXX         1    4    1    1
 -5  EYY         1    4    2    2
 -5  EZZ         1    4    3    3
 -5  EXY         1    4    1    2
 -5  EYZ         1    4    2    3
 -5  EZX         1    4    3    1
 -1         1 4.96285E-05 2.83723E-10 2.48074E-10-9.87934E-07 1.65753E-11 5.74277E-06
 -1         2-4.96289E-05-2.83720E-10-2.48079E-10-9.87896E-07 1.65746E-11-5.74296E-06
 -1         3-6.93699E-07 2.89350E-07 2.16794E-07-9.71036E-07 4.57506E-08 3.49469E-08
 -1         4 6.94165E-07-2.90836E-07-2.16178E-07-9.71682E-07 4.62540E-08-3.50417E-08
 -1         5-6.94051E-07 2.89732E-07 2.16700E-07-9.71382E-07-4.59768E-08-3.50420E-08
 -1         6 6.94143E-07-2.90531E-07-2.16319E-07-9.71547E-07-4.60419E-08 3.51063E-08
 -1         7-4.96285E-05-2.83721E-10-2.48078E-10-9.87911E-07-1.65758E-11 5.74281E-06
 -1         8 4.96286E-05 2.83721E-10 2.48075E-10-9.88011E-07-1.65764E-11-5.74278E-06
 -1         9-2.57108E-10 5.03731E-16-1.29954E-15 2.53975E-06 1.68542E-11-9.81960E-11
 -1        10 2.47562E-05-3.03973E-10-2.77126E-10 1.06732E-06 1.67158E-11 2.87475E-06
 -1        11-2.47566E-05 3.03971E-10 2.77131E-10 1.06734E-06 1.67153E-11-2.87494E-06
 -1        12-5.27019E-05 1.53636E-05 1.36004E-05 5.28506E-07-2.30538E-06 1.08101E-06
 -1        13-4.56840E-05 1.20623E-05 1.24957E-05-9.53876E-07 3.30260E-07 2.10736E-07
 -1        14-4.00420E-05 1.13345E-05 1.12155E-05-9.83380E-07-1.10901E-07 7.46010E-08
 -1        15-3.42790E-05 9.55383E-06 9.59162E-06-1.00986E-06 2.54029E-08 6.92908E-08
 -1        16-2.85729E-05 8.01089E-06 8.00126E-06-1.01249E-06-6.91107E-09 6.64573E-08
 -1        17-2.28562E-05 6.39718E-06 6.39954E-06-1.01155E-06 1.64563E-09 6.72388E-08
 -1        18-1.71425E-05 4.80027E-06 4.79976E-06-1.01238E-06 3.01512E-10 6.59335E-08
 -1        19-1.14260E-05 3.20759E-06 3.20394E-06-1.00619E-06-2.16682E-09 7.11162E-08
 -1        20-5.69894E-06 1.62013E-06 1.60894E-06-9.95934E-07 1.92477E-08 6.94831E-08
 -1        21-5.21039E-05 1.32282E-05 1.48862E-05-5.85090E-07 2.89004E-06-1.65829E-06
 -1        22-4.86373E-05 1.45045E-05 1.40207E-05 4.91608E-10-5.01620E-07 9.96461E-08
 -1        23-4.27730E-05 1.18076E-05 1.19384E-05 1.41138E-07 1.50839E-07 1.75834E-08
 -1        24-3.71592E-05 1.04594E-05 1.04181E-05 1.27003E-07-3.57198E-08 7.35991E-08
 -1        25-3.14240E-05 8.78538E-06 8.79644E-06 1.38047E-07 9.21000E-09 6.46371E-08
 -1        26-2.57167E-05 7.20454E-06 7.20106E-06 1.34978E-07-2.43638E-09 6.72258E-08
 -1        27-1.99995E-05 5.59869E-06 5.59966E-06 1.35626E-07 8.12273E-10 6.63975E-08
 -1        28-1.42883E-05 4.00076E-06 4.00106E-06 1.37017E-07-1.28549E-09 6.70978E-08
 -1        29-8.56969E-06 2.39203E-06 2.39589E-06 1.27060E-07 3.39802E-09 6.28374E-08
 -1        30-2.90590E-06 7.91274E-07 8.02263E-07 1.39881E-07-2.26237E-08 6.09691E-08
 -1        31 5.30876E-10-1.55629E-09 3.75088E-10-1.86557E-06 1.34904E-08-2.66786E-10
 -1        32 3.40852E-07-2.30511E-07-9.79205E-08-1.44141E-06 3.00177E-08-1.91509E-08
 -1        33-3.40146E-07 2.28212E-07 9.82296E-08-1.44092E-06 2.94643E-08 1.89055E-08
 -1        34 5.27022E-05-1.53638E-05-1.36004E-05 5.28504E-07-2.30535E-06-1.08099E-06
 -1        35 4.56839E-05-1.20623E-05-1.24954E-05-9.53694E-07 3.30062E-07-2.11009E-07
 -1        36 4.00418E-05-1.13344E-05-1.12153E-05-9.83592E-07-1.11242E-07-7.45356E-08
 -1        37 3.42794E-05-9.55432E-06-9.59106E-06-1.00989E-06 2.56126E-08-6.95668E-08
 -1        38 2.85728E-05-8.01127E-06-8.00077E-06-1.01265E-06-6.50583E-09-6.60512E-08
 -1        39 2.28564E-05-6.39697E-06-6.39980E-06-1.01147E-06 1.35834E-09-6.69942E-08
 -1        40 1.71424E-05-4.80068E-06-4.79943E-06-1.01249E-06 4.79963E-10-6.60214E-08
 -1        41 1.14258E-05-3.20783E-06-3.20361E-06-1.00606E-06-2.06860E-09-7.09108E-08
 -1        42 5.69887E-06-1.62038E-06-1.60887E-06-9.96223E-07 1.94577E-08-6.96478E-08
 -1        43 5.21036E-05-1.32283E-05-1.48860E-05-5.85036E-07 2.89010E-06 1.65817E-06
 -1        44 4.86377E-05-1.45048E-05-1.40207E-05 6.25582E-10-5.01454E-07-9.98167E-08
 -1        45 4.27728E-05-1.18074E-05-1.19384E-05 1.41222E-07 1.50762E-07-1.76456E-08
 -1        46 3.71595E-05-1.04596E-05-1.04182E-05 1.26939E-07-3.55293E-08-7.36139E-08
 -1        47 3.14240E-05-8.78525E-06-8.79670E-06 1.37891E-07 9.53701E-09-6.45763E-08
 -1        48 2.57163E-05-7.20434E-06-7.20097E-06 1.34963E-07-2.43595E-09-6.68894E-08
 -1        49 2.00002E-05-5.59894E-06-5.59992E-06 1.35572E-07 1.02768E-09-6.64162E-08
 -1        50 1.42877E-05-4.00072E-06-4.00092E-06 1.37069E-07-1.15971E-09-6.71059E-08
 -1        51 8.56948E-06-2.39185E-06-2.39574E-06 1.27087E-07 3.30910E-09-6.27831E-08
 -1        52 2.90634E-06-7.91177E-07-8.01906E-07 1.39805E-07-2.24883E-08-6.11740E-08
 -1        53-6.79370E-07 2.98562E-07 2.16785E-07-8.42291E-07-8.28057E-11-5.06569E-11
 -1        54-1.91404E-10-4.94637E-10 3.86081E-11-1.86546E-06-1.38331E-08 1.89534E-10
 -1        55 3.40574E-07-2.29933E-07-9.81591E-08-1.44116E-06-3.01447E-08 1.91940E-08
 -1        56-3.40708E-07 2.29039E-07 9.80145E-08-1.44117E-06-2.97085E-08-1.89974E-08
 -1        57 6.79706E-07-2.98631E-07-2.16287E-07-8.42463E-07 8.15567E-11 4.10697E-11
 -1        58-5.69884E-06 1.62043E-06 1.60875E-06-9.96113E-07-1.94371E-08-6.94391E-08
 -1        59-1.14261E-05 3.20770E-06 3.20376E-06-1.00603E-06 1.84097E-09-7.10932E-08
 -1        60-1.71425E-05 4.80032E-06 4.79992E-06-1.01286E-06-4.32718E-10-6.58780E-08
 -1        61-2.28562E-05 6.39713E-06 6.39984E-06-1.01134E-06-1.27218E-09-6.69040E-08
 -1        62-2.85729E-05 8.01083E-06 8.00124E-06-1.01250E-06 6.77280E-09-6.62923E-08
 -1        63-3.42793E-05 9.55399E-06 9.59141E-06-1.00997E-06-2.54802E-08-6.93704E-08
 -1        64-4.00418E-05 1.13345E-05 1.12155E-05-9.83528E-07 1.10787E-07-7.49215E-08
 -1        65-4.56838E-05 1.20621E-05 1.24955E-05-9.53562E-07-3.30238E-07-2.10715E-07
 -1        66-5.27023E-05 1.53636E-05 1.36008E-05 5.28353E-07 2.30547E-06-1.08112E-06
 -1        67-2.90634E-06 7.91587E-07 8.02119E-07 1.39870E-07 2.26456E-08-6.11316E-08
 -1        68-8.56949E-06 2.39181E-06 2.39571E-06 1.27323E-07-3.41768E-09-6.29284E-08
 -1        69-1.42882E-05 4.00072E-06 4.00106E-06 1.36928E-07 1.32758E-09-6.71278E-08
 -1        70-2.00000E-05 5.59868E-06 5.59990E-06 1.35476E-07-8.20483E-10-6.63894E-08
 -1        71-2.57164E-05 7.20428E-06 7.20120E-06 1.35388E-07 2.55368E-09-6.70717E-08
 -1        72-3.14238E-05 8.78539E-06 8.79632E-06 1.37802E-07-9.19771E-09-6.48231E-08
 -1        73-3.71594E-05 1.04597E-05 1.04180E-05 1.27229E-07 3.56574E-08-7.34329E-08
 -1        74-4.27729E-05 1.18075E-05 1.19383E-05 1.40993E-07-1.50802E-07-1.78483E-08
 -1        75-4.86374E-05 1.45044E-05 1.40208E-05 5.95362E-10 5.01574E-07-9.94848E-08
 -1        76-5.21039E-05 1.32282E-05 1.48864E-05-5.85432E-07-2.89000E-06 1.65824E-06
 -1        77-1.02903E-10 4.57215E-16-2.10543E-15 2.53976E-06-1.68547E-11-4.88486E-11
 -1        78 2.47563E-05-3.03973E-10-2.77126E-10 1.06729E-06-1.67144E-11-2.87483E-06
 -1        79-2.47564E-05 3.03971E-10 2.77131E-10 1.06733E-06-1.67145E-11 2.87480E-06
 -1        80 5.69871E-06-1.62032E-06-1.60873E-06-9.95700E-07-1.94745E-08 6.98704E-08
 -1        81 1.14259E-05-3.20746E-06-3.20386E-06-1.00630E-06 1.99829E-09 7.09474E-08
 -1        82 1.71424E-05-4.80069E-06-4.79939E-06-1.01249E-06-6.26538E-10 6.61345E-08
 -1        83 2.28563E-05-6.39735E-06-6.39934E-06-1.01151E-06-1.36295E-09 6.68814E-08
 -1        84 2.85730E-05-8.01073E-06-8.00139E-06-1.01273E-06 6.68819E-09 6.63399E-08
 -1        85 3.42791E-05-9.55424E-06-9.59088E-06-1.00972E-06-2.53887E-08 6.94465E-08
 -1        86 4.00418E-05-1.13344E-05-1.12152E-05-9.83607E-07 1.11014E-07 7.41892E-08
 -1        87 4.56843E-05-1.20622E-05-1.24955E-05-9.53594E-07-3.30271E-07 2.10989E-07
 -1        88 5.27018E-05-1.53638E-05-1.36003E-05 5.28447E-07 2.30541E-06 1.08122E-06
 -1        89 2.90612E-06-7.91413E-07-8.01907E-07 1.39762E-07 2.27421E-08 6.13297E-08
 -1        90 8.56956E-06-2.39194E-06-2.39579E-06 1.27215E-07-3.37469E-09 6.30358E-08
 -1        91 1.42880E-05-4.00072E-06-4.00102E-06 1.37079E-07 1.09279E-09 6.70029E-08
 -1        92 1.99998E-05-5.59881E-06-5.59967E-06 1.35548E-07-8.89176E-10 6.65083E-08
 -1        93 2.57164E-05-7.20457E-06-7.20105E-06 1.35123E-07 2.49538E-09 6.69699E-08
 -1        94 3.14243E-05-8.78531E-06-8.79692E-06 1.37844E-07-9.55118E-09 6.46956E-08
 -1        95 3.71592E-05-1.04592E-05-1.04181E-05 1.27158E-07 3.54874E-08 7.33792E-08
 -1        96 4.27730E-05-1.18076E-05-1.19384E-05 1.41127E-07-1.50815E-07 1.77546E-08
 -1        97 4.86373E-05-1.45046E-05-1.40207E-05 6.65468E-10 5.01432E-07 9.97036E-08
 -1        98 5.21038E-05-1.32285E-05-1.48859E-05-5.85253E-07-2.88999E-06-1.65818E-06
 -1        99-4.96101E-05 2.86626E-10 2.76983E-10-2.11937E-06 5.61765E-16-8.33390E-11
 -1       100 4.96099E-05-2.86627E-10-2.76979E-10-2.11940E-06 3.56145E-16-5.41905E-12
 -1       101 1.06877E-10-1.21835E-10-3.29697E-11-1.22616E-06-2.22344E-06 1.66253E-10
 -1       102-2.68698E-11-8.92177E-11-2.95298E-11-2.02739E-06 2.95780E-07-2.27016E-11
 -1       103-1.19386E-10 5.13195E-11 5.54963E-11-1.88207E-06-9.69585E-08-9.68734E-11
 -1       104 2.98864E-10-2.16271E-10 5.60911E-11-1.93856E-06 2.05508E-08 1.72099E-11
 -1       105-4.98493E-11-2.64082E-10 2.07872E-10-1.92271E-06-5.23134E-09-1.51466E-10
 -1       106 1.20022E-11-1.04325E-10-1.45151E-10-1.92762E-06 1.05062E-09 2.54401E-10
 -1       107-7.32646E-11-1.20470E-10 2.17353E-10-1.92532E-06 4.72027E-10-5.82540E-11
 -1       108-1.01643E-10-9.67721E-11 2.04441E-10-1.92942E-06-3.26116E-09-2.03580E-11
 -1       109-1.11983E-10-1.80719E-10 2.53172E-11-1.91288E-06 2.51040E-08 1.39948E-10
 -1       110 2.63255E-05-6.03797E-06-6.82791E-06-2.57810E-07-2.26445E-06-5.41210E-07
 -1       111-1.30811E-10-7.24000E-11 6.10806E-11-3.08205E-07 2.93106E-06 5.21651E-11
 -1       112 2.28488E-05-6.23598E-06-6.23456E-06-1.54639E-06 3.12967E-07-1.06911E-07
 -1       113 1.66292E-10-1.70798E-10 6.59303E-11-8.89784E-07-4.77783E-07 4.45712E-11
 -1       114 2.00237E-05-5.58244E-06-5.61360E-06-1.44957E-06-1.04152E-07-3.65787E-08
 -1       115-6.22009E-11 7.78078E-11 2.61259E-11-7.70306E-07 1.40686E-07-8.14971E-11
 -1       116 1.71402E-05-4.79542E-06-4.79375E-06-1.50148E-06 2.30232E-08-3.51290E-08
 -1       117 1.29734E-10-6.93982E-11 9.41191E-11-7.77335E-07-3.10795E-08 6.63952E-11
 -1       118 1.42876E-05-4.00080E-06-4.00117E-06-1.49218E-06-5.93365E-09-3.29795E-08
 -1       119 4.68955E-13 4.30177E-11-7.49683E-11-7.79637E-07 7.67430E-09-9.36389E-11
 -1       120 1.14289E-05-3.19986E-06-3.20008E-06-1.49485E-06 1.25844E-09-3.33848E-08
 -1       121-2.32510E-10-4.10328E-11-2.69390E-11-7.78086E-07-1.91013E-09 9.37827E-11
 -1       122 8.57162E-06-2.40115E-06-2.39988E-06-1.49380E-06 4.75096E-10-3.30934E-08
 -1       123 3.34644E-10-1.85274E-10-1.01641E-11-7.78461E-07 6.93399E-10 1.40353E-11
 -1       124 5.71377E-06-1.60429E-06-1.60124E-06-1.49313E-06-2.65523E-09-3.52873E-08
 -1       125-2.41219E-10 7.38203E-11 2.19420E-10-7.79107E-07-1.74585E-09-7.96275E-11
 -1       126 2.84709E-06-8.35299E-07-8.06641E-07-1.47867E-06 2.22671E-08-3.54125E-08
 -1       127-1.33871E-10 7.13606E-11-2.08073E-11-7.77149E-07 5.64283E-09 1.23459E-10
 -1       128 2.41097E-10-3.85761E-10 2.27762E-11-7.83832E-07-3.58873E-08 4.83605E-11
 -1       129-2.63253E-05 6.03775E-06 6.82787E-06-2.57856E-07-2.26435E-06 5.41388E-07
 -1       130-2.28489E-05 6.23589E-06 6.23457E-06-1.54659E-06 3.12965E-07 1.06741E-07
 -1       131-2.00239E-05 5.58256E-06 5.61382E-06-1.44947E-06-1.03880E-07 3.65099E-08
 -1       132-1.71397E-05 4.79496E-06 4.79415E-06-1.50151E-06 2.30549E-08 3.49628E-08
 -1       133-1.42878E-05 4.00035E-06 4.00172E-06-1.49203E-06-6.03209E-09 3.30535E-08
 -1       134-1.14288E-05 3.19986E-06 3.19967E-06-1.49475E-06 1.28568E-09 3.38303E-08
 -1       135-8.57173E-06 2.40082E-06 2.40020E-06-1.49388E-06 3.90493E-10 3.28970E-08
 -1       136-5.71396E-06 1.60407E-06 1.60163E-06-1.49300E-06-2.72570E-09 3.54268E-08
 -1       137-2.84723E-06 8.34993E-07 8.06702E-07-1.47863E-06 2.21869E-08 3.54467E-08
 -1       138 1.11380E-10-4.88293E-10 2.06851E-10-1.73506E-06-1.68402E-10-2.51287E-11
 -1       139-3.92087E-11 1.44922E-10 1.20680E-10-1.91327E-06-2.51615E-08-9.79268E-11
 -1       140-8.42681E-11 2.01164E-10 1.38195E-10-1.92915E-06 3.18517E-09-5.42633E-11
 -1       141 2.00222E-11-4.31823E-10-5.95827E-13-1.92531E-06-5.36749E-10 2.17889E-10
 -1       142-6.91527E-11 2.41083E-10 9.49745E-11-1.92782E-06-1.00662E-09-1.58485E-10
 -1       143 8.12374E-11-1.47161E-10 6.36383E-11-1.92279E-06 5.04438E-09 3.03284E-10
 -1       144-1.22744E-10-2.30537E-11 1.10601E-10-1.93880E-06-2.03091E-08-2.44847E-10
 -1       145 1.61400E-10-5.21428E-11 7.13127E-11-1.88197E-06 9.67540E-08-1.19775E-10
 -1       146 1.97569E-10-1.08649E-10 5.92966E-11-2.02774E-06-2.95566E-07 8.78913E-11
 -1       147-1.97333E-10 9.85951E-11-1.92746E-10-1.22542E-06 2.22325E-06-9.83949E-11
 -1       148 2.84703E-06-8.35187E-07-8.06523E-07-1.47864E-06-2.23564E-08 3.54076E-08
 -1       149-1.20467E-10 8.37987E-11-9.77821E-11-7.84025E-07 3.59782E-08 9.38139E-11
 -1       150 5.71381E-06-1.60391E-06-1.60140E-06-1.49295E-06 2.56486E-09 3.53681E-08
 -1       151-2.95233E-12 1.67296E-11-6.24851E-12-7.77081E-07-5.63099E-09 9.46531E-12
 -1       152 8.57167E-06-2.40130E-06-2.39997E-06-1.49397E-06-5.90689E-10 3.31796E-08
 -1       153-9.73396E-11-8.48812E-11 7.73229E-11-7.78891E-07 1.84723E-09 6.95184E-11
 -1       154 1.14288E-05-3.20003E-06-3.19973E-06-1.49484E-06-1.22531E-09 3.34096E-08
 -1       155-7.48203E-11-1.06905E-11 9.23555E-13-7.78583E-07-7.44454E-10-4.82386E-11
 -1       156 1.42879E-05-4.00053E-06-4.00155E-06-1.49224E-06 5.87974E-09 3.31983E-08
 -1       157-3.85180E-11-7.09779E-11 2.10069E-11-7.77892E-07 1.85009E-09 4.28215E-11
 -1       158 1.71399E-05-4.79515E-06-4.79364E-06-1.50156E-06-2.27500E-08 3.48691E-08
 -1       159 2.76081E-10-9.40668E-12-1.19830E-10-7.79963E-07-7.61412E-09 4.22200E-11
 -1       160 2.00239E-05-5.58254E-06-5.61356E-06-1.44951E-06 1.03917E-07 3.63311E-08
 -1       161-1.38356E-10 2.21431E-10 1.29282E-10-7.77179E-07 3.10287E-08-2.48775E-11
 -1       162 2.28491E-05-6.23600E-06-6.23455E-06-1.54658E-06-3.12944E-07 1.06854E-07
 -1       163 9.46847E-11-8.46170E-11 7.84475E-11-7.70597E-07-1.40519E-07-2.61013E-11
 -1       164 2.63252E-05-6.03783E-06-6.82793E-06-2.57471E-07 2.26439E-06 5.41476E-07
 -1       165-3.42850E-11-2.56711E-11 3.04554E-11-8.89564E-07 4.77732E-07 3.63695E-12
 -1       166-6.36674E-11-4.94181E-11-1.88079E-11-3.08043E-07-2.93106E-06-1.14208E-10
 -1       167-2.84715E-06 8.35387E-07 8.06653E-07-1.47888E-06-2.22635E-08-3.53625E-08
 -1       168-5.71397E-06 1.60423E-06 1.60151E-06-1.49295E-06 2.53789E-09-3.54303E-08
 -1       169-8.57169E-06 2.40068E-06 2.40017E-06-1.49394E-06-4.72865E-10-3.29080E-08
 -1       170-1.14289E-05 3.20016E-06 3.19994E-06-1.49487E-06-1.10736E-09-3.35313E-08
 -1       171-1.42877E-05 4.00044E-06 4.00164E-06-1.49210E-06 5.86918E-09-3.28737E-08
 -1       172-1.71401E-05 4.79500E-06 4.79407E-06-1.50164E-06-2.29740E-08-3.51154E-08
 -1       173-2.00237E-05 5.58255E-06 5.61382E-06-1.44951E-06 1.03736E-07-3.68022E-08
 -1       174-2.28486E-05 6.23583E-06 6.23450E-06-1.54656E-06-3.12886E-07-1.06632E-07
 -1       175-2.63256E-05 6.03781E-06 6.82798E-06-2.57567E-07 2.26431E-06-5.41526E-07
 -1       176-1.45473E-10-5.26088E-16 2.61210E-15 1.40492E-06 7.91032E-16-6.85326E-11
 -1       177 5.27243E-05-1.53372E-05-1.36009E-05 1.14893E-07-7.43679E-12 1.15895E-10
 -1       178 4.57121E-05-1.20828E-05-1.24960E-05-6.64467E-07-8.66845E-11-8.93579E-12
 -1       179 4.00404E-05-1.13267E-05-1.12158E-05-8.48426E-07-1.19841E-10-1.76764E-10
 -1       180 3.42819E-05-9.55778E-06-9.59140E-06-8.36083E-07 9.63687E-11-4.95982E-11
 -1       181 2.85740E-05-8.01029E-06-8.00144E-06-8.47543E-07 1.49945E-10 1.39951E-10
 -1       182 2.28574E-05-6.39766E-06-6.39986E-06-8.44591E-07-2.98842E-11-6.65539E-11
 -1       183 1.71429E-05-4.80043E-06-4.79963E-06-8.45959E-07-1.05215E-10 6.76549E-11
 -1       184 1.14274E-05-3.20892E-06-3.20388E-06-8.39611E-07-1.23211E-11 1.67038E-11
 -1       185 5.69314E-06-1.61747E-06-1.60888E-06-8.29900E-07-1.39820E-11 1.09616E-10
 -1       186-5.27245E-05 1.53373E-05 1.36011E-05 1.15033E-07 1.15694E-10-5.09825E-11
 -1       187-4.57119E-05 1.20829E-05 1.24962E-05-6.64414E-07-3.06642E-11 1.69142E-11
 -1       188-4.00405E-05 1.13265E-05 1.12160E-05-8.48441E-07-6.02903E-11-1.60738E-10
 -1       189-3.42818E-05 9.55753E-06 9.59195E-06-8.36020E-07-7.21695E-11-3.96335E-11
 -1       190-2.85740E-05 8.01013E-06 8.00161E-06-8.47719E-07-5.41526E-11 7.44651E-11
 -1       191-2.28574E-05 6.39792E-06 6.39998E-06-8.44408E-07 1.94287E-10 1.64453E-10
 -1       192-1.71430E-05 4.80045E-06 4.80006E-06-8.46104E-07-1.76477E-11 3.52768E-11
 -1       193-1.14276E-05 3.20874E-06 3.20400E-06-8.39634E-07-1.77077E-10 1.70977E-11
 -1       194-5.69327E-06 1.61747E-06 1.60892E-06-8.29801E-07-1.30719E-10 2.06465E-11
 -1       195-5.33910E-11 1.39163E-10-1.12855E-10-1.63802E-06-7.55243E-11 3.25423E-11
 -1       196 7.08362E-11-2.45390E-11 1.48849E-11-1.73716E-06 9.50842E-11 2.98508E-11
 -1       197 3.84482E-11-1.72579E-10 6.34094E-11-1.74798E-06-1.06920E-10-1.07794E-10
 -1       198 6.06879E-11-5.65147E-11 8.33494E-11-1.76442E-06 9.62942E-11-1.11322E-10
 -1       199 3.23833E-11-2.14631E-10 1.35756E-10-1.75796E-06-5.66060E-11 7.30125E-11
 -1       200-1.79645E-11 2.01315E-10-2.50864E-11-1.76070E-06 1.19914E-11 4.91149E-11
 -1       201-5.52552E-11-6.98082E-11 1.08384E-10-1.75875E-06-2.43470E-11 8.46041E-11
 -1       202-6.51122E-11-3.79316E-11 1.71324E-10-1.76293E-06-3.36553E-11-4.22048E-11
 -1       203-8.82721E-11 1.66019E-11 7.30018E-11-1.74647E-06-4.95482E-11 2.52369E-11
 -3
    1PSTEP                         4           1           1          
  100CL  101 1.000000000         203                     0    1           1
 -4  FORC        4    1
 -5  F1          1    2    1    0
 -5  F2          1    2    2    0
 -5  F3          1    2    3    0
 -5  ALL         1    2    0    0    1ALL
 -1         1 5.28720E+02 4.86390E+03-9.80058E+02
 -1         2-5.28735E+02 4.86388E+03 9.80104E+02
 -1         3-3.18975E-09 4.16765E+01 2.61584E-10
 -1         4 1.50563E-09 4.16765E+01-2.97781E-09
 -1         5-2.63070E-09 4.16765E+01-6.90238E-10
 -1         6-1.20044E-09 4.16765E+01-4.12555E-09
 -1         7-5.28700E+02 4.86387E+03-9.80092E+02
 -1         8 5.28680E+02 4.86390E+03 9.80083E+02
 -1         9 1.75420E-02 5.56609E+03 3.29397E-02
 -1        10-8.65948E+03-8.66685E+03-2.54264E+03
 -1        11 8.65960E+03-8.66681E+03 2.54264E+03
 -1        12-5.73497E-12 1.31470E-09 9.92784E-11
 -1        13-1.86954E-03-9.27596E-02-4.19495E-02
 -1        14-1.11122E-01 1.05648E-01 1.55215E-02
 -1        15 8.31404E-02 1.34051E-01 9.78762E-04
 -1        16 2.86106E-02-7.93996E-02 4.18218E-02
 -1        17-4.19340E-03-3.23077E-02-9.37598E-03
 -1        18 2.94095E-02 1.63262E-01-4.44421E-03
 -1        19-4.29694E-02 1.21135E-01 2.13491E-02
 -1        20 8.80915E-03 6.34594E-02 3.46758E-02
 -1        21 2.52855E-02 7.29294E-02-5.28648E-02
 -1        22 2.34953E-02-9.48595E-03 1.62962E-02
 -1        23 1.38871E-01-6.25432E-02 1.12741E-02
 -1        24-5.29772E-02-8.32391E-02-2.01660E-02
 -1        25-3.58541E-02-3.89146E-02 2.73377E-02
 -1        26-5.78070E-02 8.28043E-02-1.28615E-03
 -1        27-2.36912E-02-1.55940E-01 4.86557E-02
 -1        28 3.96925E-02 3.33855E-02-4.90700E-02
 -1        29 6.11106E-02-1.24320E-01-1.53769E-03
 -1        30 2.45790E-02 1.23660E-02 1.51268E-02
 -1        31 1.85810E-02 8.33261E+01-1.78028E-02
 -1        32 8.87353E-02-1.67140E+02-9.43530E-02
 -1        33 6.65218E-02-1.66340E+02-3.52897E-02
 -1        34-9.47994E-11-2.74557E-10 9.88709E-13
 -1        35 5.86871E-03-2.54214E-02-8.45783E-02
 -1        36-5.67891E-02 5.78226E-02 2.88311E-03
 -1        37-2.23636E-02-6.99618E-02 9.27470E-02
 -1        38-1.04653E-01-1.58331E-01-3.52865E-03
 -1        39-7.15841E-03-8.62239E-03-6.91221E-03
 -1        40 1.48922E-02-5.49068E-03-2.03240E-03
 -1        41 2.50680E-02-5.66043E-02-1.24769E-02
 -1        42-7.19927E-03 7.76658E-02-2.99414E-02
 -1        43 2.05917E-02-4.37221E-02-2.44638E-02
 -1        44-5.61893E-02-2.49999E-02 2.61350E-02
 -1        45 9.22866E-02-3.09017E-03 1.25385E-02
 -1        46-1.02507E-02-1.48191E-02-7.04787E-02
 -1        47 3.41124E-02 5.53208E-02 6.22310E-02
 -1        48-5.69117E-02 1.63254E-03 6.75466E-02
 -1        49-1.58142E-02-1.75670E-03 8.39825E-04
 -1        50 2.71484E-02 8.95185E-02 7.15847E-03
 -1        51-8.32326E-02-1.19569E-01 5.07812E-02
 -1        52-9.43312E-02 2.67665E-01-8.57919E-02
 -1        53-2.25412E-02-1.66722E+02 4.83419E-02
 -1        54-4.42044E-02 8.33985E+01 5.41936E-02
 -1        55 8.55026E-02-1.67070E+02-9.85734E-02
 -1        56 7.36109E-03-1.66540E+02-3.52518E-02
 -1        57-1.35731E-02-1.66484E+02 9.57964E-02
 -1        58 5.12700E-02 6.42309E-02-1.02659E-02
 -1        59-4.24554E-02 1.08402E-01 2.80075E-02
 -1        60 1.07274E-01 1.39949E-01 1.63680E-02
 -1        61 1.71738E-02 2.51629E-02-2.30564E-02
 -1        62 3.70491E-02-3.97974E-02 3.77085E-02
 -1        63 6.19795E-02 1.46991E-01 6.76798E-03
 -1        64-1.43180E-01 5.23699E-02 3.62192E-03
 -1        65-2.08904E-02-2.43416E-02-3.15943E-02
 -1        66 3.33135E-02 4.09744E-02-1.78131E-02
 -1        67 2.29939E-02-2.07602E-01-3.86341E-02
 -1        68-2.15040E-02-1.27516E-01 5.76518E-02
 -1        69-6.24539E-03 8.63161E-02-2.38846E-02
 -1        70 3.00583E-03-1.03779E-01-1.92977E-02
 -1        71-9.35294E-02 3.94092E-03 3.03344E-03
 -1        72-2.01579E-02-8.99670E-02-7.02023E-02
 -1        73-2.01920E-02-1.02882E-01 2.08078E-02
 -1        74 1.20564E-01-3.31067E-02 1.45071E-02
 -1        75 2.24107E-04 2.57844E-03 1.10767E-02
 -1        76 2.59149E-02 5.79096E-02 5.73543E-02
 -1        77 1.05469E-02 5.56611E+03-2.79703E-02
 -1        78-8.65946E+03-8.66682E+03 2.54263E+03
 -1        79 8.65948E+03-8.66680E+03-2.54256E+03
 -1        80 4.52217E-02 3.31285E-02-4.64249E-03
 -1        81-8.56887E-03 3.88838E-02-7.31440E-02
 -1        82-1.28535E-02-6.22679E-04-6.47099E-02
 -1        83-2.13301E-02-6.52522E-02 5.94433E-02
 -1        84-8.77228E-02-9.50479E-02-7.51325E-02
 -1        85-1.33067E-02-1.94853E-02 5.97379E-02
 -1        86-5.66553E-02 4.14726E-02 1.26644E-02
 -1        87-3.19493E-03-1.17890E-02-8.27968E-02
 -1        88 4.75171E-02-4.18052E-02-8.85534E-03
 -1        89-7.67158E-02 2.65051E-01 1.87943E-01
 -1        90 5.03291E-02-1.58837E-01-1.69327E-02
 -1        91 3.81116E-02 6.28799E-02 7.41312E-03
 -1        92-1.71813E-02 1.03961E-02 7.40449E-03
 -1        93 5.46251E-02-5.49579E-02 4.11004E-02
 -1        94-1.05899E-02 1.00233E-01-4.00888E-02
 -1        95-7.08095E-04 1.20786E-01-5.35811E-02
 -1        96 5.05136E-02-4.39285E-02 5.96049E-02
 -1        97-7.53891E-02-1.52270E-02 1.83555E-03
 -1        98 2.12601E-02-3.91650E-02 5.06295E-02
 -1        99 1.23979E+04 5.42761E+03-3.68916E-02
 -1       100-1.23978E+04 5.42748E+03 4.63797E-03
 -1       101 1.36795E-02 1.38422E-02 5.44573E-02
 -1       102 4.39898E-02-7.73639E-02-7.70785E-02
 -1       103-3.82602E-02 9.75219E-02 7.94159E-02
 -1       104 5.56770E-02 9.84742E-02 9.48980E-02
 -1       105-4.69200E-02-1.13021E-01 4.17592E-02
 -1       106-3.02500E-02-1.85767E-01 4.81212E-02
 -1       107 1.23481E-02 1.29765E-01-1.19775E-01
 -1       108 5.40576E-02 7.69405E-02-7.22496E-02
 -1       109-6.67913E-02-1.32254E-01 7.34330E-02
 -1       110-1.72230E-01-1.39508E-02-1.32451E-01
 -1       111-7.85947E-02 4.27652E-03-2.66292E-02
 -1       112 2.58880E-01-1.06168E-01 1.47679E-01
 -1       113-1.22719E-01-1.34040E-02-8.61372E-02
 -1       114 5.65206E-02-6.67362E-02-9.51944E-02
 -1       115-1.18105E-01 5.12285E-02-9.92928E-02
 -1       116 1.14918E-01-1.20339E-01-2.57445E-01
 -1       117-9.16198E-02 1.16942E-01-1.03800E-01
 -1       118 2.95724E-02 1.31587E-01-1.61723E-01
 -1       119 7.55603E-02-8.64706E-02-9.96894E-03
 -1       120-2.02403E-01 1.90261E-03 4.93471E-02
 -1       121 1.36962E-02-1.11055E-01-8.15056E-03
 -1       122 8.48522E-02-1.08370E-01-1.20014E-01
 -1       123 8.27830E-02 1.71265E-01-9.25342E-02
 -1       124-2.07638E-01 1.07481E-01-1.49465E-01
 -1       125-6.16227E-02-6.30800E-02-6.32202E-02
 -1       126-3.57243E-02-3.51516E-01-3.89268E-02
 -1       127 2.45336E-02 2.38138E-01 3.23363E-02
 -1       128-5.89999E-02-1.00879E-01-6.80812E-02
 -1       129 7.92995E-02-1.34351E-02 2.20951E-02
 -1       130-8.18964E-02 1.38262E-01 2.62662E-02
 -1       131 2.25291E-01-1.31203E-01-5.70990E-02
 -1       132-2.76720E-02-1.84317E-01-2.12552E-01
 -1       133 4.32667E-02 3.73990E-01-9.78910E-02
 -1       134-2.61112E-01 1.75203E-01 1.58939E-01
 -1       135 1.38144E-01-9.26167E-02 4.43237E-03
 -1       136 3.38639E-02-8.64008E-02-9.44568E-02
 -1       137-4.32751E-02 1.21807E-01-1.27797E-01
 -1       138 8.27971E-03-3.33331E+02 1.05997E-01
 -1       139-5.27142E-02 2.73596E-02 7.68243E-02
 -1       140-3.60571E-02 3.40037E-02-2.18014E-02
 -1       141 1.25213E-01 1.08080E-01-1.30355E-01
 -1       142-7.37857E-02 3.30355E-02 1.01083E-01
 -1       143-3.12448E-02-6.29981E-02 4.33934E-02
 -1       144 7.00181E-03 1.13649E-02-1.46429E-02
 -1       145-7.91938E-02 6.89498E-02-8.03009E-03
 -1       146 1.06049E-01 9.40840E-04-2.55032E-02
 -1       147 6.72079E-02-3.81235E-02-1.14603E-01
 -1       148-5.53554E-02-2.29814E-01-7.32588E-02
 -1       149 1.01206E-01 1.99470E-01 3.16850E-02
 -1       150-2.36804E-03 6.70141E-02 1.33714E-01
 -1       151 1.28457E-01 1.98908E-01 2.81825E-03
 -1       152 3.10648E-03-2.85021E-01 1.93602E-01
 -1       153-9.48611E-02-8.34457E-02 2.68529E-01
 -1       154-5.73311E-02 1.34974E-01-7.26766E-02
 -1       155 7.78208E-02 1.08065E-01 1.88768E-02
 -1       156 1.57209E-01 5.13158E-02-2.19592E-02
 -1       157 7.07468E-02 6.35668E-02-3.19652E-02
 -1       158-1.98402E-01 3.65018E-02 1.54844E-01
 -1       159-2.40510E-04-1.96477E-02-1.83126E-02
 -1       160-6.30598E-02-2.13144E-01 1.95971E-01
 -1       161 6.72585E-02-8.60154E-02 2.24264E-01
 -1       162 8.02012E-02-4.70203E-02 1.99388E-01
 -1       163-2.07115E-01 1.61240E-01 2.96084E-02
 -1       164 1.51497E-01 1.42736E-02 2.11530E-02
 -1       165-1.13484E-01-3.86309E-02 4.26851E-02
 -1       166-1.52092E-01 5.41622E-02-4.22611E-03
 -1       167 9.91752E-02-1.05406E-01-1.03960E-02
 -1       168 2.80045E-02-1.68242E-01-1.15187E-01
 -1       169-1.17956E-01 2.66793E-02 1.21730E-02
 -1       170 1.31044E-01 2.32990E-02 1.57433E-01
 -1       171 1.78257E-01 1.35697E-01 6.45526E-02
 -1       172-1.51702E-01-6.13907E-02 2.37894E-02
 -1       173 1.17352E-01-2.22108E-01-3.14926E-02
 -1       174-2.75588E-02 4.47260E-02 2.99889E-02
 -1       175-1.41322E-01-8.77881E-02 6.25657E-02
 -1       176 2.52491E-02-5.77558E+03-2.03547E-02
 -1       177-1.85630E-01 9.30346E-02 9.19332E-04
 -1       178 1.34064E-02 1.63365E-01 4.40537E-02
 -1       179 7.72016E-02 7.10803E-02-1.37118E-01
 -1       180-1.92174E-01 1.84547E-01-4.40755E-02
 -1       181 1.85108E-01-7.40848E-03 1.59545E-01
 -1       182-1.79738E-01 1.43100E-01-3.99969E-02
 -1       183 9.17511E-02 6.07613E-02-1.77303E-02
 -1       184-1.01399E-01-1.75577E-01-4.17533E-02
 -1       185-3.03605E-02 1.46287E-01 3.42155E-02
 -1       186 7.73120E-02-5.45236E-03-1.02816E-01
 -1       187-4.32871E-04 2.06909E-02 1.13624E-01
 -1       188 2.50341E-01 1.20936E-01 3.76536E-02
 -1       189-9.20796E-03-1.34257E-01 8.37511E-02
 -1       190 1.39371E-01-1.14557E-02-6.23742E-02
 -1       191-4.63568E-02-3.31421E-01-1.73176E-01
 -1       192 4.10707E-02-1.90921E-01-8.42666E-03
 -1       193 1.25240E-01-2.01423E-01 9.87900E-02
 -1       194-2.69837E-01-3.07428E-01 9.73065E-02
 -1       195-1.22339E-02 4.86605E-02 6.94139E-02
 -1       196-2.30868E-01-2.47367E-03-4.94281E-02
 -1       197-9.81907E-02 6.32949E-02-4.06751E-02
 -1       198 6.27494E-02 4.83545E-02-3.28211E-02
 -1       199 2.70720E-02-1.16960E-01-1.48143E-01
 -1       200 2.10064E-01 9.60935E-02-1.53643E-01
 -1       201 1.42087E-02-3.08435E-02 2.74571E-01
 -1       202-5.63775E-02 1.51387E-01 3.65857E-03
 -1       203 4.79209E-02 3.33166E-01-4.53402E-02
 -3
 9999
