    1C
    1UHash: 9U6Z85rf, Date: 03/09/2026, Unit system: M_KG_S_C           
    1UUSER                                                              
    1UDATE              09.march.2026                                   
    1UTIME              19:24:10                                        
    1UHOST                                                              
    1UPGM               CalculiX                                        
    1UVERSION           Version 2.23                             
    1UCOMPILETIME       Sun Jan 11 00:39:44 CET 2026                    
    1UDIR                                                               
    1UDBN                                                               
    1UMAT    1S235                                                      
    2C                           203                                     1
 -1         1-1.00000E+00 1.00000E-01-5.00000E-02
 -1         2-1.00000E+00-1.00000E-01-5.00000E-02
 -1         3 1.00000E+00-1.00000E-01-5.00000E-02
 -1         4 1.00000E+00 1.00000E-01-5.00000E-02
 -1         5 1.00000E+00-1.00000E-01 5.00000E-02
 -1         6 1.00000E+00 1.00000E-01 5.00000E-02
 -1         7-1.00000E+00-1.00000E-01 5.00000E-02
 -1         8-1.00000E+00 1.00000E-01 5.00000E-02
 -1         9-1.00000E+00-6.93889E-17-5.00000E-02
 -1        10-1.00000E+00 5.00000E-02-5.00000E-02
 -1        11-1.00000E+00-5.00000E-02-5.00000E-02
 -1        12-8.00000E-01-1.00000E-01-5.00000E-02
 -1        13-6.00000E-01-1.00000E-01-5.00000E-02
 -1        14-4.00000E-01-1.00000E-01-5.00000E-02
 -1        15-2.00000E-01-1.00000E-01-5.00000E-02
 -1        16 0.00000E+00-1.00000E-01-5.00000E-02
 -1        17 2.00000E-01-1.00000E-01-5.00000E-02
 -1        18 4.00000E-01-1.00000E-01-5.00000E-02
 -1        19 6.00000E-01-1.00000E-01-5.00000E-02
 -1        20 8.00000E-01-1.00000E-01-5.00000E-02
 -1        21-9.00000E-01-1.00000E-01-5.00000E-02
 -1        22-7.00000E-01-1.00000E-01-5.00000E-02
 -1        23-5.00000E-01-1.00000E-01-5.00000E-02
 -1        24-3.00000E-01-1.00000E-01-5.00000E-02
 -1        25-1.00000E-01-1.00000E-01-5.00000E-02
 -1        26 1.00000E-01-1.00000E-01-5.00000E-02
 -1        27 3.00000E-01-1.00000E-01-5.00000E-02
 -1        28 5.00000E-01-1.00000E-01-5.00000E-02
 -1        29 7.00000E-01-1.00000E-01-5.00000E-02
 -1        30 9.00000E-01-1.00000E-01-5.00000E-02
 -1        31 1.00000E+00-6.93889E-17-5.00000E-02
 -1        32 1.00000E+00 5.00000E-02-5.00000E-02
 -1        33 1.00000E+00-5.00000E-02-5.00000E-02
 -1        34-8.00000E-01 1.00000E-01-5.00000E-02
 -1        35-6.00000E-01 1.00000E-01-5.00000E-02
 -1        36-4.00000E-01 1.00000E-01-5.00000E-02
 -1        37-2.00000E-01 1.00000E-01-5.00000E-02
 -1        38 0.00000E+00 1.00000E-01-5.00000E-02
 -1        39 2.00000E-01 1.00000E-01-5.00000E-02
 -1        40 4.00000E-01 1.00000E-01-5.00000E-02
 -1        41 6.00000E-01 1.00000E-01-5.00000E-02
 -1        42 8.00000E-01 1.00000E-01-5.00000E-02
 -1        43-9.00000E-01 1.00000E-01-5.00000E-02
 -1        44-7.00000E-01 1.00000E-01-5.00000E-02
 -1        45-5.00000E-01 1.00000E-01-5.00000E-02
 -1        46-3.00000E-01 1.00000E-01-5.00000E-02
 -1        47-1.00000E-01 1.00000E-01-5.00000E-02
 -1        48 1.00000E-01 1.00000E-01-5.00000E-02
 -1        49 3.00000E-01 1.00000E-01-5.00000E-02
 -1        50 5.00000E-01 1.00000E-01-5.00000E-02
 -1        51 7.00000E-01 1.00000E-01-5.00000E-02
 -1        52 9.00000E-01 1.00000E-01-5.00000E-02
 -1        53 1.00000E+00-1.00000E-01 0.00000E+00
 -1        54 1.00000E+00-6.93889E-17 5.00000E-02
 -1        55 1.00000E+00 5.00000E-02 5.00000E-02
 -1        56 1.00000E+00-5.00000E-02 5.00000E-02
 -1        57 1.00000E+00 1.00000E-01 0.00000E+00
 -1        58 8.00000E-01-1.00000E-01 5.00000E-02
 -1        59 6.00000E-01-1.00000E-01 5.00000E-02
 -1        60 4.00000E-01-1.00000E-01 5.00000E-02
 -1        61 2.00000E-01-1.00000E-01 5.00000E-02
 -1        62 0.00000E+00-1.00000E-01 5.00000E-02
 -1        63-2.00000E-01-1.00000E-01 5.00000E-02
 -1        64-4.00000E-01-1.00000E-01 5.00000E-02
 -1        65-6.00000E-01-1.00000E-01 5.00000E-02
 -1        66-8.00000E-01-1.00000E-01 5.00000E-02
 -1        67 9.00000E-01-1.00000E-01 5.00000E-02
 -1        68 7.00000E-01-1.00000E-01 5.00000E-02
 -1        69 5.00000E-01-1.00000E-01 5.00000E-02
 -1        70 3.00000E-01-1.00000E-01 5.00000E-02
 -1        71 1.00000E-01-1.00000E-01 5.00000E-02
 -1        72-1.00000E-01-1.00000E-01 5.00000E-02
 -1        73-3.00000E-01-1.00000E-01 5.00000E-02
 -1        74-5.00000E-01-1.00000E-01 5.00000E-02
 -1        75-7.00000E-01-1.00000E-01 5.00000E-02
 -1        76-9.00000E-01-1.00000E-01 5.00000E-02
 -1        77-1.00000E+00-6.93889E-17 5.00000E-02
 -1        78-1.00000E+00 5.00000E-02 5.00000E-02
 -1        79-1.00000E+00-5.00000E-02 5.00000E-02
 -1        80 8.00000E-01 1.00000E-01 5.00000E-02
 -1        81 6.00000E-01 1.00000E-01 5.00000E-02
 -1        82 4.00000E-01 1.00000E-01 5.00000E-02
 -1        83 2.00000E-01 1.00000E-01 5.00000E-02
 -1        84 0.00000E+00 1.00000E-01 5.00000E-02
 -1        85-2.00000E-01 1.00000E-01 5.00000E-02
 -1        86-4.00000E-01 1.00000E-01 5.00000E-02
 -1        87-6.00000E-01 1.00000E-01 5.00000E-02
 -1        88-8.00000E-01 1.00000E-01 5.00000E-02
 -1        89 9.00000E-01 1.00000E-01 5.00000E-02
 -1        90 7.00000E-01 1.00000E-01 5.00000E-02
 -1        91 5.00000E-01 1.00000E-01 5.00000E-02
 -1        92 3.00000E-01 1.00000E-01 5.00000E-02
 -1        93 1.00000E-01 1.00000E-01 5.00000E-02
 -1        94-1.00000E-01 1.00000E-01 5.00000E-02
 -1        95-3.00000E-01 1.00000E-01 5.00000E-02
 -1        96-5.00000E-01 1.00000E-01 5.00000E-02
 -1        97-7.00000E-01 1.00000E-01 5.00000E-02
 -1        98-9.00000E-01 1.00000E-01 5.00000E-02
 -1        99-1.00000E+00-1.00000E-01 0.00000E+00
 -1       100-1.00000E+00 1.00000E-01 0.00000E+00
 -1       101-8.00000E-01-6.93889E-17-5.00000E-02
 -1       102-6.00000E-01-8.32667E-17-5.00000E-02
 -1       103-4.00000E-01-6.93889E-17-5.00000E-02
 -1       104-2.00000E-01-5.55112E-17-5.00000E-02
 -1       105 0.00000E+00-6.93889E-17-5.00000E-02
 -1       106 2.00000E-01-6.93889E-17-5.00000E-02
 -1       107 4.00000E-01-8.32667E-17-5.00000E-02
 -1       108 6.00000E-01-5.55112E-17-5.00000E-02
 -1       109 8.00000E-01-6.93889E-17-5.00000E-02
 -1       110-8.00000E-01 5.00000E-02-5.00000E-02
 -1       111-9.00000E-01-6.93889E-17-5.00000E-02
 -1       112-6.00000E-01 5.00000E-02-5.00000E-02
 -1       113-7.00000E-01-7.63278E-17-5.00000E-02
 -1       114-4.00000E-01 5.00000E-02-5.00000E-02
 -1       115-5.00000E-01-7.63278E-17-5.00000E-02
 -1       116-2.00000E-01 5.00000E-02-5.00000E-02
 -1       117-3.00000E-01-6.24500E-17-5.00000E-02
 -1       118 0.00000E+00 5.00000E-02-5.00000E-02
 -1       119-1.00000E-01-6.24500E-17-5.00000E-02
 -1       120 2.00000E-01 5.00000E-02-5.00000E-02
 -1       121 1.00000E-01-6.93889E-17-5.00000E-02
 -1       122 4.00000E-01 5.00000E-02-5.00000E-02
 -1       123 3.00000E-01-7.63278E-17-5.00000E-02
 -1       124 6.00000E-01 5.00000E-02-5.00000E-02
 -1       125 5.00000E-01-6.93889E-17-5.00000E-02
 -1       126 8.00000E-01 5.00000E-02-5.00000E-02
 -1       127 7.00000E-01-6.24500E-17-5.00000E-02
 -1       128 9.00000E-01-6.93889E-17-5.00000E-02
 -1       129-8.00000E-01-5.00000E-02-5.00000E-02
 -1       130-6.00000E-01-5.00000E-02-5.00000E-02
 -1       131-4.00000E-01-5.00000E-02-5.00000E-02
 -1       132-2.00000E-01-5.00000E-02-5.00000E-02
 -1       133 0.00000E+00-5.00000E-02-5.00000E-02
 -1       134 2.00000E-01-5.00000E-02-5.00000E-02
 -1       135 4.00000E-01-5.00000E-02-5.00000E-02
 -1       136 6.00000E-01-5.00000E-02-5.00000E-02
 -1       137 8.00000E-01-5.00000E-02-5.00000E-02
 -1       138 1.00000E+00-6.93889E-17 2.08167E-17
 -1       139 8.00000E-01-6.93889E-17 5.00000E-02
 -1       140 6.00000E-01-8.32667E-17 5.00000E-02
 -1       141 4.00000E-01-6.93889E-17 5.00000E-02
 -1       142 2.00000E-01-5.55112E-17 5.00000E-02
 -1       143 0.00000E+00-6.93889E-17 5.00000E-02
 -1       144-2.00000E-01-6.93889E-17 5.00000E-02
 -1       145-4.00000E-01-8.32667E-17 5.00000E-02
 -1       146-6.00000E-01-5.55112E-17 5.00000E-02
 -1       147-8.00000E-01-6.93889E-17 5.00000E-02
 -1       148 8.00000E-01 5.00000E-02 5.00000E-02
 -1       149 9.00000E-01-6.93889E-17 5.00000E-02
 -1       150 6.00000E-01 5.00000E-02 5.00000E-02
 -1       151 7.00000E-01-7.63278E-17 5.00000E-02
 -1       152 4.00000E-01 5.00000E-02 5.00000E-02
 -1       153 5.00000E-01-7.63278E-17 5.00000E-02
 -1       154 2.00000E-01 5.00000E-02 5.00000E-02
 -1       155 3.00000E-01-6.24500E-17 5.00000E-02
 -1       156 0.00000E+00 5.00000E-02 5.00000E-02
 -1       157 1.00000E-01-6.24500E-17 5.00000E-02
 -1       158-2.00000E-01 5.00000E-02 5.00000E-02
 -1       159-1.00000E-01-6.93889E-17 5.00000E-02
 -1       160-4.00000E-01 5.00000E-02 5.00000E-02
 -1       161-3.00000E-01-7.63278E-17 5.00000E-02
 -1       162-6.00000E-01 5.00000E-02 5.00000E-02
 -1       163-5.00000E-01-6.93889E-17 5.00000E-02
 -1       164-8.00000E-01 5.00000E-02 5.00000E-02
 -1       165-7.00000E-01-6.24500E-17 5.00000E-02
 -1       166-9.00000E-01-6.93889E-17 5.00000E-02
 -1       167 8.00000E-01-5.00000E-02 5.00000E-02
 -1       168 6.00000E-01-5.00000E-02 5.00000E-02
 -1       169 4.00000E-01-5.00000E-02 5.00000E-02
 -1       170 2.00000E-01-5.00000E-02 5.00000E-02
 -1       171 0.00000E+00-5.00000E-02 5.00000E-02
 -1       172-2.00000E-01-5.00000E-02 5.00000E-02
 -1       173-4.00000E-01-5.00000E-02 5.00000E-02
 -1       174-6.00000E-01-5.00000E-02 5.00000E-02
 -1       175-8.00000E-01-5.00000E-02 5.00000E-02
 -1       176-1.00000E+00-6.93889E-17 2.08167E-17
 -1       177-8.00000E-01 1.00000E-01 0.00000E+00
 -1       178-6.00000E-01 1.00000E-01 0.00000E+00
 -1       179-4.00000E-01 1.00000E-01 0.00000E+00
 -1       180-2.00000E-01 1.00000E-01 0.00000E+00
 -1       181 0.00000E+00 1.00000E-01 0.00000E+00
 -1       182 2.00000E-01 1.00000E-01 0.00000E+00
 -1       183 4.00000E-01 1.00000E-01 0.00000E+00
 -1       184 6.00000E-01 1.00000E-01 0.00000E+00
 -1       185 8.00000E-01 1.00000E-01 0.00000E+00
 -1       186-8.00000E-01-1.00000E-01 0.00000E+00
 -1       187-6.00000E-01-1.00000E-01 0.00000E+00
 -1       188-4.00000E-01-1.00000E-01 0.00000E+00
 -1       189-2.00000E-01-1.00000E-01 0.00000E+00
 -1       190 0.00000E+00-1.00000E-01 0.00000E+00
 -1       191 2.00000E-01-1.00000E-01 0.00000E+00
 -1       192 4.00000E-01-1.00000E-01 0.00000E+00
 -1       193 6.00000E-01-1.00000E-01 0.00000E+00
 -1       194 8.00000E-01-1.00000E-01 0.00000E+00
 -1       195-8.00000E-01-6.93889E-17 2.08167E-17
 -1       196-6.00000E-01-6.93889E-17 2.08167E-17
 -1       197-4.00000E-01-7.63278E-17 2.08167E-17
 -1       198-2.00000E-01-6.24500E-17 2.08167E-17
 -1       199 0.00000E+00-6.93889E-17 2.08167E-17
 -1       200 2.00000E-01-6.24500E-17 2.08167E-17
 -1       201 4.00000E-01-7.63278E-17 2.08167E-17
 -1       202 6.00000E-01-6.93889E-17 2.08167E-17
 -1       203 8.00000E-01-6.93889E-17 2.08167E-17
 -3
    3C                            20                                     1
 -1         1    4    0    1
 -2         1         9       101        34         8        77       147        88        10       111
 -2       110        43       100       176       195       177        78       166       164        98
 -1         2    4    0    1
 -2        34       101       102        35        88       147       146        87       110       113
 -2       112        44       177       195       196       178       164       165       162        97
 -1         3    4    0    1
 -2        35       102       103        36        87       146       145        86       112       115
 -2       114        45       178       196       197       179       162       163       160        96
 -1         4    4    0    1
 -2        36       103       104        37        86       145       144        85       114       117
 -2       116        46       179       197       198       180       160       161       158        95
 -1         5    4    0    1
 -2        37       104       105        38        85       144       143        84       116       119
 -2       118        47       180       198       199       181       158       159       156        94
 -1         6    4    0    1
 -2        38       105       106        39        84       143       142        83       118       121
 -2       120        48       181       199       200       182       156       157       154        93
 -1         7    4    0    1
 -2        39       106       107        40        83       142       141        82       120       123
 -2       122        49       182       200       201       183       154       155       152        92
 -1         8    4    0    1
 -2        40       107       108        41        82       141       140        81       122       125
 -2       124        50       183       201       202       184       152       153       150        91
 -1         9    4    0    1
 -2        41       108       109        42        81       140       139        80       124       127
 -2       126        51       184       202       203       185       150       151       148        90
 -1        10    4    0    1
 -2        42       109        31         4        80       139        54         6       126       128
 -2        32        52       185       203       138        57       148       149        55        89
 -1        11    4    0    1
 -2         9         2        12       101        77         7        66       147        11        21
 -2       129       111       176        99       186       195        79        76       175       166
 -1        12    4    0    1
 -2       101        12        13       102       147        66        65       146       129        22
 -2       130       113       195       186       187       196       175        75       174       165
 -1        13    4    0    1
 -2       102        13        14       103       146        65        64       145       130        23
 -2       131       115       196       187       188       197       174        74       173       163
 -1        14    4    0    1
 -2       103        14        15       104       145        64        63       144       131        24
 -2       132       117       197       188       189       198       173        73       172       161
 -1        15    4    0    1
 -2       104        15        16       105       144        63        62       143       132        25
 -2       133       119       198       189       190       199       172        72       171       159
 -1        16    4    0    1
 -2       105        16        17       106       143        62        61       142       133        26
 -2       134       121       199       190       191       200       171        71       170       157
 -1        17    4    0    1
 -2       106        17        18       107       142        61        60       141       134        27
 -2       135       123       200       191       192       201       170        70       169       155
 -1        18    4    0    1
 -2       107        18        19       108       141        60        59       140       135        28
 -2       136       125       201       192       193       202       169        69       168       153
 -1        19    4    0    1
 -2       108        19        20       109       140        59        58       139       136        29
 -2       137       127       202       193       194       203       168        68       167       151
 -1        20    4    0    1
 -2       109        20         3        31       139        58         5        54       137        30
 -2        33       128       203       194        53       138       167        67        56       149
 -3
    1PSTEP                         1           1           1          
  100CL  101 1.000000000         203                     0    1           1
 -4  DISP        4    1
 -5  D1          1    2    1    0
 -5  D2          1    2    2    0
 -5  D3          1    2    3    0
 -5  ALL         1    2    0    0    1ALL
 -1         1 0.00000E+00 0.00000E+00 0.00000E+00
 -1         2 0.00000E+00 0.00000E+00 0.00000E+00
 -1         3-1.41916E-05-1.89768E-04 6.14379E-10
 -1         4 1.41916E-05-1.89768E-04-6.08633E-10
 -1         5-1.41916E-05-1.89768E-04-6.21166E-10
 -1         6 1.41916E-05-1.89768E-04 6.24609E-10
 -1         7 0.00000E+00 0.00000E+00 0.00000E+00
 -1         8 0.00000E+00 0.00000E+00 0.00000E+00
 -1         9 0.00000E+00 0.00000E+00 0.00000E+00
 -1        10 0.00000E+00 0.00000E+00 0.00000E+00
 -1        11 0.00000E+00 0.00000E+00 0.00000E+00
 -1        12-2.62213E-06-2.77703E-06-1.60373E-07
 -1        13-5.04847E-06-1.06096E-05-1.57945E-07
 -1        14-7.18780E-06-2.30053E-05-1.39795E-07
 -1        15-9.04578E-06-3.93987E-05-1.19986E-07
 -1        16-1.06169E-05-5.92212E-05-9.99924E-08
 -1        17-1.19027E-05-8.19006E-05-7.99920E-08
 -1        18-1.29027E-05-1.06866E-04-5.99814E-08
 -1        19-1.36171E-05-1.33545E-04-3.99943E-08
 -1        20-1.40455E-05-1.61368E-04-1.97391E-08
 -1        21-1.27514E-06-7.92648E-07-2.04576E-07
 -1        22-3.86658E-06-6.09285E-06-1.71737E-07
 -1        23-6.15032E-06-1.62733E-05-1.50055E-07
 -1        24-8.15063E-06-3.07375E-05-1.30036E-07
 -1        25-9.86493E-06-4.89172E-05-1.09990E-07
 -1        26-1.12935E-05-7.02394E-05-9.00010E-08
 -1        27-1.24363E-05-9.41332E-05-6.99834E-08
 -1        28-1.32935E-05-1.20027E-04-5.00092E-08
 -1        29-1.38648E-05-1.47349E-04-2.99482E-08
 -1        30-1.41509E-05-1.75528E-04-1.05082E-08
 -1        31-1.42247E-11-1.89757E-04 3.93855E-12
 -1        32 7.08373E-06-1.89763E-04-1.08349E-09
 -1        33-7.08376E-06-1.89763E-04 1.09251E-09
 -1        34 2.62214E-06-2.77703E-06 1.60341E-07
 -1        35 5.04847E-06-1.06096E-05 1.57967E-07
 -1        36 7.18778E-06-2.30053E-05 1.39772E-07
 -1        37 9.04577E-06-3.93987E-05 1.19998E-07
 -1        38 1.06169E-05-5.92212E-05 9.99999E-08
 -1        39 1.19027E-05-8.19006E-05 7.99955E-08
 -1        40 1.29027E-05-1.06866E-04 6.00122E-08
 -1        41 1.36170E-05-1.33545E-04 3.99852E-08
 -1        42 1.40455E-05-1.61368E-04 1.97679E-08
 -1        43 1.27514E-06-7.92653E-07 2.04554E-07
 -1        44 3.86660E-06-6.09285E-06 1.71736E-07
 -1        45 6.15031E-06-1.62733E-05 1.50059E-07
 -1        46 8.15062E-06-3.07375E-05 1.30023E-07
 -1        47 9.86492E-06-4.89172E-05 1.10006E-07
 -1        48 1.12935E-05-7.02394E-05 9.00001E-08
 -1        49 1.24364E-05-9.41332E-05 7.00044E-08
 -1        50 1.32935E-05-1.20027E-04 5.00149E-08
 -1        51 1.38648E-05-1.47349E-04 2.99542E-08
 -1        52 1.41509E-05-1.75528E-04 1.05380E-08
 -1        53-1.41944E-05-1.89769E-04-3.18216E-12
 -1        54-1.07907E-12-1.89757E-04 2.43057E-12
 -1        55 7.08374E-06-1.89763E-04 1.09628E-09
 -1        56-7.08375E-06-1.89763E-04-1.09019E-09
 -1        57 1.41944E-05-1.89769E-04 8.12560E-12
 -1        58-1.40455E-05-1.61368E-04 1.97790E-08
 -1        59-1.36171E-05-1.33545E-04 3.99772E-08
 -1        60-1.29027E-05-1.06866E-04 6.00123E-08
 -1        61-1.19027E-05-8.19006E-05 8.00055E-08
 -1        62-1.06169E-05-5.92212E-05 9.99866E-08
 -1        63-9.04579E-06-3.93987E-05 1.20010E-07
 -1        64-7.18778E-06-2.30053E-05 1.39772E-07
 -1        65-5.04847E-06-1.06096E-05 1.57969E-07
 -1        66-2.62214E-06-2.77703E-06 1.60347E-07
 -1        67-1.41509E-05-1.75528E-04 1.05368E-08
 -1        68-1.38648E-05-1.47349E-04 2.99650E-08
 -1        69-1.32935E-05-1.20027E-04 5.00193E-08
 -1        70-1.24363E-05-9.41332E-05 7.00134E-08
 -1        71-1.12935E-05-7.02394E-05 8.99940E-08
 -1        72-9.86493E-06-4.89172E-05 1.10012E-07
 -1        73-8.15063E-06-3.07375E-05 1.30023E-07
 -1        74-6.15031E-06-1.62733E-05 1.50058E-07
 -1        75-3.86660E-06-6.09284E-06 1.71742E-07
 -1        76-1.27514E-06-7.92651E-07 2.04554E-07
 -1        77 0.00000E+00 0.00000E+00 0.00000E+00
 -1        78 0.00000E+00 0.00000E+00 0.00000E+00
 -1        79 0.00000E+00 0.00000E+00 0.00000E+00
 -1        80 1.40455E-05-1.61368E-04-1.97505E-08
 -1        81 1.36170E-05-1.33545E-04-3.99880E-08
 -1        82 1.29027E-05-1.06866E-04-5.99815E-08
 -1        83 1.19027E-05-8.19006E-05-8.00079E-08
 -1        84 1.06169E-05-5.92212E-05-9.99808E-08
 -1        85 9.04576E-06-3.93987E-05-1.19990E-07
 -1        86 7.18779E-06-2.30053E-05-1.39791E-07
 -1        87 5.04847E-06-1.06096E-05-1.57941E-07
 -1        88 2.62214E-06-2.77703E-06-1.60379E-07
 -1        89 1.41509E-05-1.75528E-04-1.05112E-08
 -1        90 1.38648E-05-1.47349E-04-2.99543E-08
 -1        91 1.32935E-05-1.20027E-04-5.00058E-08
 -1        92 1.24363E-05-9.41332E-05-6.99948E-08
 -1        93 1.12935E-05-7.02394E-05-9.00029E-08
 -1        94 9.86492E-06-4.89172E-05-1.09993E-07
 -1        95 8.15061E-06-3.07375E-05-1.30035E-07
 -1        96 6.15032E-06-1.62733E-05-1.50049E-07
 -1        97 3.86659E-06-6.09285E-06-1.71742E-07
 -1        98 1.27515E-06-7.92650E-07-2.04575E-07
 -1        99 0.00000E+00 0.00000E+00 0.00000E+00
 -1       100 0.00000E+00 0.00000E+00 0.00000E+00
 -1       101 8.78950E-12-2.61566E-06-1.45735E-11
 -1       102 4.64552E-12-1.04520E-05 1.00361E-11
 -1       103-8.57115E-12-2.28653E-05-8.43721E-12
 -1       104-1.84720E-12-3.92788E-05 6.76986E-12
 -1       105 1.53561E-13-5.91212E-05 5.36444E-12
 -1       106 9.09018E-12-8.18206E-05 1.35346E-12
 -1       107 4.42355E-12-1.06806E-04 9.39863E-12
 -1       108-5.52204E-12-1.33505E-04-4.94169E-12
 -1       109-3.26571E-12-1.61347E-04 1.45445E-11
 -1       110 1.29842E-06-2.63800E-06 8.00719E-08
 -1       111 2.00308E-12-5.92844E-07-6.56295E-12
 -1       112 2.51365E-06-1.04944E-05 7.90813E-08
 -1       113 1.01078E-11-5.92016E-06-3.49320E-12
 -1       114 3.58395E-06-2.28993E-05 6.98882E-08
 -1       115-2.68066E-12-1.61232E-05 5.68373E-12
 -1       116 4.51261E-06-3.93090E-05 5.99917E-08
 -1       117-6.96863E-12-3.06075E-05-8.17945E-12
 -1       118 5.29831E-06-5.91461E-05 5.00093E-08
 -1       119-4.47598E-12-4.88072E-05 1.16837E-11
 -1       120 5.94117E-06-8.18406E-05 3.99949E-08
 -1       121 5.02183E-12-7.01494E-05-1.89474E-12
 -1       122 6.44118E-06-1.06821E-04 3.00132E-08
 -1       123 1.09317E-11-9.40632E-05 6.47156E-12
 -1       124 6.79826E-06-1.33515E-04 1.99737E-08
 -1       125-3.79686E-12-1.19977E-04 4.71933E-12
 -1       126 7.01284E-06-1.61352E-04 9.99746E-09
 -1       127-2.57226E-12-1.47319E-04 2.78942E-12
 -1       128-1.00341E-11-1.75519E-04 1.15873E-11
 -1       129-1.29840E-06-2.63800E-06-8.01007E-08
 -1       130-2.51364E-06-1.04944E-05-7.90631E-08
 -1       131-3.58396E-06-2.28993E-05-6.99035E-08
 -1       132-4.51261E-06-3.93090E-05-5.99794E-08
 -1       133-5.29831E-06-5.91461E-05-4.99967E-08
 -1       134-5.94115E-06-8.18406E-05-3.99950E-08
 -1       135-6.44117E-06-1.06821E-04-2.99878E-08
 -1       136-6.79827E-06-1.33515E-04-1.99827E-08
 -1       137-7.01285E-06-1.61352E-04-9.97216E-09
 -1       138-7.51952E-12-1.89757E-04 3.41845E-12
 -1       139-1.14044E-11-1.61347E-04 1.30441E-11
 -1       140 5.36408E-13-1.33505E-04-5.33704E-12
 -1       141 6.51999E-12-1.06806E-04 1.27978E-11
 -1       142 4.70231E-12-8.18206E-05-4.39912E-13
 -1       143 5.74455E-12-5.91212E-05 5.69607E-12
 -1       144-1.97107E-11-3.92788E-05 5.36667E-12
 -1       145 5.77304E-12-2.28653E-05-7.92031E-12
 -1       146 1.47374E-12-1.04520E-05 1.02293E-11
 -1       147 1.74478E-12-2.61566E-06-1.35868E-11
 -1       148 7.01283E-06-1.61352E-04-9.97779E-09
 -1       149-7.05264E-12-1.75519E-04 1.46199E-11
 -1       150 6.79826E-06-1.33515E-04-1.99797E-08
 -1       151-7.53920E-12-1.47319E-04 1.85656E-12
 -1       152 6.44119E-06-1.06821E-04-2.99888E-08
 -1       153 7.19499E-12-1.19977E-04 3.57789E-12
 -1       154 5.94117E-06-8.18406E-05-3.99999E-08
 -1       155 5.47914E-12-9.40632E-05 7.01198E-12
 -1       156 5.29831E-06-5.91461E-05-4.99955E-08
 -1       157 5.77588E-12-7.01494E-05-1.72603E-12
 -1       158 4.51259E-06-3.93090E-05-5.99826E-08
 -1       159-6.50469E-12-4.88072E-05 1.30275E-11
 -1       160 3.58396E-06-2.28993E-05-6.99021E-08
 -1       161-7.25703E-12-3.06075E-05-7.78227E-12
 -1       162 2.51365E-06-1.04944E-05-7.90609E-08
 -1       163 5.36300E-12-1.61232E-05 6.45253E-12
 -1       164 1.29842E-06-2.63800E-06-8.01031E-08
 -1       165-1.13252E-12-5.92016E-06-1.40514E-12
 -1       166 6.63832E-12-5.92838E-07-1.09113E-11
 -1       167-7.01286E-06-1.61352E-04 1.00024E-08
 -1       168-6.79826E-06-1.33515E-04 1.99703E-08
 -1       169-6.44117E-06-1.06821E-04 3.00136E-08
 -1       170-5.94116E-06-8.18406E-05 4.00007E-08
 -1       171-5.29830E-06-5.91461E-05 5.00044E-08
 -1       172-4.51262E-06-3.93090E-05 5.99951E-08
 -1       173-3.58395E-06-2.28993E-05 6.98866E-08
 -1       174-2.51365E-06-1.04944E-05 7.90819E-08
 -1       175-1.29841E-06-2.63800E-06 8.00764E-08
 -1       176 0.00000E+00 0.00000E+00 0.00000E+00
 -1       177 2.62148E-06-2.83449E-06-1.88784E-11
 -1       178 5.05082E-06-1.06464E-05 1.30746E-11
 -1       179 7.19004E-06-2.30411E-05-1.02730E-11
 -1       180 9.04801E-06-3.94285E-05 3.34052E-12
 -1       181 1.06192E-05-5.92462E-05 9.74075E-12
 -1       182 1.19050E-05-8.19206E-05-4.84807E-12
 -1       183 1.29049E-05-1.06881E-04 1.54889E-11
 -1       184 1.36193E-05-1.33555E-04-1.41553E-12
 -1       185 1.40476E-05-1.61373E-04 8.31004E-12
 -1       186-2.62147E-06-2.83449E-06-1.29469E-11
 -1       187-5.05081E-06-1.06464E-05 1.34580E-11
 -1       188-7.19004E-06-2.30411E-05-1.21157E-11
 -1       189-9.04803E-06-3.94285E-05 1.24106E-11
 -1       190-1.06192E-05-5.92462E-05-1.81873E-12
 -1       191-1.19050E-05-8.19206E-05 5.23954E-12
 -1       192-1.29049E-05-1.06881E-04 1.53974E-11
 -1       193-1.36193E-05-1.33555E-04-9.35207E-12
 -1       194-1.40476E-05-1.61373E-04 1.88447E-11
 -1       195 5.53392E-12-2.67296E-06-1.45694E-11
 -1       196 7.04306E-13-1.04888E-05 1.05271E-11
 -1       197-1.44080E-12-2.29011E-05-8.20390E-12
 -1       198-8.34776E-12-3.93086E-05 6.42673E-12
 -1       199 2.18162E-12-5.91462E-05 5.54196E-12
 -1       200 5.60813E-12-8.18406E-05-1.24272E-13
 -1       201 4.74319E-12-1.06821E-04 1.14094E-11
 -1       202-2.22972E-12-1.33515E-04-5.85786E-12
 -1       203-6.02125E-12-1.61352E-04 1.49702E-11
 -3
    1PSTEP                         2           1           1          
  100CL  101 1.000000000         203                     0    1           1
 -4  STRESS      6    1
 -5  SXX         1    4    1    1
 -5  SYY         1    4    2    2
 -5  SZZ         1    4    3    3
 -5  SXY         1    4    1    2
 -5  SYZ         1    4    2    3
 -5  SZX         1    4    3    1
 -1         1 3.32682E+06 1.29378E+06 1.29378E+06-1.61428E+05 4.21230E-01 2.69833E+05
 -1         2-3.32684E+06-1.29379E+06-1.29379E+06-1.61422E+05 4.21223E-01-2.69856E+05
 -1         3-1.08003E+04 2.30670E+04 8.40812E+02-3.38377E+04-1.17108E+02 8.16940E+02
 -1         4 1.07816E+04-2.30782E+04-8.51109E+02-3.38460E+04-1.36167E+02-8.36654E+02
 -1         5-1.08079E+04 2.30822E+04 8.39398E+02-3.38551E+04 1.21529E+02-8.36314E+02
 -1         6 1.08038E+04-2.30648E+04-8.43429E+02-3.38469E+04 1.22552E+02 8.36251E+02
 -1         7-3.32681E+06-1.29378E+06-1.29378E+06-1.61426E+05-4.21370E-01 2.69830E+05
 -1         8 3.32685E+06 1.29379E+06 1.29379E+06-1.61425E+05-4.21353E-01-2.69852E+05
 -1         9-1.04355E+00-4.05718E-01-4.05735E-01 1.00196E+05 4.20932E-01-4.78975E+00
 -1        10 1.64651E+06 6.40288E+05 6.40288E+05-6.69096E+03 4.21197E-01 1.34877E+05
 -1        11-1.64653E+06-6.40295E+05-6.40295E+05-6.68814E+03 4.21227E-01-1.34892E+05
 -1        12-2.82177E+06 6.71815E+03-1.14716E+05 2.04849E+04-5.67092E+04 6.14903E+04
 -1        13-2.42018E+06-4.84654E+04-2.78035E+04-2.66936E+04 8.65502E+03 5.87006E+03
 -1        14-2.09915E+06 8.53693E+03 1.70376E+03-3.23372E+04-2.79904E+03 1.25408E+03
 -1        15-1.80076E+06-2.70637E+03-9.87626E+02-3.18106E+04 6.64902E+02 9.08891E+02
 -1        16-1.49977E+06 6.68474E+02 2.07730E+02-3.22410E+04-1.73649E+02 7.51675E+02
 -1        17-1.20003E+06-1.71832E+02-7.91080E+01-3.20959E+04 4.11315E+01 7.92562E+02
 -1        18-9.00015E+05 2.35488E+01-1.59490E+01-3.21681E+04-2.58305E+01 7.85651E+02
 -1        19-5.99569E+05 5.58736E+02 2.07482E+02-3.17378E+04 2.99925E+01 6.79227E+02
 -1        20-2.98440E+05 2.45906E+03 1.02635E+02-3.09039E+04-3.14833E+02 5.43473E+02
 -1        21-2.76227E+06-9.19949E+04 5.99973E+04-7.22345E+04 7.36832E+04-6.46913E+04
 -1        22-2.52021E+06 6.45154E+04 3.37332E+04-2.64282E+03-1.37076E+04-1.77629E+03
 -1        23-2.25063E+06-1.19900E+04-3.27582E+03-5.28950E+03 3.90028E+03-8.89181E+01
 -1        24-1.94965E+06 3.39713E+03 1.18922E+03-4.64805E+03-9.54920E+02 7.41758E+02
 -1        25-1.65001E+06-7.94838E+02-2.02035E+02-4.47346E+03 2.54552E+02 7.95465E+02
 -1        26-1.35005E+06 1.96362E+02 3.99016E+01-4.56331E+03-6.40092E+01 7.70238E+02
 -1        27-1.05002E+06-3.78344E+01-2.06132E+01-4.54274E+03 8.80034E+00 7.92914E+02
 -1        28-7.50131E+05-2.69086E+01 1.77740E+01-4.46854E+03 2.70031E+01 7.43970E+02
 -1        29-4.50010E+05-2.57500E+02-2.61724E+02-5.06494E+03-6.83034E+01 1.00062E+03
 -1        30-1.54353E+05-3.25484E+03 6.16299E+01-4.43179E+03 5.68780E+02 2.74193E+02
 -1        31-5.00084E+00 5.08107E+00-1.17959E+00-1.04687E+05-2.09354E+03 3.01917E+00
 -1        32-9.48731E+02-2.40695E+04-2.42696E+03-7.11606E+04-1.11484E+03-7.82650E+02
 -1        33 9.37080E+02 2.40699E+04 2.42106E+03-7.11628E+04-1.10566E+03 7.76185E+02
 -1        34 2.82181E+06-6.71985E+03 1.14725E+05 2.04978E+04-5.67052E+04-6.14824E+04
 -1        35 2.42014E+06 4.84666E+04 2.78182E+04-2.67033E+04 8.65743E+03-5.86929E+03
 -1        36 2.09916E+06-8.53596E+03-1.69984E+03-3.23440E+04-2.79292E+03-1.25850E+03
 -1        37 1.80077E+06 2.73209E+03 1.01109E+03-3.18193E+04 6.70145E+02-8.92370E+02
 -1        38 1.49981E+06-6.51760E+02-1.87195E+02-3.22310E+04-1.94363E+02-7.66029E+02
 -1        39 1.20005E+06 1.59555E+02 6.82192E+01-3.21026E+04 5.23812E+01-7.81562E+02
 -1        40 8.99965E+05-3.24685E+01 4.72308E-02-3.21609E+04-3.07785E+01-7.97847E+02
 -1        41 5.99565E+05-5.79928E+02-2.25347E+02-3.17427E+04 3.29336E+01-6.72438E+02
 -1        42 2.98426E+05-2.43689E+03-1.13312E+02-3.09005E+04-2.96151E+02-5.44361E+02
 -1        43 2.76228E+06 9.19882E+04-5.99951E+04-7.22368E+04 7.36803E+04 6.46884E+04
 -1        44 2.52021E+06-6.45155E+04-3.37277E+04-2.63195E+03-1.37000E+04 1.78332E+03
 -1        45 2.25060E+06 1.19732E+04 3.27722E+03-5.30361E+03 3.90829E+03 8.19301E+01
 -1        46 1.94966E+06-3.38885E+03-1.18479E+03-4.64794E+03-9.47894E+02-7.32393E+02
 -1        47 1.65002E+06 8.03220E+02 2.19802E+02-4.47174E+03 2.44446E+02-7.96925E+02
 -1        48 1.35006E+06-2.07019E+02-4.99086E+01-4.56541E+03-5.81071E+01-7.70672E+02
 -1        49 1.05000E+06 2.69497E+01 7.00125E+00-4.54079E+03 1.77029E+01-7.89868E+02
 -1        50 7.50108E+05 1.44985E+01-1.43650E+01-4.47052E+03 2.07607E+01-7.47678E+02
 -1        51 4.50031E+05 2.88222E+02 2.76211E+02-5.06972E+03-6.61696E+01-9.98619E+02
 -1        52 1.54328E+05 3.26477E+03-7.96852E+01-4.42895E+03 5.67302E+02-2.81120E+02
 -1        53-1.06319E+04 2.53382E+04 1.52397E+03-2.98303E+04 2.22870E+00-9.14940E+00
 -1        54 1.24404E+01-3.75464E+00-2.69943E+00-1.04696E+05 2.09216E+03-5.29558E+00
 -1        55-9.35811E+02-2.40751E+04-2.42803E+03-7.11704E+04 1.10729E+03 7.79402E+02
 -1        56 9.47199E+02 2.40803E+04 2.42305E+03-7.11706E+04 1.10659E+03-7.84870E+02
 -1        57 1.06174E+04-2.53428E+04-1.53416E+03-2.98337E+04-6.88692E+00 1.37693E-02
 -1        58-2.98398E+05 2.44541E+03 1.28892E+02-3.09178E+04 2.94123E+02-5.40596E+02
 -1        59-5.99607E+05 5.63899E+02 2.11743E+02-3.17280E+04-3.37560E+01-6.74003E+02
 -1        60-8.99970E+05 5.06942E+01 5.47284E+00-3.21792E+04 2.51037E+01-7.85099E+02
 -1        61-1.20003E+06-1.69234E+02-5.47273E+01-3.21099E+04-4.33270E+01-7.75415E+02
 -1        62-1.49978E+06 6.74937E+02 1.88913E+02-3.22367E+04 1.83915E+02-7.60294E+02
 -1        63-1.80075E+06-2.72586E+03-9.95036E+02-3.18089E+04-6.71889E+02-8.97822E+02
 -1        64-2.09920E+06 8.50924E+03 1.69007E+03-3.23550E+04 2.81276E+03-1.24484E+03
 -1        65-2.42016E+06-4.84875E+04-2.78221E+04-2.66938E+04-8.66084E+03-5.88387E+03
 -1        66-2.82180E+06 6.71548E+03-1.14723E+05 2.04885E+04 5.67120E+04-6.14858E+04
 -1        67-1.54342E+05-3.27416E+03 6.69317E+01-4.44627E+03-5.65367E+02-2.75359E+02
 -1        68-4.50021E+05-2.88611E+02-2.57720E+02-5.05954E+03 6.61866E+01-9.93412E+02
 -1        69-7.50139E+05-3.55587E+01 2.05589E+01-4.47666E+03-1.93005E+01-7.44285E+02
 -1        70-1.05000E+06-4.53222E+01-6.02474E+00-4.55812E+03-9.15520E+00-7.92953E+02
 -1        71-1.35006E+06 2.05850E+02 4.37708E+01-4.56130E+03 6.77770E+01-7.58253E+02
 -1        72-1.65000E+06-8.05549E+02-2.13288E+02-4.47784E+03-2.45757E+02-8.01553E+02
 -1        73-1.94968E+06 3.37674E+03 1.17423E+03-4.64922E+03 9.54724E+02-7.28830E+02
 -1        74-2.25061E+06-1.19812E+04-3.27351E+03-5.30339E+03-3.89785E+03 8.68259E+01
 -1        75-2.52022E+06 6.44992E+04 3.37183E+04-2.63789E+03 1.37059E+04 1.77540E+03
 -1        76-2.76227E+06-9.19735E+04 6.00049E+04-7.22362E+04-7.36798E+04 6.46875E+04
 -1        77 3.33012E+01 1.29505E+01 1.29505E+01 1.00205E+05-4.21025E-01-1.23285E+01
 -1        78 1.64655E+06 6.40304E+05 6.40304E+05-6.68495E+03-4.21058E-01-1.34894E+05
 -1        79-1.64650E+06-6.40283E+05-6.40282E+05-6.68541E+03-4.21063E-01 1.34872E+05
 -1        80 2.98430E+05-2.45311E+03-1.10381E+02-3.09076E+04 3.10763E+02 5.47444E+02
 -1        81 5.99549E+05-5.76491E+02-2.28187E+02-3.17417E+04-3.08088E+01 6.72739E+02
 -1        82 8.99983E+05-3.12029E+01 3.43031E+00-3.21858E+04 2.27049E+01 7.94886E+02
 -1        83 1.20003E+06 1.63025E+02 4.08485E+01-3.21028E+04-6.74858E+01 7.83063E+02
 -1        84 1.49981E+06-6.67730E+02-1.92178E+02-3.22286E+04 1.92413E+02 7.59577E+02
 -1        85 1.80077E+06 2.71676E+03 1.01557E+03-3.18095E+04-6.59245E+02 8.85190E+02
 -1        86 2.09916E+06-8.49123E+03-1.68091E+03-3.23488E+04 2.78578E+03 1.26215E+03
 -1        87 2.42018E+06 4.84886E+04 2.78289E+04-2.66970E+04-8.65775E+03 5.87981E+03
 -1        88 2.82178E+06-6.71956E+03 1.14713E+05 2.04862E+04 5.67037E+04 6.14844E+04
 -1        89 1.54350E+05 3.26356E+03-7.16966E+01-4.43579E+03-5.67666E+02 2.82899E+02
 -1        90 4.50012E+05 2.74315E+02 2.70818E+02-5.06291E+03 7.19456E+01 1.00075E+03
 -1        91 7.50127E+05 5.28629E+01 9.26525E-01-4.47786E+03-1.27559E+01 7.44280E+02
 -1        92 1.05001E+06 6.72443E+01 1.01563E+01-4.55635E+03-1.58188E+01 8.01806E+02
 -1        93 1.35006E+06-1.99756E+02-6.30549E+01-4.55812E+03 6.55803E+01 7.62346E+02
 -1        94 1.65004E+06 8.05565E+02 2.28742E+02-4.48004E+03-2.40418E+02 7.90436E+02
 -1        95 1.94963E+06-3.40737E+03-1.19060E+03-4.64987E+03 9.44086E+02 7.36594E+02
 -1        96 2.25063E+06 1.20101E+04 3.29511E+03-5.29511E+03-3.90654E+03-8.62175E+01
 -1        97 2.52021E+06-6.45025E+04-3.37258E+04-2.64400E+03 1.37036E+04-1.77354E+03
 -1        98 2.76228E+06 9.19801E+04-6.00005E+04-7.22402E+04-7.36806E+04-6.46950E+04
 -1        99-3.32607E+06-1.29345E+06-1.29345E+06-1.84998E+05 6.58869E-05-1.30585E+01
 -1       100 3.32608E+06 1.29345E+06 1.29345E+06-1.85000E+05 6.45211E-05-9.87881E+00
 -1       101 1.36367E+01-4.02598E+00 6.53320E-01-1.17142E+05-5.68026E+04-4.44352E+00
 -1       102-1.52004E+01 7.50917E+00 1.56543E+00-1.10347E+05 9.15786E+03-4.06076E+00
 -1       103-9.72527E+00-1.00776E+01-4.67055E+00-1.06303E+05-2.87075E+03 9.27392E-01
 -1       104-2.88330E-01-2.61646E+00-7.48924E-01-1.07480E+05 6.66387E+02 6.78735E+00
 -1       105 1.55255E+01-3.27020E-01 5.05039E+00-1.07034E+05-1.75039E+02-7.95955E+00
 -1       106 1.40399E+01 1.44845E+01-6.60027E-01-1.07182E+05 4.11291E+01-1.79041E+00
 -1       107-1.89263E+01 8.60918E+00 6.86299E+00-1.07100E+05-1.02636E+01-8.17355E-01
 -1       108 7.13020E+00 5.25877E+00-3.39682E+00-1.07502E+05-3.29463E+01 3.19462E+00
 -1       109-2.14157E+01-2.93503E+01-7.48783E+00-1.07528E+05 1.14100E+01 3.03050E+00
 -1       110 1.44167E+06 9.07092E+04 9.26811E+04-4.08569E+04-5.67530E+04-3.07209E+04
 -1       111 3.46024E+00-8.11398E+00-1.24896E+01-4.75822E+04 7.36391E+04-1.73753E+00
 -1       112 1.20559E+06 8.86265E+03 7.93604E+03-7.31246E+04 8.90378E+03-2.91682E+03
 -1       113-1.66109E+00 4.75500E+00 4.85307E+00-8.04651E+04-1.35010E+04-2.55319E+00
 -1       114 1.05182E+06 8.64833E+02 1.17452E+03-7.06962E+04-2.83132E+03-6.51061E+02
 -1       115-1.78996E+01-9.77919E+00-4.58444E+00-7.98750E+04 4.12142E+03-4.91143E+00
 -1       116 8.99857E+05 1.17892E+02 3.35539E+01-7.18854E+04 6.70013E+02-4.42090E+02
 -1       117 7.19616E+00-2.93935E+00 3.42598E+00-7.92193E+04-9.83521E+02 9.92115E+00
 -1       118 7.50128E+05-7.81023E-01 1.56705E+01-7.16440E+04-1.81395E+02-3.87049E+02
 -1       119 1.74297E-01-8.83386E+00 1.95197E+00-7.96482E+04 2.49698E+02 4.88914E-01
 -1       120 6.00039E+05 1.49736E+01 2.09358E+01-7.17065E+04 4.17671E+01-3.92504E+02
 -1       121 1.05189E+01 2.45758E+00 1.59633E+00-7.95048E+04-6.10413E+01-4.39906E+00
 -1       122 4.49951E+05-3.50122E+01-3.21244E+01-7.16832E+04-1.98736E+01-3.95975E+02
 -1       123-3.61404E-01 1.27419E+01 3.46775E+00-7.95235E+04 1.02523E+01-4.48161E+00
 -1       124 2.99975E+05-2.94925E+02 9.65885E-01-7.16885E+04 2.09509E-01-3.15145E+02
 -1       125-1.24163E+01 4.20247E-01-7.46685E+00-7.96280E+04-8.23802E+00 2.37130E+00
 -1       126 1.47035E+05-3.84128E+03-1.85265E+03-7.12055E+04-1.42667E+02-4.26574E+02
 -1       127 2.21232E+00-8.91451E-01 3.31919E-01-7.89853E+04 5.56263E+01 6.50524E+00
 -1       128-9.89557E+00-2.94037E+00 8.69548E+00-8.06576E+04-2.59582E+02 4.68188E-01
 -1       129-1.44164E+06-9.07124E+04-9.26716E+04-4.08578E+04-5.67564E+04 3.07228E+04
 -1       130-1.20563E+06-8.85362E+03-7.92712E+03-7.31194E+04 8.90746E+03 2.91438E+03
 -1       131-1.05182E+06-8.76994E+02-1.18381E+03-7.06969E+04-2.83830E+03 6.44012E+02
 -1       132-8.99860E+05-1.11648E+02-3.03092E+01-7.18794E+04 6.65178E+02 4.58957E+02
 -1       133-7.50098E+05 6.24189E+00-8.42156E+00-7.16428E+04-1.76756E+02 3.72524E+02
 -1       134-6.00008E+05-6.95801E-01-1.18763E+01-7.17108E+04 4.43283E+01 3.90569E+02
 -1       135-4.50000E+05 3.47221E+01 2.00695E+01-7.16812E+04-1.91006E+01 3.94205E+02
 -1       136-2.99967E+05 2.91260E+02-1.01044E+01-7.16898E+04-1.56352E+00 3.19776E+02
 -1       137-1.47063E+05 3.82373E+03 1.84213E+03-7.12077E+04-1.52459E+02 4.28568E+02
 -1       138 6.56279E-01-3.75259E+00-4.03372E+00-1.00233E+05-7.20882E-01-1.52469E+00
 -1       139 6.11659E+00 2.06890E+01-5.52272E+00-1.07526E+05-1.37899E+01-2.11035E+00
 -1       140-2.13191E+01 1.18943E+00-4.31150E-01-1.07502E+05 3.12603E+01 2.64394E+00
 -1       141-4.81006E+00-3.20609E+01-5.79899E+00-1.07087E+05 8.40281E+00 2.29765E+00
 -1       142-8.34543E+00-1.94557E+01-6.66950E+00-1.07177E+05-4.25914E+01 6.33866E+00
 -1       143 1.93040E+01 1.29772E+01 9.63689E+00-1.07045E+05 1.67300E+02-3.80708E+00
 -1       144 7.42587E+00 1.92999E+01 1.52533E+00-1.07484E+05-6.66393E+02-8.35309E+00
 -1       145-2.17233E+01-1.39598E+01-8.69464E+00-1.06297E+05 2.86888E+03 1.22390E+00
 -1       146 9.10232E+00-6.48224E+00-2.17387E+00-1.10345E+05-9.15826E+03 1.04103E+01
 -1       147-1.81233E+01-3.74076E+00 6.00142E-02-1.17134E+05 5.67977E+04-9.54038E-01
 -1       148 1.47049E+05-3.82655E+03-1.85106E+03-7.12084E+04 1.49542E+02 4.30626E+02
 -1       149 1.49501E+01 7.84375E+00 6.82968E+00-8.06641E+04 2.57806E+02-4.28014E+00
 -1       150 2.99948E+05-2.97875E+02-9.85201E-01-7.16897E+04 9.99253E-01 3.14410E+02
 -1       151-1.32353E+01 3.98121E+00-6.47110E+00-7.89796E+04-6.06665E+01 8.77751E-01
 -1       152 4.49963E+05-6.22060E+01-4.00433E+01-7.16838E+04 1.15632E+01 4.07212E+02
 -1       153-1.28585E+01-1.49977E+01-8.48568E+00-7.96269E+04-9.42585E-01 2.34231E+00
 -1       154 6.00022E+05-3.51133E+00 4.44037E+00-7.17093E+04-5.58681E+01 3.95489E+02
 -1       155-4.42350E+00-1.84719E+01-4.14216E+00-7.95116E+04-2.30364E+01 4.26547E+00
 -1       156 7.50132E+05-6.54929E+00 1.36287E+01-7.16483E+04 1.79951E+02 3.75281E+02
 -1       157 3.32596E-01 1.76290E+00 3.33216E+00-7.95004E+04 6.10013E+01 1.47416E+00
 -1       158 8.99863E+05 1.31029E+02 4.06794E+01-7.18771E+04-6.60757E+02 4.37948E+02
 -1       159 3.84649E+01 2.33422E+01 1.85732E+01-7.96603E+04-2.57648E+02-4.25881E+00
 -1       160 1.05181E+06 8.83309E+02 1.18139E+03-7.07013E+04 2.82635E+03 6.52151E+02
 -1       161-3.50863E+01-1.51191E+01-1.46234E+01-7.92137E+04 9.89638E+02 1.29313E+00
 -1       162 1.20562E+06 8.85690E+03 7.93483E+03-7.31203E+04-8.91112E+03 2.92526E+03
 -1       163 4.32542E+00-1.52218E+00 8.48492E-01-7.98734E+04-4.11317E+03 3.08672E+00
 -1       164 1.44164E+06 9.07137E+04 9.26765E+04-4.08559E+04 5.67523E+04 3.07260E+04
 -1       165 6.11915E-01-1.36905E+00 4.57136E+00-8.04615E+04 1.34999E+04 3.97443E+00
 -1       166-7.75465E-01-1.57765E+00-7.73567E+00-4.75770E+04-7.36301E+04-2.20820E+00
 -1       167-1.47028E+05 3.84380E+03 1.85679E+03-7.12135E+04 1.38068E+02-4.30152E+02
 -1       168-3.00000E+05 2.92743E+02-6.17405E+00-7.16838E+04-1.89205E+00-3.13342E+02
 -1       169-4.49963E+05 3.67071E+01 2.89845E+01-7.16850E+04 2.03378E+01-3.95839E+02
 -1       170-6.00024E+05-1.20918E+01-1.86045E+00-7.17097E+04-4.39198E+01-3.91100E+02
 -1       171-7.50104E+05 1.82987E+01-1.59558E+01-7.16463E+04 1.76406E+02-3.77214E+02
 -1       172-8.99848E+05-1.17926E+02-3.42696E+01-7.18856E+04-6.69922E+02-4.50984E+02
 -1       173-1.05185E+06-8.90354E+02-1.19161E+03-7.06958E+04 2.83891E+03-6.48394E+02
 -1       174-1.20560E+06-8.86484E+03-7.93649E+03-7.31192E+04-8.90927E+03-2.91644E+03
 -1       175-1.44167E+06-9.07177E+04-9.26769E+04-4.08558E+04 5.67538E+04-3.07254E+04
 -1       176 1.64874E+01 6.41163E+00 6.41159E+00 7.66907E+04 8.62074E-05-8.76018E+00
 -1       177 2.82333E+06-6.51931E+03 1.15174E+05 1.24087E+04-2.14816E-01 1.05864E+00
 -1       178 2.42226E+06 4.93338E+04 2.86209E+04-2.03348E+04-1.56054E-01 5.14864E+00
 -1       179 2.09923E+06-8.44958E+03-1.68063E+03-2.90803E+04-3.89617E+00 1.62712E+00
 -1       180 1.80084E+06 2.67380E+03 9.96494E+02-2.77727E+04 4.68528E+00-3.46493E+00
 -1       181 1.49989E+06-6.37679E+02-1.79054E+02-2.83599E+04-8.27966E-01-2.82752E+00
 -1       182 1.20008E+06 1.55067E+02 4.99095E+01-2.81904E+04-5.95108E+00 7.36908E-01
 -1       183 9.00036E+05-2.32589E+01 1.01350E+01-2.82815E+04-4.19035E+00-1.77069E+00
 -1       184 5.99502E+05-6.41342E+02-2.67317E+02-2.77979E+04 1.61526E+00 4.59608E-02
 -1       185 2.98885E+05-2.00080E+03 1.36625E+02-2.72286E+04 6.02368E+00 1.57891E+00
 -1       186-2.82332E+06 6.51891E+03-1.15173E+05 1.24026E+04 1.14970E+00 2.46280E+00
 -1       187-2.42227E+06-4.93316E+04-2.86105E+04-2.03344E+04-3.56313E+00-6.93427E+00
 -1       188-2.09923E+06 8.47769E+03 1.69500E+03-2.90770E+04 7.11457E+00 4.43892E+00
 -1       189-1.80083E+06-2.66170E+03-9.72901E+02-2.77661E+04-3.45644E+00 5.82441E+00
 -1       190-1.49987E+06 6.40477E+02 1.83540E+02-2.83679E+04 4.26050E+00-4.68254E+00
 -1       191-1.20007E+06-1.57897E+02-5.96595E+01-2.81944E+04-3.38888E-01 8.33886E+00
 -1       192-9.00054E+05 3.05068E+01-1.29245E+01-2.82807E+04-5.29892E-02 4.20907E-01
 -1       193-5.99534E+05 6.22854E+02 2.49530E+02-2.77888E+04-1.81467E+00 2.40046E+00
 -1       194-2.98878E+05 2.00765E+03-1.33375E+02-2.72309E+04-8.48844E+00 1.64597E+00
 -1       195-3.39775E+00-3.40205E+00 1.68215E-01-1.25229E+05-2.31654E+00-2.61791E+00
 -1       196-2.77786E+00 1.66356E+00 9.39633E-02-1.04022E+05-5.24347E-01 3.26999E+00
 -1       197-9.07817E+00-1.93894E+00-1.99924E+00-1.03021E+05-9.64327E-01 1.06835E+00
 -1       198 3.78264E+00 9.95424E+00 8.99630E-01-1.03435E+05-3.66241E-01-7.75225E-01
 -1       199 1.33243E+01 1.25299E+00 4.77803E+00-1.03173E+05-4.23233E+00-6.07618E+00
 -1       200 4.07577E+00 6.16152E-01-2.45241E+00-1.03267E+05 4.48875E-01 2.33557E+00
 -1       201-1.04292E+01-1.02966E+01 1.33517E+00-1.03199E+05-8.51968E-01 7.12035E-01
 -1       202-6.03059E+00 2.96928E+00-1.68737E+00-1.03582E+05-5.33033E-01 3.09676E+00
 -1       203-7.65017E+00-4.14010E+00-6.45206E+00-1.03655E+05-8.98007E-01 6.55499E-01
 -3
    1PSTEP                         3           1           1          
  100CL  101 1.000000000         203                     0    1           1
 -4  TOSTRAIN    6    1
 -5  EXX         1    4    1    1
 -5  EYY         1    4    2    2
 -5  EZZ         1    4    3    3
 -5  EXY         1    4    1    2
 -5  EYZ         1    4    2    3
 -5  EZX         1    4    3    1
 -1         1 1.23919E-05 6.86724E-11 6.44604E-11-9.83942E-07 2.56750E-12 1.64469E-06
 -1         2-1.23920E-05-6.86717E-11-6.44594E-11-9.83908E-07 2.56745E-12-1.64483E-06
 -1         3-8.33073E-08 1.23122E-07-1.23517E-08-2.06249E-07-7.13801E-10 4.97944E-09
 -1         4 8.32465E-08-1.23137E-07 1.23427E-08-2.06299E-07-8.29971E-10-5.09960E-09
 -1         5-8.33614E-08 1.23207E-07-1.23687E-08-2.06355E-07 7.40749E-10-5.09753E-09
 -1         6 8.33244E-08-1.23113E-07 1.23317E-08-2.06305E-07 7.46982E-10 5.09715E-09
 -1         7-1.23919E-05-6.86715E-11-6.44595E-11-9.83931E-07-2.56835E-12 1.64468E-06
 -1         8 1.23920E-05 6.86721E-11 6.44603E-11-9.83924E-07-2.56825E-12-1.64482E-06
 -1         9-3.88735E-12 3.90435E-16 2.85037E-16 6.10720E-07 2.56568E-12-2.91947E-11
 -1        10 6.13309E-06-7.26317E-11-7.39272E-11-4.07830E-08 2.56730E-12 8.22106E-07
 -1        11-6.13316E-06 7.26310E-11 7.39262E-11-4.07658E-08 2.56748E-12-8.22202E-07
 -1        12-1.32930E-05 3.94731E-06 3.20714E-06 1.24860E-07-3.45656E-07 3.74798E-07
 -1        13-1.14230E-05 3.03320E-06 3.15914E-06-1.62704E-07 5.27544E-08 3.57794E-08
 -1        14-1.00096E-05 2.83725E-06 2.79560E-06-1.97103E-07-1.70608E-08 7.64391E-09
 -1        15-8.57014E-06 2.38945E-06 2.39992E-06-1.93893E-07 4.05274E-09 5.53991E-09
 -1        16-7.14295E-06 2.00261E-06 1.99980E-06-1.96516E-07-1.05844E-09 4.58164E-09
 -1        17-5.71407E-06 1.59932E-06 1.59989E-06-1.95632E-07 2.50706E-10 4.83085E-09
 -1        18-4.28580E-06 1.20015E-06 1.19991E-06-1.96072E-07-1.57443E-10 4.78873E-09
 -1        19-2.85611E-06 8.01809E-07 7.99668E-07-1.93449E-07 1.82812E-10 4.14005E-09
 -1        20-1.42456E-06 4.09493E-07 3.95130E-07-1.88366E-07-1.91898E-09 3.31260E-09
 -1        21-1.31110E-05 3.16496E-06 4.09139E-06-4.40286E-07 4.49117E-07-3.94309E-07
 -1        22-1.21320E-05 3.62252E-06 3.43490E-06-1.61086E-08-8.35514E-08-1.08269E-08
 -1        23-1.06969E-05 2.94812E-06 3.00123E-06-3.22408E-08 2.37731E-08-5.41977E-10
 -1        24-9.29016E-06 2.61412E-06 2.60067E-06-2.83310E-08-5.82046E-09 4.52119E-09
 -1        25-7.85585E-06 2.19649E-06 2.20011E-06-2.72668E-08 1.55155E-09 4.84855E-09
 -1        26-6.42911E-06 1.80094E-06 1.79999E-06-2.78145E-08-3.90151E-10 4.69478E-09
 -1        27-5.00000E-06 1.39987E-06 1.39997E-06-2.76891E-08 5.36402E-11 4.83300E-09
 -1        28-3.57204E-06 1.00002E-06 1.00030E-06-2.72368E-08 1.64590E-10 4.53467E-09
 -1        29-2.14221E-06 5.99136E-07 5.99110E-07-3.08720E-08-4.16325E-10 6.09905E-09
 -1        30-7.30758E-07 1.90223E-07 2.10438E-07-2.70128E-08 3.46685E-09 1.67127E-09
 -1        31-2.90155E-11 3.24361E-11-5.72406E-12-6.38092E-07-1.27606E-08 1.84026E-11
 -1        32 3.08109E-08-1.10116E-07 2.18007E-08-4.33741E-07-6.79519E-09-4.77044E-09
 -1        33-3.08590E-08 1.10141E-07-2.18138E-08-4.33754E-07-6.73925E-09 4.73103E-09
 -1        34 1.32932E-05-3.94739E-06-3.20715E-06 1.24939E-07-3.45631E-07-3.74750E-07
 -1        35 1.14228E-05-3.03315E-06-3.15901E-06-1.62763E-07 5.27691E-08-3.57747E-08
 -1        36 1.00097E-05-2.83727E-06-2.79560E-06-1.97144E-07-1.70235E-08-7.67083E-09
 -1        37 8.57010E-06-2.38936E-06-2.39985E-06-1.93946E-07 4.08469E-09-5.43921E-09
 -1        38 7.14305E-06-2.00259E-06-1.99976E-06-1.96456E-07-1.18469E-09-4.66913E-09
 -1        39 5.71420E-06-1.59939E-06-1.59995E-06-1.95673E-07 3.19276E-10-4.76381E-09
 -1        40 4.28559E-06-1.20011E-06-1.19991E-06-1.96028E-07-1.87602E-10-4.86307E-09
 -1        41 2.85615E-06-8.01881E-07-7.99720E-07-1.93479E-07 2.00738E-10-4.09867E-09
 -1        42 1.42448E-06-4.09355E-07-3.95192E-07-1.88346E-07-1.80511E-09-3.31801E-09
 -1        43 1.31111E-05-3.16501E-06-4.09139E-06-4.40300E-07 4.49099E-07 3.94291E-07
 -1        44 1.21320E-05-3.62252E-06-3.43486E-06-1.60423E-08-8.35047E-08 1.08698E-08
 -1        45 1.06968E-05-2.94816E-06-3.00116E-06-3.23267E-08 2.38220E-08 4.99383E-10
 -1        46 9.29020E-06-2.61411E-06-2.60067E-06-2.83303E-08-5.77764E-09-4.46411E-09
 -1        47 7.85589E-06-2.19650E-06-2.20005E-06-2.72563E-08 1.48995E-09-4.85745E-09
 -1        48 6.42922E-06-1.80101E-06-1.80005E-06-2.78272E-08-3.54176E-10-4.69743E-09
 -1        49 4.99994E-06-1.39988E-06-1.40000E-06-2.76772E-08 1.07903E-10-4.81444E-09
 -1        50 3.57194E-06-1.00006E-06-1.00023E-06-2.72489E-08 1.26541E-10-4.55728E-09
 -1        51 2.14225E-06-5.99037E-07-5.99110E-07-3.09012E-08-4.03319E-10-6.08682E-09
 -1        52 7.30647E-07-1.90117E-07-2.10503E-07-2.69955E-08 3.45784E-09-1.71349E-09
 -1        53-8.64443E-08 1.32802E-07-1.23514E-08-1.81823E-07 1.35845E-11-5.57678E-11
 -1        54 6.78453E-11-3.08671E-11-2.44354E-11-6.38145E-07 1.27522E-08-3.22778E-11
 -1        55 3.08813E-08-1.10158E-07 2.17859E-08-4.33801E-07 6.74918E-09 4.75064E-09
 -1        56-3.08273E-08 1.10174E-07-2.18316E-08-4.33802E-07 6.74495E-09-4.78397E-09
 -1        57 8.63948E-08-1.32791E-07 1.23284E-08-1.81844E-07-4.19774E-11 8.39273E-14
 -1        58-1.42438E-06 4.09338E-07 3.95218E-07-1.88451E-07 1.79275E-09-3.29506E-09
 -1        59-2.85631E-06 8.01879E-07 7.99732E-07-1.93390E-07-2.05751E-10-4.10821E-09
 -1        60-4.28565E-06 1.20019E-06 1.19992E-06-1.96140E-07 1.53013E-10-4.78536E-09
 -1        61-5.71414E-06 1.59931E-06 1.60001E-06-1.95717E-07-2.64088E-10-4.72634E-09
 -1        62-7.14298E-06 2.00267E-06 1.99971E-06-1.96490E-07 1.12100E-09-4.63417E-09
 -1        63-8.57004E-06 2.38935E-06 2.39990E-06-1.93883E-07-4.09533E-09-5.47244E-09
 -1        64-1.00098E-05 2.83719E-06 2.79563E-06-1.97211E-07 1.71444E-08-7.58761E-09
 -1        65-1.14228E-05 3.03308E-06 3.15904E-06-1.62705E-07-5.27899E-08-3.58636E-08
 -1        66-1.32932E-05 3.94735E-06 3.20715E-06 1.24882E-07 3.45673E-07-3.74771E-07
 -1        67-7.30684E-07 1.90108E-07 2.10473E-07-2.71011E-08-3.44605E-09-1.67838E-09
 -1        68-2.14223E-06 5.98998E-07 5.99186E-07-3.08391E-08 4.03423E-10-6.05508E-09
 -1        69-3.57207E-06 9.99988E-07 1.00033E-06-2.72863E-08-1.17641E-10-4.53659E-09
 -1        70-4.99995E-06 1.39980E-06 1.40004E-06-2.77828E-08-5.58031E-11-4.83324E-09
 -1        71-6.42917E-06 1.80100E-06 1.80001E-06-2.78022E-08 4.13117E-10-4.62173E-09
 -1        72-7.85576E-06 2.19644E-06 2.20005E-06-2.72935E-08-1.49794E-09-4.88566E-09
 -1        73-9.29027E-06 2.61409E-06 2.60067E-06-2.83381E-08 5.81927E-09-4.44239E-09
 -1        74-1.06968E-05 2.94812E-06 3.00120E-06-3.23254E-08-2.37583E-08 5.29224E-10
 -1        75-1.21320E-05 3.62248E-06 3.43486E-06-1.60785E-08 8.35409E-08 1.08215E-08
 -1        76-1.31110E-05 3.16505E-06 4.09140E-06-4.40297E-07-4.49096E-07 3.94286E-07
 -1        77 1.24042E-10 3.07540E-16 3.06420E-16 6.10774E-07-2.56625E-12-7.51451E-11
 -1        78 6.13324E-06-7.26320E-11-7.39272E-11-4.07464E-08-2.56645E-12-8.22214E-07
 -1        79-6.13304E-06 7.26312E-11 7.39262E-11-4.07491E-08-2.56648E-12 8.22077E-07
 -1        80 1.42451E-06-4.09441E-07-3.95161E-07-1.88389E-07 1.89418E-09 3.33680E-09
 -1        81 2.85607E-06-8.01839E-07-7.99716E-07-1.93473E-07-1.87787E-10 4.10051E-09
 -1        82 4.28567E-06-1.20013E-06-1.19992E-06-1.96180E-07 1.38392E-10 4.84502E-09
 -1        83 5.71415E-06-1.59931E-06-1.60006E-06-1.95674E-07-4.11342E-10 4.77296E-09
 -1        84 7.14312E-06-2.00268E-06-1.99978E-06-1.96441E-07 1.17280E-09 4.62980E-09
 -1        85 8.57010E-06-2.38944E-06-2.39981E-06-1.93887E-07-4.01826E-09 5.39544E-09
 -1        86 1.00096E-05-2.83707E-06-2.79556E-06-1.97174E-07 1.69800E-08 7.69309E-09
 -1        87 1.14229E-05-3.03312E-06-3.15904E-06-1.62725E-07-5.27710E-08 3.58388E-08
 -1        88 1.32930E-05-3.94732E-06-3.20716E-06 1.24868E-07 3.45623E-07 3.74762E-07
 -1        89 7.30743E-07-1.90163E-07-2.10493E-07-2.70372E-08-3.46006E-09 1.72434E-09
 -1        90 2.14219E-06-5.99071E-07-5.99093E-07-3.08596E-08 4.38526E-10 6.09981E-09
 -1        91 3.57196E-06-9.99919E-07-1.00024E-06-2.72937E-08-7.77501E-11 4.53656E-09
 -1        92 4.99996E-06-1.39971E-06-1.40006E-06-2.77720E-08-9.64195E-11 4.88720E-09
 -1        93 6.42919E-06-1.80094E-06-1.80011E-06-2.77828E-08 3.99728E-10 4.64668E-09
 -1        94 7.85596E-06-2.19652E-06-2.20004E-06-2.73069E-08-1.46540E-09 4.81789E-09
 -1        95 9.29008E-06-2.61414E-06-2.60063E-06-2.83421E-08 5.75443E-09 4.48972E-09
 -1        96 1.06969E-05-2.94804E-06-3.00116E-06-3.22750E-08-2.38113E-08-5.25516E-10
 -1        97 1.21320E-05-3.62247E-06-3.43488E-06-1.61158E-08 8.35268E-08-1.08101E-08
 -1        98 1.31111E-05-3.16503E-06-4.09139E-06-4.40321E-07-4.49101E-07-3.94331E-07
 -1        99-1.23892E-05 6.83191E-11 7.48198E-11-1.12761E-06 4.01596E-16-7.95949E-11
 -1       100 1.23892E-05-6.83199E-11-7.48206E-11-1.12762E-06 3.93271E-16-6.02137E-11
 -1       101 6.94334E-11-3.82247E-11-9.70320E-12-7.14006E-07-3.46226E-07-2.70843E-11
 -1       102-8.44823E-11 5.39379E-11 1.77094E-11-6.72593E-07 5.58193E-08-2.47513E-11
 -1       103-2.66467E-11-2.87940E-11 4.16308E-12-6.47942E-07-1.74979E-08 5.65268E-12
 -1       104 3.11418E-12-1.10763E-11 3.06752E-13-6.55115E-07 4.06179E-09 4.13705E-11
 -1       105 6.76332E-11-2.89918E-11 3.78483E-12-6.52400E-07-1.06691E-09-4.85154E-11
 -1       106 4.84239E-11 5.11339E-11-4.11754E-11-6.53302E-07 2.50692E-10-1.09130E-11
 -1       107-1.10755E-10 5.70806E-11 4.64371E-11-6.52801E-07-6.25591E-11-4.98197E-12
 -1       108 3.14707E-11 2.00639E-11-3.26940E-11-6.55248E-07-2.00816E-10 1.94720E-11
 -1       109-5.28620E-11-1.01225E-10 3.20316E-11-6.55410E-07 6.95467E-11 1.84716E-11
 -1       110 6.62060E-06-1.61386E-06-1.60184E-06-2.49033E-07-3.45923E-07-1.87251E-07
 -1       111 4.39488E-11-2.65988E-11-5.32695E-11-2.90025E-07 4.48848E-07-1.05907E-11
 -1       112 5.71853E-06-1.57584E-06-1.58149E-06-4.45712E-07 5.42707E-08-1.77787E-08
 -1       113-2.07207E-11 1.83869E-11 1.89846E-11-4.90454E-07-8.22920E-08-1.55623E-11
 -1       114 5.00593E-06-1.39987E-06-1.39798E-06-4.30910E-07-1.72576E-08-3.96837E-09
 -1       115-6.60847E-11-1.65888E-11 1.50744E-11-4.86857E-07 2.51210E-08-2.99363E-11
 -1       116 4.28483E-06-1.19929E-06-1.19981E-06-4.38159E-07 4.08389E-09-2.69464E-09
 -1       117 3.36186E-11-2.81598E-11 1.06384E-11-4.82861E-07-5.99479E-09 6.04718E-11
 -1       118 3.57202E-06-1.00019E-06-1.00009E-06-4.36687E-07-1.10565E-09-2.35915E-09
 -1       119 1.00058E-11-4.49010E-11 2.08412E-11-4.85475E-07 1.52197E-09 2.98004E-12
 -1       120 2.85728E-06-8.00009E-07-7.99972E-07-4.37068E-07 2.54580E-10-2.39241E-09
 -1       121 4.46849E-11-4.45092E-12-9.70045E-12-4.84601E-07-3.72061E-10-2.68133E-11
 -1       122 2.14271E-06-6.00058E-07-6.00041E-07-4.36926E-07-1.21134E-10-2.41356E-09
 -1       123-2.33339E-11 5.65341E-11 5.72231E-15-4.84715E-07 6.24903E-11-2.73165E-11
 -1       124 1.42885E-06-4.01373E-07-3.99569E-07-4.36959E-07 1.27701E-12-1.92088E-09
 -1       125-4.97299E-11 2.85121E-11-1.95617E-11-4.85352E-07-5.02127E-11 1.44536E-11
 -1       126 7.07757E-07-2.11868E-07-1.99747E-07-4.34015E-07-8.69587E-10-2.60007E-09
 -1       127 1.12809E-11-7.63733E-12-1.80595E-13-4.81434E-07 3.39055E-10 3.96510E-11
 -1       128-5.47953E-11-1.24016E-11 5.85216E-11-4.91627E-07-1.58221E-09 2.85372E-12
 -1       129-6.62043E-06 1.61378E-06 1.60184E-06-2.49038E-07-3.45944E-07 1.87263E-07
 -1       130-5.71871E-06 1.57591E-06 1.58156E-06-4.45680E-07 5.42931E-08 1.77639E-08
 -1       131-5.00594E-06 1.39983E-06 1.39796E-06-4.30915E-07-1.73001E-08 3.92541E-09
 -1       132-4.28486E-06 1.19932E-06 1.19982E-06-4.38122E-07 4.05442E-09 2.79745E-09
 -1       133-3.57189E-06 1.00017E-06 1.00008E-06-4.36680E-07-1.07737E-09 2.27062E-09
 -1       134-2.85717E-06 8.00024E-07 7.99956E-07-4.37095E-07 2.70191E-10 2.38061E-09
 -1       135-2.14293E-06 6.00138E-07 6.00049E-07-4.36914E-07-1.16423E-10 2.40277E-09
 -1       136-1.42879E-06 4.01357E-07 3.99520E-07-4.36966E-07-9.53003E-12 1.94911E-09
 -1       137-7.07853E-07 2.11836E-07 1.99757E-07-4.34028E-07-9.29271E-10 2.61222E-09
 -1       138 1.35069E-11-1.33662E-11-1.50798E-11-6.10941E-07-4.39395E-12-9.29337E-12
 -1       139 8.90496E-12 9.77271E-11-6.20394E-11-6.55398E-07-8.40525E-11-1.28631E-11
 -1       140-1.02530E-10 3.46642E-11 2.47864E-11-6.55250E-07 1.90539E-10 1.61155E-11
 -1       141 2.75747E-11-1.38525E-10 2.15470E-11-6.52722E-07 5.12171E-11 1.40047E-11
 -1       142-4.90654E-12-7.26262E-11 5.30860E-12-6.53267E-07-2.59605E-10 3.86357E-11
 -1       143 6.17716E-11 2.32083E-11 2.84842E-12-6.52463E-07 1.01973E-09-2.32051E-11
 -1       144 7.59433E-12 7.99694E-11-2.83709E-11-6.55143E-07-4.06182E-09-5.09140E-11
 -1       145-7.32383E-11-2.59180E-11 6.17443E-12-6.47903E-07 1.74865E-08 7.45997E-12
 -1       146 5.48859E-11-4.01058E-11-1.38452E-11-6.72579E-07-5.58218E-08 6.34531E-11
 -1       147-8.13937E-11 6.27122E-12 2.94378E-11-7.13959E-07 3.46196E-07-5.81509E-12
 -1       148 7.07805E-07-2.11819E-07-1.99778E-07-4.34032E-07 9.11495E-10 2.62477E-09
 -1       149 5.16266E-11 8.31144E-12 2.13043E-12-4.91667E-07 1.57139E-09-2.60885E-11
 -1       150 1.42872E-06-4.01348E-07-3.99539E-07-4.36966E-07 6.09069E-12 1.91641E-09
 -1       151-5.97052E-11 4.52333E-11-1.84760E-11-4.81399E-07-3.69776E-10 5.35010E-12
 -1       152 2.14282E-06-6.00193E-07-6.00058E-07-4.36930E-07 7.04804E-11 2.48205E-09
 -1       153-2.99197E-11-4.29586E-11-3.26648E-12-4.85345E-07-5.74528E-12 1.42770E-11
 -1       154 2.85725E-06-8.00052E-07-8.00004E-07-4.37085E-07-3.40529E-10 2.41060E-09
 -1       155 9.08783E-12-7.65407E-11 1.08027E-11-4.84642E-07-1.40412E-10 2.59990E-11
 -1       156 3.57205E-06-1.00023E-06-1.00010E-06-4.36713E-07 1.09685E-09 2.28743E-09
 -1       157-5.20962E-12 3.50845E-12 1.30734E-11-4.84574E-07 3.71817E-10 8.98533E-12
 -1       158 4.28483E-06-1.19925E-06-1.19980E-06-4.38108E-07-4.02747E-09 2.66940E-09
 -1       159 1.27279E-10 3.51026E-11 6.03420E-12-4.85549E-07-1.57043E-09-2.59585E-11
 -1       160 5.00586E-06-1.39978E-06-1.39796E-06-4.30941E-07 1.72273E-08 3.97501E-09
 -1       161-1.27421E-10-5.71633E-12-2.69481E-12-4.82826E-07 6.03208E-09 7.88192E-12
 -1       162 5.71866E-06-1.57590E-06-1.58152E-06-4.45686E-07-5.43154E-08 1.78302E-08
 -1       163 2.14955E-11-1.41470E-11 3.02780E-13-4.86847E-07-2.50708E-08 1.88143E-11
 -1       164 6.62044E-06-1.61379E-06-1.60182E-06-2.49027E-07 3.45919E-07 1.87282E-07
 -1       165-1.35588E-12-1.34303E-11 2.27779E-11-4.90432E-07 8.22852E-08 2.42251E-11
 -1       166 8.72508E-12 3.83554E-12-3.36990E-11-2.89993E-07-4.48793E-07-1.34595E-11
 -1       167-7.07734E-07 2.11865E-07 1.99754E-07-4.34063E-07 8.41559E-10-2.62188E-09
 -1       168-1.42896E-06 4.01403E-07 3.99581E-07-4.36930E-07-1.15325E-11-1.90990E-09
 -1       169-2.14277E-06 6.00086E-07 6.00039E-07-4.36937E-07 1.23964E-10-2.41273E-09
 -1       170-2.85724E-06 7.99977E-07 8.00039E-07-4.37088E-07-2.67702E-10-2.38384E-09
 -1       171-3.57193E-06 1.00025E-06 1.00004E-06-4.36701E-07 1.07524E-09-2.29921E-09
 -1       172-4.28479E-06 1.19928E-06 1.19979E-06-4.38160E-07-4.08334E-09-2.74885E-09
 -1       173-5.00603E-06 1.39981E-06 1.39798E-06-4.30908E-07 1.73038E-08-3.95212E-09
 -1       174-5.71856E-06 1.57584E-06 1.58150E-06-4.45679E-07-5.43041E-08-1.77764E-08
 -1       175-6.62058E-06 1.61381E-06 1.60187E-06-2.49026E-07 3.45928E-07-1.87279E-07
 -1       176 6.14136E-11-3.60323E-16-6.14471E-16 4.67448E-07 5.25455E-16-5.33954E-11
 -1       177 1.32996E-05-3.94905E-06-3.20730E-06 7.56338E-08-1.30935E-12 6.45265E-12
 -1       178 1.14306E-05-3.03292E-06-3.15917E-06-1.23946E-07-9.51187E-13 3.13822E-11
 -1       179 1.00098E-05-2.83696E-06-2.79571E-06-1.77251E-07-2.37481E-11 9.91771E-12
 -1       180 8.57053E-06-2.38972E-06-2.39994E-06-1.69282E-07 2.85579E-11-2.11196E-11
 -1       181 7.14344E-06-2.00266E-06-1.99986E-06-1.72860E-07-5.04665E-12-1.72344E-11
 -1       182 5.71440E-06-1.59944E-06-1.60008E-06-1.71827E-07-3.62733E-11 4.49163E-12
 -1       183 4.28590E-06-1.20017E-06-1.19997E-06-1.72383E-07-2.55412E-11-1.07928E-11
 -1       184 2.85598E-06-8.02034E-07-7.99754E-07-1.69435E-07 9.84537E-12 2.80142E-13
 -1       185 1.42575E-06-4.08223E-07-3.95194E-07-1.65965E-07 3.67158E-11 9.62383E-12
 -1       186-1.32995E-05 3.94903E-06 3.20729E-06 7.55965E-08 7.00772E-12 1.50114E-11
 -1       187-1.14307E-05 3.03293E-06 3.15923E-06-1.23943E-07-2.17182E-11-4.22660E-11
 -1       188-1.00099E-05 2.83708E-06 2.79574E-06-1.77231E-07 4.33650E-11 2.70563E-11
 -1       189-8.57052E-06 2.38972E-06 2.40002E-06-1.69241E-07-2.10678E-11 3.55012E-11
 -1       190-7.14333E-06 2.00263E-06 1.99984E-06-1.72909E-07 2.59688E-11-2.85412E-11
 -1       191-5.71433E-06 1.59942E-06 1.60002E-06-1.71852E-07-2.06560E-12 5.08273E-11
 -1       192-4.28600E-06 1.20023E-06 1.19997E-06-1.72377E-07-3.22982E-13 2.56553E-12
 -1       193-2.85609E-06 8.02012E-07 7.99736E-07-1.69379E-07-1.10608E-11 1.46314E-11
 -1       194-1.42573E-06 4.08242E-07 3.95192E-07-1.65979E-07-5.17391E-11 1.00326E-11
 -1       195-1.18680E-11-1.18942E-11 9.86743E-12-7.63300E-07-1.41199E-11-1.59568E-11
 -1       196-1.55713E-11 1.15003E-11 1.93318E-12-6.34038E-07-3.19602E-12 1.99313E-11
 -1       197-3.79785E-11 5.53685E-12 5.16931E-12-6.27935E-07-5.87780E-12 6.51182E-12
 -1       198 3.54075E-12 4.11581E-11-1.40319E-11-6.30461E-07-2.23233E-12-4.72518E-12
 -1       199 5.54077E-11-1.81698E-11 3.31615E-12-6.28864E-07-2.57971E-11-3.70357E-11
 -1       200 2.18568E-11 7.69570E-13-1.79340E-11-6.29438E-07 2.73600E-12 1.42359E-11
 -1       201-3.77144E-11-3.69058E-11 3.39923E-11-6.29023E-07-5.19295E-12 4.34003E-12
 -1       202-3.04263E-11 2.44300E-11-3.95334E-12-6.31357E-07-3.24896E-12 1.88755E-11
 -1       203-2.23065E-11-9.11760E-13-1.50037E-11-6.31800E-07-5.47357E-12 3.99543E-12
 -3
    1PSTEP                         4           1           1          
  100CL  101 1.000000000         203                     0    1           1
 -4  FORC        4    1
 -5  F1          1    2    1    0
 -5  F2          1    2    2    0
 -5  F3          1    2    3    0
 -5  ALL         1    2    0    0    1ALL
 -1         1 2.22941E+02 1.14568E+03-5.83479E+02
 -1         2-2.22918E+02 1.14567E+03 5.83489E+02
 -1         3-5.85476E-04 4.16272E+01-7.22220E-03
 -1         4 3.89007E-03 4.16347E+01 5.66169E-03
 -1         5 2.65740E-03 4.16362E+01 8.40108E-04
 -1         6 5.48107E-03 4.16260E+01-4.45375E-03
 -1         7-2.22934E+02 1.14565E+03-5.83441E+02
 -1         8 2.22921E+02 1.14567E+03 5.83474E+02
 -1         9-2.94986E-03 1.16157E+03 1.01278E-02
 -1        10-4.34965E+03-1.98108E+03-1.11189E+03
 -1        11 4.34967E+03-1.98108E+03 1.11193E+03
 -1        12 4.12604E-04-4.75212E-03-2.89755E-03
 -1        13 1.75219E-02 4.98834E-03-9.83243E-03
 -1        14 3.25576E-02 9.92940E-03 2.22670E-03
 -1        15 2.64462E-02 2.49026E-03-2.10284E-02
 -1        16 3.54117E-02 1.98394E-02-3.86412E-02
 -1        17-1.81177E-02 1.38162E-02 3.45379E-02
 -1        18-2.06493E-03-3.79749E-02-7.27943E-03
 -1        19 3.34414E-02-3.26253E-02-2.98449E-02
 -1        20 3.80971E-02-6.65779E-02 1.97784E-02
 -1        21 1.72678E-02 1.31628E-02-2.24550E-02
 -1        22-5.83997E-03-1.28520E-02 4.34876E-03
 -1        23-2.57555E-03-3.21475E-02-3.01213E-02
 -1        24-6.49490E-02-4.74207E-03 1.83279E-02
 -1        25-4.48810E-02-1.35318E-02-2.92597E-03
 -1        26 3.15337E-02-1.81390E-02-4.60269E-03
 -1        27 3.60295E-02-3.30545E-02 3.02363E-02
 -1        28-1.53287E-02-2.62770E-03 5.18418E-03
 -1        29-7.26423E-02-1.78095E-02 1.72050E-02
 -1        30-1.67102E-03 1.94732E-02-9.33618E-05
 -1        31 3.13669E-03 8.32810E+01-5.66990E-03
 -1        32-7.41941E-03-1.66593E+02 2.94870E-02
 -1        33 1.19833E-03-1.66613E+02-5.31619E-03
 -1        34-1.47160E-03 7.63025E-04-6.09408E-03
 -1        35-2.51935E-02-2.67585E-02 1.50550E-02
 -1        36-1.31786E-02 1.06957E-02-1.56967E-02
 -1        37-1.07399E-02 2.98046E-02-1.22439E-02
 -1        38 2.07446E-02 4.28405E-02 2.43606E-02
 -1        39-3.08912E-02-5.10169E-02-5.12984E-03
 -1        40-2.61592E-02-3.20787E-02 2.57491E-02
 -1        41-3.22911E-02-2.41089E-02 4.14021E-02
 -1        42 6.06981E-03-3.51126E-02 2.22947E-02
 -1        43-3.83319E-02-1.86423E-02 9.95914E-03
 -1        44 4.33575E-02 8.28743E-04-2.63385E-03
 -1        45 2.88317E-03-2.67790E-02-9.26815E-03
 -1        46-1.26144E-02-1.89100E-02 2.06749E-02
 -1        47 7.57424E-03-3.34940E-02-5.22644E-02
 -1        48-1.66784E-02-9.69654E-03 1.70234E-02
 -1        49 4.04171E-02 7.37321E-03-1.94177E-02
 -1        50 2.00246E-02-1.71528E-02-2.29801E-02
 -1        51 2.30074E-05-1.06185E-02-1.84668E-02
 -1        52 1.77051E-02 2.54298E-02 2.78706E-02
 -1        53 1.46547E-03-1.66636E+02-1.72961E-02
 -1        54 1.63457E-02 8.32924E+01-6.15948E-03
 -1        55 1.68561E-03-1.66627E+02-1.70627E-02
 -1        56-1.35866E-02-1.66636E+02 1.49442E-02
 -1        57-3.03693E-02-1.66648E+02-2.06965E-02
 -1        58 4.57577E-02-4.68675E-02 1.37094E-02
 -1        59 2.02818E-02-2.90171E-02-1.39972E-02
 -1        60 2.91401E-02-6.67312E-02-4.67537E-03
 -1        61 2.76292E-02 1.02991E-02-6.45555E-03
 -1        62 2.64423E-02 2.16110E-02-3.97479E-02
 -1        63 9.86748E-03 2.77615E-02-3.00929E-02
 -1        64 6.67330E-02 4.60267E-02-2.41143E-02
 -1        65 1.17668E-02 2.55320E-02-1.24935E-02
 -1        66 3.58834E-03-3.62288E-03-5.76397E-03
 -1        67 2.05426E-02 2.36603E-02 1.41401E-02
 -1        68-6.81496E-02-8.62114E-05 5.21765E-02
 -1        69 2.17648E-02 5.37872E-02 9.24363E-03
 -1        70 5.33782E-04 2.46546E-03-2.84479E-03
 -1        71 3.58993E-02-3.71419E-03-1.18648E-02
 -1        72-1.57470E-02-4.52706E-03 1.64269E-02
 -1        73-2.71252E-02 1.08869E-02-3.00165E-02
 -1        74-7.49006E-03-3.31237E-02-1.29763E-02
 -1        75-2.69577E-02-1.20431E-02 3.01668E-02
 -1        76 1.87697E-02 6.00058E-03-2.67297E-02
 -1        77-3.65721E-02 1.16156E+03 3.06786E-02
 -1        78-4.34969E+03-1.98106E+03 1.11193E+03
 -1        79 4.34960E+03-1.98105E+03-1.11192E+03
 -1        80-1.09951E-02-3.92096E-02 2.45806E-02
 -1        81-4.95668E-02-1.57136E-02 8.79257E-03
 -1        82-8.98537E-02 1.05550E-02 3.75920E-02
 -1        83-5.48529E-02-2.16263E-02-5.53688E-03
 -1        84 3.84908E-02 8.68870E-03 2.76303E-02
 -1        85-2.47258E-02 1.36524E-02 4.04905E-02
 -1        86-3.70780E-03 5.31794E-02-8.81836E-03
 -1        87-1.54000E-02 4.49934E-03-1.17256E-03
 -1        88-3.26262E-02-2.53386E-03-1.44509E-02
 -1        89 7.21258E-03 2.69768E-02-3.22363E-02
 -1        90 2.50388E-02 1.75333E-02 2.35467E-02
 -1        91 4.58020E-02 1.54624E-02 3.54128E-03
 -1        92 1.02552E-01 1.92274E-03-4.72636E-02
 -1        93-4.41654E-02 1.72208E-02-2.46199E-02
 -1        94-4.34040E-02 3.36795E-02 2.29971E-02
 -1        95 2.07955E-02-5.54528E-02 1.84503E-02
 -1        96-1.26684E-02-2.01356E-04 1.49477E-02
 -1        97 7.13862E-02 9.95599E-03 5.00124E-03
 -1        98-2.72851E-02-3.40049E-03 4.42775E-03
 -1        99 6.09616E+03 1.63366E+03-3.17641E-02
 -1       100-6.09621E+03 1.63366E+03 1.04044E-02
 -1       101 8.88156E-03 1.58493E-02 1.07098E-02
 -1       102 1.76499E-02-2.04163E-02 1.67996E-02
 -1       103-1.53941E-03 1.33891E-02-3.54259E-02
 -1       104 1.96742E-02 3.18458E-03-8.80870E-03
 -1       105 5.46891E-02 4.40025E-02 1.20970E-02
 -1       106-3.73717E-02-5.49525E-02 9.23367E-03
 -1       107-3.76470E-03-8.74900E-02-3.30917E-02
 -1       108-2.36895E-02-5.11554E-02 1.62534E-03
 -1       109 1.31932E-02-2.92847E-03 3.90263E-02
 -1       110-2.34404E-02-6.94189E-02-4.19579E-02
 -1       111 5.43109E-02-3.45524E-02 5.30160E-02
 -1       112 1.14760E-04 5.45699E-02-2.35907E-03
 -1       113-1.09707E-02 4.33739E-03-5.74354E-02
 -1       114-3.69308E-03-7.98449E-02 2.64641E-02
 -1       115 4.69059E-02-7.98903E-05 5.27116E-03
 -1       116 1.16022E-02-6.45393E-02 1.19080E-02
 -1       117-8.94304E-02 1.63417E-02 1.00816E-02
 -1       118 1.34212E-02-1.34299E-02-2.29667E-02
 -1       119-1.28951E-02 6.29391E-02-3.48074E-02
 -1       120 6.58165E-02 8.76625E-02-7.63304E-02
 -1       121 2.46722E-02-2.72071E-02-3.86509E-02
 -1       122-2.05606E-02 8.32355E-02 2.56712E-02
 -1       123 6.00647E-02 1.03194E-01-7.60094E-03
 -1       124-1.19402E-02 3.29599E-02-3.32914E-03
 -1       125-2.69113E-02 2.63234E-02 6.44784E-02
 -1       126-3.00976E-02-1.95497E-02-2.03943E-02
 -1       127-1.71830E-02 5.42795E-02 9.67907E-04
 -1       128-2.77471E-02 2.60404E-02-2.41136E-02
 -1       129 7.42720E-03-7.38716E-03-7.10826E-03
 -1       130 3.07488E-02 2.19577E-02-4.48700E-02
 -1       131-2.81564E-02 1.93680E-02-1.66143E-02
 -1       132-5.86669E-02-7.42288E-03-1.23945E-02
 -1       133-4.42930E-02-4.33638E-03 3.27542E-02
 -1       134 4.58268E-02 3.35539E-04 1.91115E-02
 -1       135-1.38235E-03 6.92998E-02 6.71032E-02
 -1       136-3.06060E-02 2.62399E-02 1.15740E-03
 -1       137 3.67537E-02 1.56330E-01-3.06427E-02
 -1       138-7.28009E-03-3.33391E+02-1.64605E-04
 -1       139-1.25777E-02 6.02619E-03 3.22811E-03
 -1       140-2.44825E-02-6.84859E-02-1.00545E-02
 -1       141-4.15621E-02-5.58689E-02-6.10375E-03
 -1       142-1.43138E-02-3.43740E-02 5.18350E-03
 -1       143 6.27394E-02 1.10406E-02 2.04097E-02
 -1       144-7.01506E-02-2.95564E-02-1.40957E-02
 -1       145 5.20626E-02 3.75962E-02-4.22091E-02
 -1       146 3.17770E-02 3.69084E-02-2.26293E-02
 -1       147-3.87583E-02-6.64401E-03 2.34472E-03
 -1       148-3.24760E-02 8.99608E-02-5.00064E-02
 -1       149-3.33095E-02 6.63049E-03 3.15005E-02
 -1       150 3.34642E-02 2.11544E-02-7.13202E-02
 -1       151 2.52135E-02-1.00116E-03-8.91265E-03
 -1       152 1.59827E-01-9.93249E-02-3.80195E-02
 -1       153 4.17936E-02-7.07390E-02-3.47225E-02
 -1       154 8.56556E-02-5.35117E-02 8.09015E-04
 -1       155 6.41084E-02-6.33882E-02-6.36054E-04
 -1       156-5.93634E-02 2.04858E-02-3.37619E-02
 -1       157-7.42743E-03-7.45471E-03-5.54468E-03
 -1       158-7.73529E-02 5.80044E-02-1.10467E-03
 -1       159-2.63052E-02 9.62675E-04 5.75572E-02
 -1       160 6.60696E-02-1.65373E-01 9.05893E-03
 -1       161 1.89472E-02 5.83877E-02-3.35085E-02
 -1       162 4.28242E-02-6.88976E-02 3.98601E-02
 -1       163 4.10982E-03 5.10541E-02 4.54323E-02
 -1       164 5.77428E-02-4.46226E-02 2.19708E-03
 -1       165 9.62815E-03-2.75229E-02 2.06978E-02
 -1       166 6.14409E-02 8.15856E-02-6.39679E-02
 -1       167-1.50753E-02 9.17950E-03 2.65663E-02
 -1       168 3.75995E-02-9.23537E-03 8.13209E-03
 -1       169-4.37118E-02 1.51300E-01 1.39217E-02
 -1       170-4.50668E-02 5.13103E-02 2.43396E-02
 -1       171-3.47114E-03-3.99098E-02 4.77946E-02
 -1       172-3.72772E-02-5.99652E-02 5.06313E-02
 -1       173-2.49739E-02-1.42182E-02-6.30503E-03
 -1       174-3.20439E-02-1.90428E-02 3.15779E-02
 -1       175-2.35961E-02-1.53751E-02-8.63663E-03
 -1       176 6.92599E-03-1.24884E+03-2.16346E-02
 -1       177 5.90050E-03 4.24179E-02 4.01112E-03
 -1       178 3.98249E-02 6.50611E-02-8.22555E-03
 -1       179-5.62285E-02 7.66306E-02-4.23675E-02
 -1       180 4.26510E-02-3.12432E-02 1.72662E-02
 -1       181-3.70098E-03-3.50392E-02-2.78164E-04
 -1       182 4.80159E-02 6.36172E-02-5.79897E-03
 -1       183 9.26898E-03 1.27965E-03-3.39160E-02
 -1       184 3.38087E-02 7.47424E-03-1.08954E-02
 -1       185 4.39395E-02-2.77063E-02 7.28975E-03
 -1       186 5.93386E-02 5.58539E-02 5.80075E-05
 -1       187-5.22300E-02-2.52086E-02 5.55597E-02
 -1       188-1.36060E-02-6.47243E-02-4.39509E-03
 -1       189-5.01198E-02-8.48110E-02 7.57525E-02
 -1       190-4.02014E-02-1.24900E-02 2.17763E-02
 -1       191 2.39128E-02-4.65816E-02-3.76154E-02
 -1       192-2.77966E-02 3.44295E-02-2.98644E-02
 -1       193-9.11997E-02 5.80187E-02-1.12259E-02
 -1       194-6.56047E-02-2.09770E-02 3.54418E-03
 -1       195 3.17271E-02-3.76184E-02-5.17099E-02
 -1       196-8.25468E-02 2.22813E-02 5.39174E-02
 -1       197 3.44681E-02 8.02922E-02 1.68960E-02
 -1       198 1.27227E-02 7.84801E-02 2.43584E-02
 -1       199 1.87034E-02 4.71906E-03-3.06881E-02
 -1       200-3.77805E-02 3.85857E-06 1.92659E-02
 -1       201-2.17870E-02 6.31552E-03 5.16604E-02
 -1       202 2.03014E-03 5.36105E-02-3.55495E-02
 -1       203 9.67871E-03-6.43865E-02-5.79162E-03
 -3
 9999
